09-27 15:24:54.380 I/AutoStartManagerService( 1851): MIUILOG- Reject RestartService packageName :com.yealink.uc.android uid : 10233
09-27 15:24:54.385 I/ActivityManager( 1851): Killing 15533:com.yealink.uc.android/u0a233 (adj 0): stop com.yealink.uc.android: SwipeUpClean
09-27 15:24:54.387 I/libprocessgroup( 1851): Killing pid 15634 in uid 10233 as part of process group 15533
09-27 15:24:54.388 I/AutoStartManagerService( 1851): MIUILOG- Reject RestartService packageName :com.yealink.uc.android uid : 10233
09-27 15:24:54.388 I/AutoStartManagerService( 1851): MIUILOG- Reject RestartService packageName :com.yealink.uc.android uid : 10233
09-27 15:24:54.388 I/AutoStartManagerService( 1851): MIUILOG- Reject RestartService packageName :com.yealink.uc.android uid : 10233
09-27 15:24:54.389 I/AutoStartManagerService( 1851): MIUILOG- Reject RestartService packageName :com.yealink.uc.android uid : 10233
09-27 15:24:54.394 I/ActivityManager( 1851): Killing 15597:com.yealink.uc.android:watch/u0a233 (adj 0): stop com.yealink.uc.android: SwipeUpClean
09-27 15:24:54.396 I/AutoStartManagerService( 1851): MIUILOG- Reject RestartService packageName :com.yealink.uc.android uid : 10233
09-27 15:24:54.413 W/BroadcastQueueInjector( 1851): Unable to launch app com.yealink.videophone/10221 for broadcast Intent { act=android.intent.action.PACKAGE_RESTARTED dat=package:com.yealink.uc.android flg=0x10 (has extras) }: process is not permitted to  auto start
09-27 15:24:54.681 I/ActivityManager( 1851): START u0 {act=android.intent.action.MAIN cat=[android.intent.category.HOME] flg=0x10200000 cmp=com.miui.home/.launcher.Launcher} from uid 1000 on display 0
09-27 15:24:57.745 E/NetlinkEvent(  289): NetlinkEvent::FindParam(): Parameter 'TIME_NS' not found
09-27 15:24:57.746 E/NetlinkEvent(  289): NetlinkEvent::FindParam(): Parameter 'UID' not found
09-27 15:25:08.009 I/ActivityManager( 1851): Force stopping com.yealink.uc.android appid=10233 user=0: from process:16059
09-27 15:25:08.009 I/AutoStartManagerService( 1851): MIUILOG- Reject RestartService packageName :com.yealink.uc.android uid : 10233
09-27 15:25:08.014 W/BroadcastQueueInjector( 1851): Unable to launch app com.yealink.videophone/10221 for broadcast Intent { act=android.intent.action.PACKAGE_RESTARTED dat=package:com.yealink.uc.android flg=0x10 (has extras) }: process is not permitted to  auto start
09-27 15:25:08.269 I/ActivityManager( 1851): START u0 {act=android.intent.action.MAIN cat=[android.intent.category.LAUNCHER] flg=0x10200000 cmp=com.yealink.uc.android/.StartActivity} from uid 2000 on display 0
09-27 15:25:08.325 I/ActivityManager( 1851): Start proc 16086:com.yealink.uc.android/u0a233 for activity com.yealink.uc.android/.StartActivity
09-27 15:25:08.477 E/NetlinkEvent(  289): NetlinkEvent::FindParam(): Parameter 'TIME_NS' not found
09-27 15:25:08.477 E/NetlinkEvent(  289): NetlinkEvent::FindParam(): Parameter 'UID' not found
09-27 15:25:08.736 I/ActivityManager( 1851): START u0 {cmp=com.yealink.uc.android/.login.WaitingActivity (has extras)} from uid 10233 on display 0
09-27 15:25:08.820 I/ActivityManager( 1851): Start proc 16143:com.yealink.uc.android:watch/u0a233 for service com.yealink.uc.android/com.yealink.common.daemon.WatchService
09-27 15:25:09.114 W/ActivityManager( 1851): Unable to start service Intent { act=com.google.android.gms.ads.identifier.service.START pkg=com.google.android.gms } U=0: not found
09-27 15:25:10.615 W/ActivityManager( 1851): Unbind failed: could not find connection for android.os.BinderProxy@d46f1cb
09-27 15:25:10.682 W/ActivityManager( 1851): Unable to start service Intent { act=com.google.android.gms.ads.identifier.service.START pkg=com.google.android.gms } U=0: not found
09-27 15:25:12.188 W/ActivityManager( 1851): Unbind failed: could not find connection for android.os.BinderProxy@95dd9c0
09-27 15:25:13.741 I/ActivityManager( 1851): START u0 {cmp=com.yealink.uc.android/.login.LoginActivity (has extras)} from uid 10233 on display 0
09-27 15:25:14.955 E/NetlinkEvent(  289): NetlinkEvent::FindParam(): Parameter 'TIME_NS' not found
09-27 15:25:14.955 E/NetlinkEvent(  289): NetlinkEvent::FindParam(): Parameter 'UID' not found
09-27 15:25:16.288 E/NetlinkEvent(  289): NetlinkEvent::FindParam(): Parameter 'TIME_NS' not found
09-27 15:25:16.288 E/NetlinkEvent(  289): NetlinkEvent::FindParam(): Parameter 'UID' not found
09-27 15:25:19.345 E/NetlinkEvent(  289): NetlinkEvent::FindParam(): Parameter 'TIME_NS' not found
09-27 15:25:19.345 E/NetlinkEvent(  289): NetlinkEvent::FindParam(): Parameter 'UID' not found
09-27 15:25:40.315 W/MiuiPerfServiceClient( 3565): interceptAndQueuing:16086|com.yealink.uc.android|170|92|unknown|null|com.yealink.uc.android-Pop272027052|92230115415509|Slow main thread|3
09-27 15:25:41.629 W/BaseMiuiPhoneWindowManager( 1851): keyCode:67 down:true eventTime:92231872 downTime:92231872 policyFlags:2b000000 flags:0 deviceId:-1 isScreenOn:true keyguardActive:false repeatCount:0
09-27 15:25:41.648 W/BaseMiuiPhoneWindowManager( 1851): keyCode:67 down:false eventTime:92231872 downTime:92231872 policyFlags:2b000000 flags:0 deviceId:-1 isScreenOn:true keyguardActive:false repeatCount:0
09-27 15:25:41.738 W/BaseMiuiPhoneWindowManager( 1851): keyCode:67 down:true eventTime:92231982 downTime:92231982 policyFlags:2b000000 flags:0 deviceId:-1 isScreenOn:true keyguardActive:false repeatCount:0
09-27 15:25:41.748 W/BaseMiuiPhoneWindowManager( 1851): keyCode:67 down:false eventTime:92231982 downTime:92231982 policyFlags:2b000000 flags:0 deviceId:-1 isScreenOn:true keyguardActive:false repeatCount:0
09-27 15:25:41.757 W/BaseMiuiPhoneWindowManager( 1851): keyCode:112 down:true eventTime:92232002 downTime:92232002 policyFlags:2b000000 flags:0 deviceId:-1 isScreenOn:true keyguardActive:false repeatCount:0
09-27 15:25:41.762 W/BaseMiuiPhoneWindowManager( 1851): keyCode:112 down:false eventTime:92232002 downTime:92232002 policyFlags:2b000000 flags:0 deviceId:-1 isScreenOn:true keyguardActive:false repeatCount:0
09-27 15:25:44.114 W/BaseMiuiPhoneWindowManager( 1851): keyCode:67 down:true eventTime:92234357 downTime:92234357 policyFlags:2b000000 flags:0 deviceId:-1 isScreenOn:true keyguardActive:false repeatCount:0
09-27 15:25:44.138 W/BaseMiuiPhoneWindowManager( 1851): keyCode:67 down:false eventTime:92234357 downTime:92234357 policyFlags:2b000000 flags:0 deviceId:-1 isScreenOn:true keyguardActive:false repeatCount:0
09-27 15:25:44.145 W/BaseMiuiPhoneWindowManager( 1851): keyCode:31 down:true eventTime:92234389 downTime:92234388 policyFlags:2b000000 flags:0 deviceId:-1 isScreenOn:true keyguardActive:false repeatCount:0
09-27 15:25:44.187 W/BaseMiuiPhoneWindowManager( 1851): keyCode:31 down:false eventTime:92234432 downTime:92234388 policyFlags:2b000000 flags:0 deviceId:-1 isScreenOn:true keyguardActive:false repeatCount:0
09-27 15:25:44.206 W/BaseMiuiPhoneWindowManager( 1851): keyCode:47 down:true eventTime:92234446 downTime:92234388 policyFlags:2b000000 flags:0 deviceId:-1 isScreenOn:true keyguardActive:false repeatCount:0
09-27 15:25:44.214 W/BaseMiuiPhoneWindowManager( 1851): keyCode:47 down:false eventTime:92234458 downTime:92234388 policyFlags:2b000000 flags:0 deviceId:-1 isScreenOn:true keyguardActive:false repeatCount:0
09-27 15:25:44.216 W/BaseMiuiPhoneWindowManager( 1851): keyCode:9 down:true eventTime:92234461 downTime:92234388 policyFlags:2b000000 flags:0 deviceId:-1 isScreenOn:true keyguardActive:false repeatCount:0
09-27 15:25:44.223 W/BaseMiuiPhoneWindowManager( 1851): keyCode:9 down:false eventTime:92234468 downTime:92234388 policyFlags:2b000000 flags:0 deviceId:-1 isScreenOn:true keyguardActive:false repeatCount:0
09-27 15:25:44.230 W/BaseMiuiPhoneWindowManager( 1851): keyCode:11 down:true eventTime:92234475 downTime:92234388 policyFlags:2b000000 flags:0 deviceId:-1 isScreenOn:true keyguardActive:false repeatCount:0
09-27 15:25:44.240 W/BaseMiuiPhoneWindowManager( 1851): keyCode:11 down:false eventTime:92234485 downTime:92234388 policyFlags:2b000000 flags:0 deviceId:-1 isScreenOn:true keyguardActive:false repeatCount:0
09-27 15:25:44.249 W/BaseMiuiPhoneWindowManager( 1851): keyCode:14 down:true eventTime:92234494 downTime:92234388 policyFlags:2b000000 flags:0 deviceId:-1 isScreenOn:true keyguardActive:false repeatCount:0
09-27 15:25:44.257 W/BaseMiuiPhoneWindowManager( 1851): keyCode:14 down:false eventTime:92234502 downTime:92234388 policyFlags:2b000000 flags:0 deviceId:-1 isScreenOn:true keyguardActive:false repeatCount:0
09-27 15:25:44.261 W/BaseMiuiPhoneWindowManager( 1851): keyCode:59 down:true eventTime:92234506 downTime:92234388 policyFlags:2b000000 flags:0 deviceId:-1 isScreenOn:true keyguardActive:false repeatCount:0
09-27 15:25:44.263 W/BaseMiuiPhoneWindowManager( 1851): keyCode:9 down:true eventTime:92234508 downTime:92234388 policyFlags:2b000000 flags:0 deviceId:-1 isScreenOn:true keyguardActive:false repeatCount:0
09-27 15:25:44.268 W/BaseMiuiPhoneWindowManager( 1851): keyCode:9 down:false eventTime:92234513 downTime:92234388 policyFlags:2b000000 flags:0 deviceId:-1 isScreenOn:true keyguardActive:false repeatCount:0
09-27 15:25:44.274 W/BaseMiuiPhoneWindowManager( 1851): keyCode:59 down:false eventTime:92234519 downTime:92234388 policyFlags:2b000000 flags:0 deviceId:-1 isScreenOn:true keyguardActive:false repeatCount:0
09-27 15:25:44.277 W/BaseMiuiPhoneWindowManager( 1851): keyCode:49 down:true eventTime:92234522 downTime:92234388 policyFlags:2b000000 flags:0 deviceId:-1 isScreenOn:true keyguardActive:false repeatCount:0
09-27 15:25:44.283 W/BaseMiuiPhoneWindowManager( 1851): keyCode:49 down:false eventTime:92234528 downTime:92234388 policyFlags:2b000000 flags:0 deviceId:-1 isScreenOn:true keyguardActive:false repeatCount:0
09-27 15:25:44.285 W/BaseMiuiPhoneWindowManager( 1851): keyCode:31 down:true eventTime:92234529 downTime:92234388 policyFlags:2b000000 flags:0 deviceId:-1 isScreenOn:true keyguardActive:false repeatCount:0
09-27 15:25:44.293 W/BaseMiuiPhoneWindowManager( 1851): keyCode:31 down:false eventTime:92234538 downTime:92234388 policyFlags:2b000000 flags:0 deviceId:-1 isScreenOn:true keyguardActive:false repeatCount:0
09-27 15:25:44.295 W/BaseMiuiPhoneWindowManager( 1851): keyCode:48 down:true eventTime:92234540 downTime:92234388 policyFlags:2b000000 flags:0 deviceId:-1 isScreenOn:true keyguardActive:false repeatCount:0
09-27 15:25:44.301 W/BaseMiuiPhoneWindowManager( 1851): keyCode:48 down:false eventTime:92234546 downTime:92234388 policyFlags:2b000000 flags:0 deviceId:-1 isScreenOn:true keyguardActive:false repeatCount:0
09-27 15:25:44.307 W/BaseMiuiPhoneWindowManager( 1851): keyCode:33 down:true eventTime:92234551 downTime:92234388 policyFlags:2b000000 flags:0 deviceId:-1 isScreenOn:true keyguardActive:false repeatCount:0
09-27 15:25:44.317 W/BaseMiuiPhoneWindowManager( 1851): keyCode:33 down:false eventTime:92234562 downTime:92234388 policyFlags:2b000000 flags:0 deviceId:-1 isScreenOn:true keyguardActive:false repeatCount:0
09-27 15:25:44.319 W/BaseMiuiPhoneWindowManager( 1851): keyCode:47 down:true eventTime:92234564 downTime:92234388 policyFlags:2b000000 flags:0 deviceId:-1 isScreenOn:true keyguardActive:false repeatCount:0
09-27 15:25:44.327 W/BaseMiuiPhoneWindowManager( 1851): keyCode:47 down:false eventTime:92234572 downTime:92234388 policyFlags:2b000000 flags:0 deviceId:-1 isScreenOn:true keyguardActive:false repeatCount:0
09-27 15:25:44.329 W/BaseMiuiPhoneWindowManager( 1851): keyCode:48 down:true eventTime:92234573 downTime:92234388 policyFlags:2b000000 flags:0 deviceId:-1 isScreenOn:true keyguardActive:false repeatCount:0
09-27 15:25:44.340 W/BaseMiuiPhoneWindowManager( 1851): keyCode:48 down:false eventTime:92234585 downTime:92234388 policyFlags:2b000000 flags:0 deviceId:-1 isScreenOn:true keyguardActive:false repeatCount:0
09-27 15:25:44.345 W/BaseMiuiPhoneWindowManager( 1851): keyCode:56 down:true eventTime:92234590 downTime:92234388 policyFlags:2b000000 flags:0 deviceId:-1 isScreenOn:true keyguardActive:false repeatCount:0
09-27 15:25:44.356 W/BaseMiuiPhoneWindowManager( 1851): keyCode:56 down:false eventTime:92234601 downTime:92234388 policyFlags:2b000000 flags:0 deviceId:-1 isScreenOn:true keyguardActive:false repeatCount:0
09-27 15:25:44.360 W/BaseMiuiPhoneWindowManager( 1851): keyCode:53 down:true eventTime:92234605 downTime:92234388 policyFlags:2b000000 flags:0 deviceId:-1 isScreenOn:true keyguardActive:false repeatCount:0
09-27 15:25:44.366 W/BaseMiuiPhoneWindowManager( 1851): keyCode:53 down:false eventTime:92234611 downTime:92234388 policyFlags:2b000000 flags:0 deviceId:-1 isScreenOn:true keyguardActive:false repeatCount:0
09-27 15:25:44.368 W/BaseMiuiPhoneWindowManager( 1851): keyCode:33 down:true eventTime:92234613 downTime:92234388 policyFlags:2b000000 flags:0 deviceId:-1 isScreenOn:true keyguardActive:false repeatCount:0
09-27 15:25:44.377 W/BaseMiuiPhoneWindowManager( 1851): keyCode:33 down:false eventTime:92234621 downTime:92234388 policyFlags:2b000000 flags:0 deviceId:-1 isScreenOn:true keyguardActive:false repeatCount:0
09-27 15:25:44.381 W/BaseMiuiPhoneWindowManager( 1851): keyCode:29 down:true eventTime:92234625 downTime:92234388 policyFlags:2b000000 flags:0 deviceId:-1 isScreenOn:true keyguardActive:false repeatCount:0
09-27 15:25:44.392 W/BaseMiuiPhoneWindowManager( 1851): keyCode:29 down:false eventTime:92234637 downTime:92234388 policyFlags:2b000000 flags:0 deviceId:-1 isScreenOn:true keyguardActive:false repeatCount:0
09-27 15:25:44.396 W/BaseMiuiPhoneWindowManager( 1851): keyCode:40 down:true eventTime:92234641 downTime:92234388 policyFlags:2b000000 flags:0 deviceId:-1 isScreenOn:true keyguardActive:false repeatCount:0
09-27 15:25:44.408 W/BaseMiuiPhoneWindowManager( 1851): keyCode:40 down:false eventTime:92234653 downTime:92234388 policyFlags:2b000000 flags:0 deviceId:-1 isScreenOn:true keyguardActive:false repeatCount:0
09-27 15:25:44.413 W/BaseMiuiPhoneWindowManager( 1851): keyCode:37 down:true eventTime:92234657 downTime:92234388 policyFlags:2b000000 flags:0 deviceId:-1 isScreenOn:true keyguardActive:false repeatCount:0
09-27 15:25:44.427 W/BaseMiuiPhoneWindowManager( 1851): keyCode:37 down:false eventTime:92234671 downTime:92234388 policyFlags:2b000000 flags:0 deviceId:-1 isScreenOn:true keyguardActive:false repeatCount:0
09-27 15:25:44.431 W/BaseMiuiPhoneWindowManager( 1851): keyCode:42 down:true eventTime:92234675 downTime:92234388 policyFlags:2b000000 flags:0 deviceId:-1 isScreenOn:true keyguardActive:false repeatCount:0
09-27 15:25:44.443 W/BaseMiuiPhoneWindowManager( 1851): keyCode:42 down:false eventTime:92234688 downTime:92234388 policyFlags:2b000000 flags:0 deviceId:-1 isScreenOn:true keyguardActive:false repeatCount:0
09-27 15:25:44.449 W/BaseMiuiPhoneWindowManager( 1851): keyCode:39 down:true eventTime:92234693 downTime:92234388 policyFlags:2b000000 flags:0 deviceId:-1 isScreenOn:true keyguardActive:false repeatCount:0
09-27 15:25:44.457 W/BaseMiuiPhoneWindowManager( 1851): keyCode:39 down:false eventTime:92234702 downTime:92234388 policyFlags:2b000000 flags:0 deviceId:-1 isScreenOn:true keyguardActive:false repeatCount:0
09-27 15:25:44.461 W/BaseMiuiPhoneWindowManager( 1851): keyCode:56 down:true eventTime:92234705 downTime:92234388 policyFlags:2b000000 flags:0 deviceId:-1 isScreenOn:true keyguardActive:false repeatCount:0
09-27 15:25:44.470 W/BaseMiuiPhoneWindowManager( 1851): keyCode:56 down:false eventTime:92234714 downTime:92234388 policyFlags:2b000000 flags:0 deviceId:-1 isScreenOn:true keyguardActive:false repeatCount:0
09-27 15:25:44.476 W/BaseMiuiPhoneWindowManager( 1851): keyCode:31 down:true eventTime:92234720 downTime:92234388 policyFlags:2b000000 flags:0 deviceId:-1 isScreenOn:true keyguardActive:false repeatCount:0
09-27 15:25:44.483 W/BaseMiuiPhoneWindowManager( 1851): keyCode:31 down:false eventTime:92234728 downTime:92234388 policyFlags:2b000000 flags:0 deviceId:-1 isScreenOn:true keyguardActive:false repeatCount:0
09-27 15:25:44.487 W/BaseMiuiPhoneWindowManager( 1851): keyCode:43 down:true eventTime:92234731 downTime:92234388 policyFlags:2b000000 flags:0 deviceId:-1 isScreenOn:true keyguardActive:false repeatCount:0
09-27 15:25:44.496 W/BaseMiuiPhoneWindowManager( 1851): keyCode:43 down:false eventTime:92234741 downTime:92234388 policyFlags:2b000000 flags:0 deviceId:-1 isScreenOn:true keyguardActive:false repeatCount:0
09-27 15:25:44.499 W/BaseMiuiPhoneWindowManager( 1851): keyCode:41 down:true eventTime:92234744 downTime:92234388 policyFlags:2b000000 flags:0 deviceId:-1 isScreenOn:true keyguardActive:false repeatCount:0
09-27 15:25:44.508 W/BaseMiuiPhoneWindowManager( 1851): keyCode:41 down:false eventTime:92234752 downTime:92234388 policyFlags:2b000000 flags:0 deviceId:-1 isScreenOn:true keyguardActive:false repeatCount:0
09-27 15:25:45.270 I/WindowManager( 1851): input method visible height changed 803
09-27 15:25:45.709 W/BaseMiuiPhoneWindowManager( 1851): keyCode:123 down:true eventTime:92235953 downTime:92235953 policyFlags:2b000000 flags:0 deviceId:-1 isScreenOn:true keyguardActive:false repeatCount:0
09-27 15:25:45.717 W/BaseMiuiPhoneWindowManager( 1851): keyCode:123 down:false eventTime:92235953 downTime:92235953 policyFlags:2b000000 flags:0 deviceId:-1 isScreenOn:true keyguardActive:false repeatCount:0
09-27 15:25:45.772 W/BaseMiuiPhoneWindowManager( 1851): keyCode:67 down:true eventTime:92236016 downTime:92236016 policyFlags:2b000000 flags:0 deviceId:-1 isScreenOn:true keyguardActive:false repeatCount:0
09-27 15:25:45.779 W/BaseMiuiPhoneWindowManager( 1851): keyCode:67 down:false eventTime:92236016 downTime:92236016 policyFlags:2b000000 flags:0 deviceId:-1 isScreenOn:true keyguardActive:false repeatCount:0
09-27 15:25:45.795 W/BaseMiuiPhoneWindowManager( 1851): keyCode:67 down:true eventTime:92236040 downTime:92236040 policyFlags:2b000000 flags:0 deviceId:-1 isScreenOn:true keyguardActive:false repeatCount:0
09-27 15:25:45.802 W/BaseMiuiPhoneWindowManager( 1851): keyCode:67 down:false eventTime:92236040 downTime:92236040 policyFlags:2b000000 flags:0 deviceId:-1 isScreenOn:true keyguardActive:false repeatCount:0
09-27 15:25:45.814 W/BaseMiuiPhoneWindowManager( 1851): keyCode:67 down:true eventTime:92236058 downTime:92236058 policyFlags:2b000000 flags:0 deviceId:-1 isScreenOn:true keyguardActive:false repeatCount:0
09-27 15:25:45.817 W/BaseMiuiPhoneWindowManager( 1851): keyCode:67 down:false eventTime:92236058 downTime:92236058 policyFlags:2b000000 flags:0 deviceId:-1 isScreenOn:true keyguardActive:false repeatCount:0
09-27 15:25:45.839 W/BaseMiuiPhoneWindowManager( 1851): keyCode:67 down:true eventTime:92236084 downTime:92236084 policyFlags:2b000000 flags:0 deviceId:-1 isScreenOn:true keyguardActive:false repeatCount:0
09-27 15:25:45.842 W/BaseMiuiPhoneWindowManager( 1851): keyCode:67 down:false eventTime:92236084 downTime:92236084 policyFlags:2b000000 flags:0 deviceId:-1 isScreenOn:true keyguardActive:false repeatCount:0
09-27 15:25:45.863 W/BaseMiuiPhoneWindowManager( 1851): keyCode:67 down:true eventTime:92236108 downTime:92236108 policyFlags:2b000000 flags:0 deviceId:-1 isScreenOn:true keyguardActive:false repeatCount:0
09-27 15:25:45.866 W/BaseMiuiPhoneWindowManager( 1851): keyCode:67 down:false eventTime:92236108 downTime:92236108 policyFlags:2b000000 flags:0 deviceId:-1 isScreenOn:true keyguardActive:false repeatCount:0
09-27 15:25:45.885 W/BaseMiuiPhoneWindowManager( 1851): keyCode:67 down:true eventTime:92236129 downTime:92236129 policyFlags:2b000000 flags:0 deviceId:-1 isScreenOn:true keyguardActive:false repeatCount:0
09-27 15:25:45.888 W/BaseMiuiPhoneWindowManager( 1851): keyCode:67 down:false eventTime:92236129 downTime:92236129 policyFlags:2b000000 flags:0 deviceId:-1 isScreenOn:true keyguardActive:false repeatCount:0
09-27 15:25:45.909 W/BaseMiuiPhoneWindowManager( 1851): keyCode:67 down:true eventTime:92236153 downTime:92236153 policyFlags:2b000000 flags:0 deviceId:-1 isScreenOn:true keyguardActive:false repeatCount:0
09-27 15:25:45.911 W/BaseMiuiPhoneWindowManager( 1851): keyCode:67 down:false eventTime:92236153 downTime:92236153 policyFlags:2b000000 flags:0 deviceId:-1 isScreenOn:true keyguardActive:false repeatCount:0
09-27 15:25:45.974 W/BaseMiuiPhoneWindowManager( 1851): keyCode:67 down:true eventTime:92236218 downTime:92236218 policyFlags:2b000000 flags:0 deviceId:-1 isScreenOn:true keyguardActive:false repeatCount:0
09-27 15:25:45.980 W/BaseMiuiPhoneWindowManager( 1851): keyCode:67 down:false eventTime:92236218 downTime:92236218 policyFlags:2b000000 flags:0 deviceId:-1 isScreenOn:true keyguardActive:false repeatCount:0
09-27 15:25:48.772 W/BaseMiuiPhoneWindowManager( 1851): keyCode:67 down:true eventTime:92239016 downTime:92239016 policyFlags:2b000000 flags:0 deviceId:-1 isScreenOn:true keyguardActive:false repeatCount:0
09-27 15:25:48.790 W/BaseMiuiPhoneWindowManager( 1851): keyCode:67 down:false eventTime:92239016 downTime:92239016 policyFlags:2b000000 flags:0 deviceId:-1 isScreenOn:true keyguardActive:false repeatCount:0
09-27 15:25:50.128 E/NetlinkEvent(  289): NetlinkEvent::FindParam(): Parameter 'TIME_NS' not found
09-27 15:25:50.128 E/NetlinkEvent(  289): NetlinkEvent::FindParam(): Parameter 'UID' not found
09-27 15:25:51.133 W/BaseMiuiPhoneWindowManager( 1851): keyCode:67 down:true eventTime:92241377 downTime:92241377 policyFlags:2b000000 flags:0 deviceId:-1 isScreenOn:true keyguardActive:false repeatCount:0
09-27 15:25:51.142 W/BaseMiuiPhoneWindowManager( 1851): keyCode:67 down:false eventTime:92241377 downTime:92241377 policyFlags:2b000000 flags:0 deviceId:-1 isScreenOn:true keyguardActive:false repeatCount:0
09-27 15:25:51.160 W/BaseMiuiPhoneWindowManager( 1851): keyCode:13 down:true eventTime:92241405 downTime:92241404 policyFlags:2b000000 flags:0 deviceId:-1 isScreenOn:true keyguardActive:false repeatCount:0
09-27 15:25:51.192 W/BaseMiuiPhoneWindowManager( 1851): keyCode:13 down:false eventTime:92241437 downTime:92241404 policyFlags:2b000000 flags:0 deviceId:-1 isScreenOn:true keyguardActive:false repeatCount:0
09-27 15:25:51.205 W/BaseMiuiPhoneWindowManager( 1851): keyCode:44 down:true eventTime:92241449 downTime:92241404 policyFlags:2b000000 flags:0 deviceId:-1 isScreenOn:true keyguardActive:false repeatCount:0
09-27 15:25:51.227 W/BaseMiuiPhoneWindowManager( 1851): keyCode:44 down:false eventTime:92241471 downTime:92241404 policyFlags:2b000000 flags:0 deviceId:-1 isScreenOn:true keyguardActive:false repeatCount:0
09-27 15:25:51.239 W/BaseMiuiPhoneWindowManager( 1851): keyCode:59 down:true eventTime:92241484 downTime:92241404 policyFlags:2b000000 flags:0 deviceId:-1 isScreenOn:true keyguardActive:false repeatCount:0
09-27 15:25:51.241 W/BaseMiuiPhoneWindowManager( 1851): keyCode:46 down:true eventTime:92241486 downTime:92241404 policyFlags:2b000000 flags:0 deviceId:-1 isScreenOn:true keyguardActive:false repeatCount:0
09-27 15:25:51.256 W/BaseMiuiPhoneWindowManager( 1851): keyCode:46 down:false eventTime:92241501 downTime:92241404 policyFlags:2b000000 flags:0 deviceId:-1 isScreenOn:true keyguardActive:false repeatCount:0
09-27 15:25:51.261 W/BaseMiuiPhoneWindowManager( 1851): keyCode:59 down:false eventTime:92241506 downTime:92241404 policyFlags:2b000000 flags:0 deviceId:-1 isScreenOn:true keyguardActive:false repeatCount:0
09-27 15:25:51.267 W/BaseMiuiPhoneWindowManager( 1851): keyCode:59 down:true eventTime:92241511 downTime:92241404 policyFlags:2b000000 flags:0 deviceId:-1 isScreenOn:true keyguardActive:false repeatCount:0
09-27 15:25:51.269 W/BaseMiuiPhoneWindowManager( 1851): keyCode:33 down:true eventTime:92241514 downTime:92241404 policyFlags:2b000000 flags:0 deviceId:-1 isScreenOn:true keyguardActive:false repeatCount:0
09-27 15:25:51.277 W/BaseMiuiPhoneWindowManager( 1851): keyCode:33 down:false eventTime:92241522 downTime:92241404 policyFlags:2b000000 flags:0 deviceId:-1 isScreenOn:true keyguardActive:false repeatCount:0
09-27 15:25:51.279 W/BaseMiuiPhoneWindowManager( 1851): keyCode:59 down:false eventTime:92241524 downTime:92241404 policyFlags:2b000000 flags:0 deviceId:-1 isScreenOn:true keyguardActive:false repeatCount:0
09-27 15:25:51.295 W/BaseMiuiPhoneWindowManager( 1851): keyCode:59 down:true eventTime:92241539 downTime:92241404 policyFlags:2b000000 flags:0 deviceId:-1 isScreenOn:true keyguardActive:false repeatCount:0
09-27 15:25:51.306 W/BaseMiuiPhoneWindowManager( 1851): keyCode:29 down:true eventTime:92241551 downTime:92241404 policyFlags:2b000000 flags:0 deviceId:-1 isScreenOn:true keyguardActive:false repeatCount:0
09-27 15:25:51.317 W/BaseMiuiPhoneWindowManager( 1851): keyCode:29 down:false eventTime:92241562 downTime:92241404 policyFlags:2b000000 flags:0 deviceId:-1 isScreenOn:true keyguardActive:false repeatCount:0
09-27 15:25:51.323 W/BaseMiuiPhoneWindowManager( 1851): keyCode:59 down:false eventTime:92241568 downTime:92241404 policyFlags:2b000000 flags:0 deviceId:-1 isScreenOn:true keyguardActive:false repeatCount:0
09-27 15:25:51.325 W/BaseMiuiPhoneWindowManager( 1851): keyCode:32 down:true eventTime:92241569 downTime:92241404 policyFlags:2b000000 flags:0 deviceId:-1 isScreenOn:true keyguardActive:false repeatCount:0
09-27 15:25:51.337 W/BaseMiuiPhoneWindowManager( 1851): keyCode:32 down:false eventTime:92241582 downTime:92241404 policyFlags:2b000000 flags:0 deviceId:-1 isScreenOn:true keyguardActive:false repeatCount:0
09-27 15:25:51.342 W/BaseMiuiPhoneWindowManager( 1851): keyCode:33 down:true eventTime:92241586 downTime:92241404 policyFlags:2b000000 flags:0 deviceId:-1 isScreenOn:true keyguardActive:false repeatCount:0
09-27 15:25:51.357 W/BaseMiuiPhoneWindowManager( 1851): keyCode:33 down:false eventTime:92241602 downTime:92241404 policyFlags:2b000000 flags:0 deviceId:-1 isScreenOn:true keyguardActive:false repeatCount:0
09-27 15:25:51.363 W/BaseMiuiPhoneWindowManager( 1851): keyCode:41 down:true eventTime:92241607 downTime:92241404 policyFlags:2b000000 flags:0 deviceId:-1 isScreenOn:true keyguardActive:false repeatCount:0
09-27 15:25:51.374 W/BaseMiuiPhoneWindowManager( 1851): keyCode:41 down:false eventTime:92241619 downTime:92241404 policyFlags:2b000000 flags:0 deviceId:-1 isScreenOn:true keyguardActive:false repeatCount:0
09-27 15:25:53.175 E/NetlinkEvent(  289): NetlinkEvent::FindParam(): Parameter 'TIME_NS' not found
09-27 15:25:53.175 E/NetlinkEvent(  289): NetlinkEvent::FindParam(): Parameter 'UID' not found
09-27 15:25:55.147 W/BaseMiuiPhoneWindowManager( 1851): keyCode:67 down:true eventTime:92245390 downTime:92245390 policyFlags:2b000000 flags:0 deviceId:-1 isScreenOn:true keyguardActive:false repeatCount:0
09-27 15:25:55.220 W/BaseMiuiPhoneWindowManager( 1851): keyCode:67 down:false eventTime:92245390 downTime:92245390 policyFlags:2b000000 flags:0 deviceId:-1 isScreenOn:true keyguardActive:false repeatCount:0
09-27 15:25:56.266 W/BaseMiuiPhoneWindowManager( 1851): keyCode:67 down:true eventTime:92246511 downTime:92246511 policyFlags:2b000000 flags:0 deviceId:-1 isScreenOn:true keyguardActive:false repeatCount:0
09-27 15:25:56.275 W/BaseMiuiPhoneWindowManager( 1851): keyCode:67 down:false eventTime:92246511 downTime:92246511 policyFlags:2b000000 flags:0 deviceId:-1 isScreenOn:true keyguardActive:false repeatCount:0
09-27 15:25:56.277 W/BaseMiuiPhoneWindowManager( 1851): keyCode:112 down:true eventTime:92246521 downTime:92246521 policyFlags:2b000000 flags:0 deviceId:-1 isScreenOn:true keyguardActive:false repeatCount:0
09-27 15:25:56.280 W/BaseMiuiPhoneWindowManager( 1851): keyCode:112 down:false eventTime:92246521 downTime:92246521 policyFlags:2b000000 flags:0 deviceId:-1 isScreenOn:true keyguardActive:false repeatCount:0
09-27 15:25:58.740 W/BaseMiuiPhoneWindowManager( 1851): keyCode:67 down:true eventTime:92248984 downTime:92248984 policyFlags:2b000000 flags:0 deviceId:-1 isScreenOn:true keyguardActive:false repeatCount:0
09-27 15:25:58.768 W/BaseMiuiPhoneWindowManager( 1851): keyCode:67 down:false eventTime:92248984 downTime:92248984 policyFlags:2b000000 flags:0 deviceId:-1 isScreenOn:true keyguardActive:false repeatCount:0
09-27 15:25:58.776 W/BaseMiuiPhoneWindowManager( 1851): keyCode:47 down:true eventTime:92249020 downTime:92249020 policyFlags:2b000000 flags:0 deviceId:-1 isScreenOn:true keyguardActive:false repeatCount:0
09-27 15:25:58.784 W/BaseMiuiPhoneWindowManager( 1851): keyCode:47 down:false eventTime:92249029 downTime:92249020 policyFlags:2b000000 flags:0 deviceId:-1 isScreenOn:true keyguardActive:false repeatCount:0
09-27 15:25:58.786 W/BaseMiuiPhoneWindowManager( 1851): keyCode:38 down:true eventTime:92249031 downTime:92249020 policyFlags:2b000000 flags:0 deviceId:-1 isScreenOn:true keyguardActive:false repeatCount:0
09-27 15:25:58.793 W/BaseMiuiPhoneWindowManager( 1851): keyCode:38 down:false eventTime:92249038 downTime:92249020 policyFlags:2b000000 flags:0 deviceId:-1 isScreenOn:true keyguardActive:false repeatCount:0
09-27 15:25:58.801 W/BaseMiuiPhoneWindowManager( 1851): keyCode:47 down:true eventTime:92249046 downTime:92249020 policyFlags:2b000000 flags:0 deviceId:-1 isScreenOn:true keyguardActive:false repeatCount:0
09-27 15:25:58.808 W/BaseMiuiPhoneWindowManager( 1851): keyCode:47 down:false eventTime:92249053 downTime:92249020 policyFlags:2b000000 flags:0 deviceId:-1 isScreenOn:true keyguardActive:false repeatCount:0
09-27 15:25:58.811 W/BaseMiuiPhoneWindowManager( 1851): keyCode:38 down:true eventTime:92249056 downTime:92249020 policyFlags:2b000000 flags:0 deviceId:-1 isScreenOn:true keyguardActive:false repeatCount:0
09-27 15:25:58.822 W/BaseMiuiPhoneWindowManager( 1851): keyCode:38 down:false eventTime:92249067 downTime:92249020 policyFlags:2b000000 flags:0 deviceId:-1 isScreenOn:true keyguardActive:false repeatCount:0
09-27 15:25:58.826 W/BaseMiuiPhoneWindowManager( 1851): keyCode:47 down:true eventTime:92249071 downTime:92249020 policyFlags:2b000000 flags:0 deviceId:-1 isScreenOn:true keyguardActive:false repeatCount:0
09-27 15:25:58.844 W/BaseMiuiPhoneWindowManager( 1851): keyCode:47 down:false eventTime:92249089 downTime:92249020 policyFlags:2b000000 flags:0 deviceId:-1 isScreenOn:true keyguardActive:false repeatCount:0
09-27 15:25:58.851 W/BaseMiuiPhoneWindowManager( 1851): keyCode:38 down:true eventTime:92249096 downTime:92249020 policyFlags:2b000000 flags:0 deviceId:-1 isScreenOn:true keyguardActive:false repeatCount:0
09-27 15:25:58.860 W/BaseMiuiPhoneWindowManager( 1851): keyCode:38 down:false eventTime:92249104 downTime:92249020 policyFlags:2b000000 flags:0 deviceId:-1 isScreenOn:true keyguardActive:false repeatCount:0
09-27 15:25:59.361 W/BaseMiuiPhoneWindowManager( 1851): keyCode:4 down:true eventTime:92249605 downTime:92249605 policyFlags:2b000000 flags:0 deviceId:-1 isScreenOn:true keyguardActive:false repeatCount:0
09-27 15:25:59.388 W/BaseMiuiPhoneWindowManager( 1851): keyCode:4 down:false eventTime:92249605 downTime:92249605 policyFlags:2b000000 flags:0 deviceId:-1 isScreenOn:true keyguardActive:false repeatCount:0
09-27 15:25:59.471 I/WindowManager( 1851): input method visible height changed 0
09-27 15:25:59.518 W/MiuiPerfServiceClient( 3565): interceptAndQueuing:3402|com.sohu.inputmethod.sogou.xiaomi|244|244|unknown|null|InputMethod|92243349179566|Slow main thread|1
09-27 15:26:00.905 E/NetlinkEvent(  289): NetlinkEvent::FindParam(): Parameter 'TIME_NS' not found
09-27 15:26:00.905 E/NetlinkEvent(  289): NetlinkEvent::FindParam(): Parameter 'UID' not found
09-27 15:26:01.185 W/MiuiPerfServiceClient( 3565): interceptAndQueuing:16086|com.yealink.uc.android|137|97|unknown|null|com.yealink.uc.android/com.yealink.uc.android.login.LoginActivity|92251122168835|Slow main thread|2
09-27 15:26:05.065 E/NetlinkEvent(  289): NetlinkEvent::FindParam(): Parameter 'TIME_NS' not found
09-27 15:26:05.065 E/NetlinkEvent(  289): NetlinkEvent::FindParam(): Parameter 'UID' not found
09-27 15:26:06.574 I/WindowManager( 1851): input method visible height changed 803
09-27 15:26:08.321 W/BaseMiuiPhoneWindowManager( 1851): keyCode:67 down:true eventTime:92258566 downTime:92258566 policyFlags:2b000000 flags:0 deviceId:-1 isScreenOn:true keyguardActive:false repeatCount:0
09-27 15:26:08.380 W/BaseMiuiPhoneWindowManager( 1851): keyCode:67 down:false eventTime:92258566 downTime:92258566 policyFlags:2b000000 flags:0 deviceId:-1 isScreenOn:true keyguardActive:false repeatCount:0
09-27 15:26:08.954 W/BaseMiuiPhoneWindowManager( 1851): keyCode:67 down:true eventTime:92259199 downTime:92259199 policyFlags:2b000000 flags:0 deviceId:-1 isScreenOn:true keyguardActive:false repeatCount:0
09-27 15:26:08.958 W/BaseMiuiPhoneWindowManager( 1851): keyCode:67 down:false eventTime:92259199 downTime:92259199 policyFlags:2b000000 flags:0 deviceId:-1 isScreenOn:true keyguardActive:false repeatCount:0
09-27 15:26:08.965 W/BaseMiuiPhoneWindowManager( 1851): keyCode:112 down:true eventTime:92259209 downTime:92259209 policyFlags:2b000000 flags:0 deviceId:-1 isScreenOn:true keyguardActive:false repeatCount:0
09-27 15:26:08.972 W/BaseMiuiPhoneWindowManager( 1851): keyCode:112 down:false eventTime:92259209 downTime:92259209 policyFlags:2b000000 flags:0 deviceId:-1 isScreenOn:true keyguardActive:false repeatCount:0
09-27 15:26:15.105 W/BaseMiuiPhoneWindowManager( 1851): keyCode:67 down:true eventTime:92265349 downTime:92265349 policyFlags:2b000000 flags:0 deviceId:-1 isScreenOn:true keyguardActive:false repeatCount:0
09-27 15:26:15.164 W/BaseMiuiPhoneWindowManager( 1851): keyCode:67 down:false eventTime:92265349 downTime:92265349 policyFlags:2b000000 flags:0 deviceId:-1 isScreenOn:true keyguardActive:false repeatCount:0
09-27 15:26:16.281 W/BaseMiuiPhoneWindowManager( 1851): keyCode:67 down:true eventTime:92266525 downTime:92266525 policyFlags:2b000000 flags:0 deviceId:-1 isScreenOn:true keyguardActive:false repeatCount:0
09-27 15:26:16.294 W/BaseMiuiPhoneWindowManager( 1851): keyCode:67 down:false eventTime:92266525 downTime:92266525 policyFlags:2b000000 flags:0 deviceId:-1 isScreenOn:true keyguardActive:false repeatCount:0
09-27 15:26:16.308 W/BaseMiuiPhoneWindowManager( 1851): keyCode:112 down:true eventTime:92266552 downTime:92266552 policyFlags:2b000000 flags:0 deviceId:-1 isScreenOn:true keyguardActive:false repeatCount:0
09-27 15:26:16.316 W/BaseMiuiPhoneWindowManager( 1851): keyCode:112 down:false eventTime:92266552 downTime:92266552 policyFlags:2b000000 flags:0 deviceId:-1 isScreenOn:true keyguardActive:false repeatCount:0
09-27 15:26:18.742 W/BaseMiuiPhoneWindowManager( 1851): keyCode:67 down:true eventTime:92268987 downTime:92268987 policyFlags:2b000000 flags:0 deviceId:-1 isScreenOn:true keyguardActive:false repeatCount:0
09-27 15:26:18.749 W/BaseMiuiPhoneWindowManager( 1851): keyCode:67 down:false eventTime:92268987 downTime:92268987 policyFlags:2b000000 flags:0 deviceId:-1 isScreenOn:true keyguardActive:false repeatCount:0
09-27 15:26:18.753 W/BaseMiuiPhoneWindowManager( 1851): keyCode:31 down:true eventTime:92268998 downTime:92268998 policyFlags:2b000000 flags:0 deviceId:-1 isScreenOn:true keyguardActive:false repeatCount:0
09-27 15:26:18.783 W/BaseMiuiPhoneWindowManager( 1851): keyCode:31 down:false eventTime:92269027 downTime:92268998 policyFlags:2b000000 flags:0 deviceId:-1 isScreenOn:true keyguardActive:false repeatCount:0
09-27 15:26:18.794 W/BaseMiuiPhoneWindowManager( 1851): keyCode:47 down:true eventTime:92269039 downTime:92268998 policyFlags:2b000000 flags:0 deviceId:-1 isScreenOn:true keyguardActive:false repeatCount:0
09-27 15:26:18.803 W/BaseMiuiPhoneWindowManager( 1851): keyCode:47 down:false eventTime:92269048 downTime:92268998 policyFlags:2b000000 flags:0 deviceId:-1 isScreenOn:true keyguardActive:false repeatCount:0
09-27 15:26:18.813 W/BaseMiuiPhoneWindowManager( 1851): keyCode:9 down:true eventTime:92269058 downTime:92268998 policyFlags:2b000000 flags:0 deviceId:-1 isScreenOn:true keyguardActive:false repeatCount:0
09-27 15:26:18.825 W/BaseMiuiPhoneWindowManager( 1851): keyCode:9 down:false eventTime:92269070 downTime:92268998 policyFlags:2b000000 flags:0 deviceId:-1 isScreenOn:true keyguardActive:false repeatCount:0
09-27 15:26:18.833 W/BaseMiuiPhoneWindowManager( 1851): keyCode:11 down:true eventTime:92269078 downTime:92268998 policyFlags:2b000000 flags:0 deviceId:-1 isScreenOn:true keyguardActive:false repeatCount:0
09-27 15:26:18.846 W/BaseMiuiPhoneWindowManager( 1851): keyCode:11 down:false eventTime:92269091 downTime:92268998 policyFlags:2b000000 flags:0 deviceId:-1 isScreenOn:true keyguardActive:false repeatCount:0
09-27 15:26:18.848 W/BaseMiuiPhoneWindowManager( 1851): keyCode:14 down:true eventTime:92269093 downTime:92268998 policyFlags:2b000000 flags:0 deviceId:-1 isScreenOn:true keyguardActive:false repeatCount:0
09-27 15:26:18.857 W/BaseMiuiPhoneWindowManager( 1851): keyCode:14 down:false eventTime:92269101 downTime:92268998 policyFlags:2b000000 flags:0 deviceId:-1 isScreenOn:true keyguardActive:false repeatCount:0
09-27 15:26:18.860 W/BaseMiuiPhoneWindowManager( 1851): keyCode:59 down:true eventTime:92269105 downTime:92268998 policyFlags:2b000000 flags:0 deviceId:-1 isScreenOn:true keyguardActive:false repeatCount:0
09-27 15:26:18.862 W/BaseMiuiPhoneWindowManager( 1851): keyCode:9 down:true eventTime:92269107 downTime:92268998 policyFlags:2b000000 flags:0 deviceId:-1 isScreenOn:true keyguardActive:false repeatCount:0
09-27 15:26:18.870 W/BaseMiuiPhoneWindowManager( 1851): keyCode:9 down:false eventTime:92269114 downTime:92268998 policyFlags:2b000000 flags:0 deviceId:-1 isScreenOn:true keyguardActive:false repeatCount:0
09-27 15:26:18.875 W/BaseMiuiPhoneWindowManager( 1851): keyCode:59 down:false eventTime:92269119 downTime:92268998 policyFlags:2b000000 flags:0 deviceId:-1 isScreenOn:true keyguardActive:false repeatCount:0
09-27 15:26:18.877 W/BaseMiuiPhoneWindowManager( 1851): keyCode:49 down:true eventTime:92269122 downTime:92268998 policyFlags:2b000000 flags:0 deviceId:-1 isScreenOn:true keyguardActive:false repeatCount:0
09-27 15:26:18.882 W/BaseMiuiPhoneWindowManager( 1851): keyCode:49 down:false eventTime:92269127 downTime:92268998 policyFlags:2b000000 flags:0 deviceId:-1 isScreenOn:true keyguardActive:false repeatCount:0
09-27 15:26:18.884 W/BaseMiuiPhoneWindowManager( 1851): keyCode:31 down:true eventTime:92269128 downTime:92268998 policyFlags:2b000000 flags:0 deviceId:-1 isScreenOn:true keyguardActive:false repeatCount:0
09-27 15:26:18.890 W/BaseMiuiPhoneWindowManager( 1851): keyCode:31 down:false eventTime:92269134 downTime:92268998 policyFlags:2b000000 flags:0 deviceId:-1 isScreenOn:true keyguardActive:false repeatCount:0
09-27 15:26:18.893 W/BaseMiuiPhoneWindowManager( 1851): keyCode:48 down:true eventTime:92269138 downTime:92268998 policyFlags:2b000000 flags:0 deviceId:-1 isScreenOn:true keyguardActive:false repeatCount:0
09-27 15:26:18.899 W/BaseMiuiPhoneWindowManager( 1851): keyCode:48 down:false eventTime:92269144 downTime:92268998 policyFlags:2b000000 flags:0 deviceId:-1 isScreenOn:true keyguardActive:false repeatCount:0
09-27 15:26:18.901 W/BaseMiuiPhoneWindowManager( 1851): keyCode:33 down:true eventTime:92269146 downTime:92268998 policyFlags:2b000000 flags:0 deviceId:-1 isScreenOn:true keyguardActive:false repeatCount:0
09-27 15:26:18.911 W/BaseMiuiPhoneWindowManager( 1851): keyCode:33 down:false eventTime:92269155 downTime:92268998 policyFlags:2b000000 flags:0 deviceId:-1 isScreenOn:true keyguardActive:false repeatCount:0
09-27 15:26:18.912 W/BaseMiuiPhoneWindowManager( 1851): keyCode:47 down:true eventTime:92269157 downTime:92268998 policyFlags:2b000000 flags:0 deviceId:-1 isScreenOn:true keyguardActive:false repeatCount:0
09-27 15:26:18.917 W/BaseMiuiPhoneWindowManager( 1851): keyCode:47 down:false eventTime:92269162 downTime:92268998 policyFlags:2b000000 flags:0 deviceId:-1 isScreenOn:true keyguardActive:false repeatCount:0
09-27 15:26:18.919 W/BaseMiuiPhoneWindowManager( 1851): keyCode:48 down:true eventTime:92269164 downTime:92268998 policyFlags:2b000000 flags:0 deviceId:-1 isScreenOn:true keyguardActive:false repeatCount:0
09-27 15:26:18.928 W/BaseMiuiPhoneWindowManager( 1851): keyCode:48 down:false eventTime:92269172 downTime:92268998 policyFlags:2b000000 flags:0 deviceId:-1 isScreenOn:true keyguardActive:false repeatCount:0
09-27 15:26:18.929 W/BaseMiuiPhoneWindowManager( 1851): keyCode:56 down:true eventTime:92269174 downTime:92268998 policyFlags:2b000000 flags:0 deviceId:-1 isScreenOn:true keyguardActive:false repeatCount:0
09-27 15:26:18.934 W/BaseMiuiPhoneWindowManager( 1851): keyCode:56 down:false eventTime:92269179 downTime:92268998 policyFlags:2b000000 flags:0 deviceId:-1 isScreenOn:true keyguardActive:false repeatCount:0
09-27 15:26:18.936 W/BaseMiuiPhoneWindowManager( 1851): keyCode:53 down:true eventTime:92269180 downTime:92268998 policyFlags:2b000000 flags:0 deviceId:-1 isScreenOn:true keyguardActive:false repeatCount:0
09-27 15:26:18.944 W/BaseMiuiPhoneWindowManager( 1851): keyCode:53 down:false eventTime:92269189 downTime:92268998 policyFlags:2b000000 flags:0 deviceId:-1 isScreenOn:true keyguardActive:false repeatCount:0
09-27 15:26:18.946 W/BaseMiuiPhoneWindowManager( 1851): keyCode:33 down:true eventTime:92269190 downTime:92268998 policyFlags:2b000000 flags:0 deviceId:-1 isScreenOn:true keyguardActive:false repeatCount:0
09-27 15:26:18.952 W/BaseMiuiPhoneWindowManager( 1851): keyCode:33 down:false eventTime:92269196 downTime:92268998 policyFlags:2b000000 flags:0 deviceId:-1 isScreenOn:true keyguardActive:false repeatCount:0
09-27 15:26:18.956 W/BaseMiuiPhoneWindowManager( 1851): keyCode:29 down:true eventTime:92269201 downTime:92268998 policyFlags:2b000000 flags:0 deviceId:-1 isScreenOn:true keyguardActive:false repeatCount:0
09-27 15:26:18.963 W/BaseMiuiPhoneWindowManager( 1851): keyCode:29 down:false eventTime:92269208 downTime:92268998 policyFlags:2b000000 flags:0 deviceId:-1 isScreenOn:true keyguardActive:false repeatCount:0
09-27 15:26:18.965 W/BaseMiuiPhoneWindowManager( 1851): keyCode:40 down:true eventTime:92269210 downTime:92268998 policyFlags:2b000000 flags:0 deviceId:-1 isScreenOn:true keyguardActive:false repeatCount:0
09-27 15:26:18.974 W/BaseMiuiPhoneWindowManager( 1851): keyCode:40 down:false eventTime:92269219 downTime:92268998 policyFlags:2b000000 flags:0 deviceId:-1 isScreenOn:true keyguardActive:false repeatCount:0
09-27 15:26:18.978 W/BaseMiuiPhoneWindowManager( 1851): keyCode:37 down:true eventTime:92269222 downTime:92268998 policyFlags:2b000000 flags:0 deviceId:-1 isScreenOn:true keyguardActive:false repeatCount:0
09-27 15:26:18.988 W/BaseMiuiPhoneWindowManager( 1851): keyCode:37 down:false eventTime:92269232 downTime:92268998 policyFlags:2b000000 flags:0 deviceId:-1 isScreenOn:true keyguardActive:false repeatCount:0
09-27 15:26:18.992 W/BaseMiuiPhoneWindowManager( 1851): keyCode:42 down:true eventTime:92269237 downTime:92268998 policyFlags:2b000000 flags:0 deviceId:-1 isScreenOn:true keyguardActive:false repeatCount:0
09-27 15:26:19.003 W/BaseMiuiPhoneWindowManager( 1851): keyCode:42 down:false eventTime:92269248 downTime:92268998 policyFlags:2b000000 flags:0 deviceId:-1 isScreenOn:true keyguardActive:false repeatCount:0
09-27 15:26:19.008 W/BaseMiuiPhoneWindowManager( 1851): keyCode:39 down:true eventTime:92269252 downTime:92268998 policyFlags:2b000000 flags:0 deviceId:-1 isScreenOn:true keyguardActive:false repeatCount:0
09-27 15:26:19.018 W/BaseMiuiPhoneWindowManager( 1851): keyCode:39 down:false eventTime:92269263 downTime:92268998 policyFlags:2b000000 flags:0 deviceId:-1 isScreenOn:true keyguardActive:false repeatCount:0
09-27 15:26:19.025 W/BaseMiuiPhoneWindowManager( 1851): keyCode:56 down:true eventTime:92269270 downTime:92268998 policyFlags:2b000000 flags:0 deviceId:-1 isScreenOn:true keyguardActive:false repeatCount:0
09-27 15:26:19.038 W/BaseMiuiPhoneWindowManager( 1851): keyCode:56 down:false eventTime:92269282 downTime:92268998 policyFlags:2b000000 flags:0 deviceId:-1 isScreenOn:true keyguardActive:false repeatCount:0
09-27 15:26:19.045 W/BaseMiuiPhoneWindowManager( 1851): keyCode:31 down:true eventTime:92269289 downTime:92268998 policyFlags:2b000000 flags:0 deviceId:-1 isScreenOn:true keyguardActive:false repeatCount:0
09-27 15:26:19.057 W/BaseMiuiPhoneWindowManager( 1851): keyCode:31 down:false eventTime:92269301 downTime:92268998 policyFlags:2b000000 flags:0 deviceId:-1 isScreenOn:true keyguardActive:false repeatCount:0
09-27 15:26:19.062 W/BaseMiuiPhoneWindowManager( 1851): keyCode:43 down:true eventTime:92269306 downTime:92268998 policyFlags:2b000000 flags:0 deviceId:-1 isScreenOn:true keyguardActive:false repeatCount:0
09-27 15:26:19.076 W/BaseMiuiPhoneWindowManager( 1851): keyCode:43 down:false eventTime:92269320 downTime:92268998 policyFlags:2b000000 flags:0 deviceId:-1 isScreenOn:true keyguardActive:false repeatCount:0
09-27 15:26:19.081 W/BaseMiuiPhoneWindowManager( 1851): keyCode:41 down:true eventTime:92269326 downTime:92268998 policyFlags:2b000000 flags:0 deviceId:-1 isScreenOn:true keyguardActive:false repeatCount:0
09-27 15:26:19.093 W/BaseMiuiPhoneWindowManager( 1851): keyCode:41 down:false eventTime:92269337 downTime:92268998 policyFlags:2b000000 flags:0 deviceId:-1 isScreenOn:true keyguardActive:false repeatCount:0
09-27 15:26:20.315 W/BaseMiuiPhoneWindowManager( 1851): keyCode:123 down:true eventTime:92270558 downTime:92270558 policyFlags:2b000000 flags:0 deviceId:-1 isScreenOn:true keyguardActive:false repeatCount:0
09-27 15:26:20.329 W/BaseMiuiPhoneWindowManager( 1851): keyCode:123 down:false eventTime:92270558 downTime:92270558 policyFlags:2b000000 flags:0 deviceId:-1 isScreenOn:true keyguardActive:false repeatCount:0
09-27 15:26:20.360 W/BaseMiuiPhoneWindowManager( 1851): keyCode:67 down:true eventTime:92270604 downTime:92270604 policyFlags:2b000000 flags:0 deviceId:-1 isScreenOn:true keyguardActive:false repeatCount:0
09-27 15:26:20.369 W/BaseMiuiPhoneWindowManager( 1851): keyCode:67 down:false eventTime:92270604 downTime:92270604 policyFlags:2b000000 flags:0 deviceId:-1 isScreenOn:true keyguardActive:false repeatCount:0
09-27 15:26:20.869 W/BaseMiuiPhoneWindowManager( 1851): keyCode:67 down:true eventTime:92271112 downTime:92271112 policyFlags:2b000000 flags:0 deviceId:-1 isScreenOn:true keyguardActive:false repeatCount:0
09-27 15:26:20.908 W/BaseMiuiPhoneWindowManager( 1851): keyCode:67 down:false eventTime:92271112 downTime:92271112 policyFlags:2b000000 flags:0 deviceId:-1 isScreenOn:true keyguardActive:false repeatCount:0
09-27 15:26:21.402 W/BaseMiuiPhoneWindowManager( 1851): keyCode:67 down:true eventTime:92271646 downTime:92271646 policyFlags:2b000000 flags:0 deviceId:-1 isScreenOn:true keyguardActive:false repeatCount:0
09-27 15:26:21.443 W/BaseMiuiPhoneWindowManager( 1851): keyCode:67 down:false eventTime:92271646 downTime:92271646 policyFlags:2b000000 flags:0 deviceId:-1 isScreenOn:true keyguardActive:false repeatCount:0
09-27 15:26:21.943 W/BaseMiuiPhoneWindowManager( 1851): keyCode:67 down:true eventTime:92272187 downTime:92272187 policyFlags:2b000000 flags:0 deviceId:-1 isScreenOn:true keyguardActive:false repeatCount:0
09-27 15:26:21.987 W/BaseMiuiPhoneWindowManager( 1851): keyCode:67 down:false eventTime:92272187 downTime:92272187 policyFlags:2b000000 flags:0 deviceId:-1 isScreenOn:true keyguardActive:false repeatCount:0
09-27 15:26:22.476 W/BaseMiuiPhoneWindowManager( 1851): keyCode:67 down:true eventTime:92272719 downTime:92272719 policyFlags:2b000000 flags:0 deviceId:-1 isScreenOn:true keyguardActive:false repeatCount:0
09-27 15:26:22.523 W/BaseMiuiPhoneWindowManager( 1851): keyCode:67 down:false eventTime:92272719 downTime:92272719 policyFlags:2b000000 flags:0 deviceId:-1 isScreenOn:true keyguardActive:false repeatCount:0
09-27 15:26:23.020 W/BaseMiuiPhoneWindowManager( 1851): keyCode:67 down:true eventTime:92273264 downTime:92273264 policyFlags:2b000000 flags:0 deviceId:-1 isScreenOn:true keyguardActive:false repeatCount:0
09-27 15:26:23.054 W/BaseMiuiPhoneWindowManager( 1851): keyCode:67 down:false eventTime:92273264 downTime:92273264 policyFlags:2b000000 flags:0 deviceId:-1 isScreenOn:true keyguardActive:false repeatCount:0
09-27 15:26:23.553 W/BaseMiuiPhoneWindowManager( 1851): keyCode:67 down:true eventTime:92273796 downTime:92273796 policyFlags:2b000000 flags:0 deviceId:-1 isScreenOn:true keyguardActive:false repeatCount:0
09-27 15:26:23.577 W/BaseMiuiPhoneWindowManager( 1851): keyCode:67 down:false eventTime:92273796 downTime:92273796 policyFlags:2b000000 flags:0 deviceId:-1 isScreenOn:true keyguardActive:false repeatCount:0
09-27 15:26:24.261 W/BaseMiuiPhoneWindowManager( 1851): keyCode:67 down:true eventTime:92274505 downTime:92274505 policyFlags:2b000000 flags:0 deviceId:-1 isScreenOn:true keyguardActive:false repeatCount:0
09-27 15:26:24.306 W/BaseMiuiPhoneWindowManager( 1851): keyCode:67 down:false eventTime:92274505 downTime:92274505 policyFlags:2b000000 flags:0 deviceId:-1 isScreenOn:true keyguardActive:false repeatCount:0
09-27 15:26:27.195 W/BaseMiuiPhoneWindowManager( 1851): keyCode:67 down:true eventTime:92277439 downTime:92277439 policyFlags:2b000000 flags:0 deviceId:-1 isScreenOn:true keyguardActive:false repeatCount:0
09-27 15:26:27.202 W/BaseMiuiPhoneWindowManager( 1851): keyCode:67 down:false eventTime:92277439 downTime:92277439 policyFlags:2b000000 flags:0 deviceId:-1 isScreenOn:true keyguardActive:false repeatCount:0
09-27 15:26:29.650 W/BaseMiuiPhoneWindowManager( 1851): keyCode:67 down:true eventTime:92279894 downTime:92279894 policyFlags:2b000000 flags:0 deviceId:-1 isScreenOn:true keyguardActive:false repeatCount:0
09-27 15:26:29.661 W/BaseMiuiPhoneWindowManager( 1851): keyCode:67 down:false eventTime:92279894 downTime:92279894 policyFlags:2b000000 flags:0 deviceId:-1 isScreenOn:true keyguardActive:false repeatCount:0
