09-27 14:09:51.339 I/ActivityManager( 1851): Start proc 29305:com.android.browser/u0a17 for activity com.android.browser/.BrowserActivity
09-27 14:09:52.410 W/BaseMiuiPhoneWindowManager( 1851): keyCode:3 down:true eventTime:87682655 downTime:87682655 policyFlags:22000002 flags:48 deviceId:6 isScreenOn:true keyguardActive:false repeatCount:0
09-27 14:09:52.493 W/BaseMiuiPhoneWindowManager( 1851): keyCode:3 down:false eventTime:87682738 downTime:87682655 policyFlags:22000002 flags:48 deviceId:6 isScreenOn:true keyguardActive:false repeatCount:0
09-27 14:09:52.503 I/ActivityManager( 1851): START u0 {act=android.intent.action.MAIN cat=[android.intent.category.HOME] flg=0x10200000 cmp=com.miui.home/.launcher.Launcher (has extras)} from uid 1000 on display 0
09-27 14:09:55.596 E/NetlinkEvent(  289): NetlinkEvent::FindParam(): Parameter 'TIME_NS' not found
09-27 14:09:55.596 E/NetlinkEvent(  289): NetlinkEvent::FindParam(): Parameter 'UID' not found
09-27 14:09:57.849 W/MiuiPerfServiceClient( 3565): interceptAndQueuing:3649|com.miui.home|243|243|unknown|null|com.miui.home/com.miui.home.launcher.Launcher|87685369338076|Slow main thread|1
09-27 14:10:02.081 I/ActivityManager( 1851): Force stopping com.yealink.uc.android.alpha appid=10229 user=-1: uninstall pkg
09-27 14:10:02.152 I/PackageManager( 1851): Removing old permission: com.yealink.uc.android.alpha.permission.MIPUSH_RECEIVE from package com.yealink.uc.android.alpha
09-27 14:10:02.873 W/PackageManager( 1851): Couldn't remove dex file for package:  at location /data/app/com.yealink.uc.android.alpha-1/base.apk, retcode=-1
09-27 14:10:02.916 I/ActivityManager( 1851): Start proc 29501:com.android.defcontainer/u0a8 for service com.android.defcontainer/.DefaultContainerService
09-27 14:10:02.919 I/ActivityManager( 1851): Force stopping com.yealink.uc.android.alpha appid=10229 user=0: pkg removed
09-27 14:10:02.919 I/AutoStartManagerService( 1851): MIUILOG- Reject RestartService packageName :com.yealink.uc.android.alpha uid : 10229
09-27 14:10:03.099 W/BroadcastQueueInjector( 1851): Unable to launch app com.yealink.videophone/10221 for broadcast Intent { act=android.intent.action.PACKAGE_REMOVED dat=package:com.yealink.uc.android.alpha flg=0x4000010 (has extras) }: process is not permitted to  auto start
09-27 14:10:03.149 W/BaseMiuiPhoneWindowManager( 1851): keyCode:3 down:true eventTime:87693393 downTime:87693393 policyFlags:22000002 flags:48 deviceId:6 isScreenOn:true keyguardActive:false repeatCount:0
09-27 14:10:03.192 I/WakePathChecker( 1851): MIUILOG-WAKEPATH pushWakePathWhiteList: userId=0 size=4
09-27 14:10:03.197 I/WakePathChecker( 1851): MIUILOG-WAKEPATH pushWakePathRuleInfos: wakeType=17 userId=0 size=0
09-27 14:10:03.257 W/BaseMiuiPhoneWindowManager( 1851): keyCode:3 down:false eventTime:87693502 downTime:87693393 policyFlags:22000002 flags:48 deviceId:6 isScreenOn:true keyguardActive:false repeatCount:0
09-27 14:10:03.287 I/ActivityManager( 1851): START u0 {act=android.intent.action.MAIN cat=[android.intent.category.HOME] flg=0x10200000 cmp=com.miui.home/.launcher.Launcher (has extras)} from uid 1000 on display 0
09-27 14:10:03.294 W/BroadcastQueueInjector( 1851): Unable to launch app com.android.providers.downloads.ui/10009 for broadcast Intent { act=android.intent.action.PACKAGE_REMOVED dat=package:com.yealink.uc.android.alpha flg=0x4000011 (has extras) }: process is not permitted to  auto start
09-27 14:10:03.301 I/ActivityManager( 1851): Killing 22817:com.xiaomi.vipaccount:log/u0a88 (adj 15): empty for 796s
09-27 14:10:03.320 I/ActivityManager( 1851): Start proc 29523:com.android.musicfx/u0a22 for broadcast com.android.musicfx/.Compatibility$Receiver
09-27 14:10:03.351 W/ActivityManager( 1851): Scheduling restart of crashed service com.xiaomi.vipaccount/com.xiaomi.vipbase.service.MvLogService in 1000ms
09-27 14:10:03.545 E/libprocessgroup( 1851): failed to kill 1 processes for processgroup 22817
09-27 14:10:03.549 W/XSpaceManagerService( 1851): update XSpace App: packageName:com.yealink.uc.android.alpha, user:UserHandle{0}, action:android.intent.action.PACKAGE_REMOVED
09-27 14:10:03.569 W/BroadcastQueueInjector( 1851): Unable to launch app com.xiaomi.gamecenter/10064 for broadcast Intent { act=android.intent.action.PACKAGE_REMOVED dat=package:com.yealink.uc.android.alpha flg=0x4000011 (has extras) }: process is not permitted to  auto start
09-27 14:10:03.599 I/ActivityManager( 1851): Start proc 29545:com.android.keychain/1000 for broadcast com.android.keychain/.KeyChainBroadcastReceiver
09-27 14:10:03.646 I/ActivityManager( 1851): Killing 23212:com.svox.pico/u0a74 (adj 15): empty for 796s
09-27 14:10:03.776 W/ContextImpl(29545): Calling a method in the system process without a qualified user: android.app.ContextImpl.startService:1231 android.content.ContextWrapper.startService:591 android.content.ContextWrapper.startService:591 com.android.keychain.KeyChainBroadcastReceiver.onReceive:12 android.app.ActivityThread.handleReceiver:2832 
09-27 14:10:03.799 I/ActivityManager( 1851): Start proc 29569:com.miui.micloudsync/u0a124 for broadcast com.miui.micloudsync/.push.MicloudPushServiceReceiver
09-27 14:10:03.820 I/ActivityManager( 1851): Killing 22796:com.xiaomi.vipaccount/u0a88 (adj 15): empty for 796s
09-27 14:10:04.033 I/ActivityManager( 1851): Start proc 29584:com.xiaomi.vipaccount/u0a88 for broadcast com.xiaomi.vipaccount/com.xiaomi.vip.service.AppInstallReceiver
09-27 14:10:04.054 I/ActivityManager( 1851): Killing 22870:com.miui.vsimcore/1001 (adj 15): empty for 771s
09-27 14:10:04.429 I/ActivityManager( 1851): Start proc 29604:com.xiaomi.vipaccount:log/u0a88 for service com.xiaomi.vipaccount/com.xiaomi.vipbase.service.MvLogService
09-27 14:10:04.496 I/ActivityManager( 1851): Start proc 29617:com.android.documentsui/u0a46 for broadcast com.android.documentsui/.PackageReceiver
09-27 14:10:04.584 I/ActivityManager( 1851): START u0 {act=android.intent.action.MAIN cat=[android.intent.category.LAUNCHER] flg=0x10200000 cmp=com.android.browser/.BrowserActivity bnds=[580,1683][748,1851] (has extras)} from uid 10018 on display 0
09-27 14:10:04.625 E/NetlinkEvent(  289): NetlinkEvent::FindParam(): Parameter 'TIME_NS' not found
09-27 14:10:04.625 E/NetlinkEvent(  289): NetlinkEvent::FindParam(): Parameter 'UID' not found
09-27 14:10:04.773 I/ActivityManager( 1851): Activity reported stop, but no longer stopping: ActivityRecord{b9c3528 u0 com.miui.home/.launcher.Launcher t714}
09-27 14:10:05.104 I/ActivityManager( 1851): Start proc 29645:com.miui.vsimcore/1001 for broadcast com.miui.vsimcore/.AppInstallReceiver
09-27 14:10:05.137 I/ActivityManager( 1851): Start proc 29655:com.android.externalstorage/u0a11 for content provider com.android.externalstorage/.ExternalStorageProvider
09-27 14:10:05.229 E/ActivityThread( 3649): Performing stop of activity that is not resumed: {com.miui.home/com.miui.home.launcher.Launcher}
09-27 14:10:05.229 E/ActivityThread( 3649): java.lang.RuntimeException: Performing stop of activity that is not resumed: {com.miui.home/com.miui.home.launcher.Launcher}
09-27 14:10:05.229 E/ActivityThread( 3649): 	at android.app.ActivityThread.performStopActivityInner(ActivityThread.java:3594)
09-27 14:10:05.229 E/ActivityThread( 3649): 	at android.app.ActivityThread.handleStopActivity(ActivityThread.java:3685)
09-27 14:10:05.229 E/ActivityThread( 3649): 	at android.app.ActivityThread.access$1400(ActivityThread.java:153)
09-27 14:10:05.229 E/ActivityThread( 3649): 	at android.app.ActivityThread$H.handleMessage(ActivityThread.java:1456)
09-27 14:10:05.229 E/ActivityThread( 3649): 	at android.os.Handler.dispatchMessage(Handler.java:102)
09-27 14:10:05.229 E/ActivityThread( 3649): 	at android.os.Looper.loop(Looper.java:157)
09-27 14:10:05.229 E/ActivityThread( 3649): 	at android.app.ActivityThread.main(ActivityThread.java:5684)
09-27 14:10:05.229 E/ActivityThread( 3649): 	at java.lang.reflect.Method.invoke(Native Method)
09-27 14:10:05.229 E/ActivityThread( 3649): 	at com.android.internal.os.ZygoteInit$MethodAndArgsCaller.run(ZygoteInit.java:746)
09-27 14:10:05.229 E/ActivityThread( 3649): 	at com.android.internal.os.ZygoteInit.main(ZygoteInit.java:636)
09-27 14:10:05.427 I/ActivityManager( 1851): Start proc 29677:com.android.shell/2000 for content provider com.android.shell/.BugreportStorageProvider
09-27 14:10:05.474 W/BroadcastQueueInjector( 1851): Unable to launch app com.android.quicksearchbox/10029 for broadcast Intent { act=android.search.action.SEARCHABLES_CHANGED flg=0x24000011 }: process is not permitted to  auto start
09-27 14:10:06.997 W/MiuiPerfServiceClient( 3565): interceptAndQueuing:29305|com.android.browser|329|141|unknown|null|com.android.browser-Pop-826878030|87695791306927|Slow issue draw commands|8
09-27 14:10:07.055 W/WindowManager( 1851): Attempted to remove non-existing token: android.os.Binder@5b356dc
09-27 14:10:07.695 I/ActivityManager( 1851): START u0 {cmp=com.android.browser/.BookmarkAndHistoryActivity} from uid 10017 on display 0
09-27 14:10:09.745 E/NetlinkEvent(  289): NetlinkEvent::FindParam(): Parameter 'TIME_NS' not found
09-27 14:10:09.745 E/NetlinkEvent(  289): NetlinkEvent::FindParam(): Parameter 'UID' not found
09-27 14:10:16.486 E/NetlinkEvent(  289): NetlinkEvent::FindParam(): Parameter 'TIME_NS' not found
09-27 14:10:16.486 E/NetlinkEvent(  289): NetlinkEvent::FindParam(): Parameter 'UID' not found
09-27 14:10:19.610 I/ActivityManager( 1851): START u0 {act=miui.intent.action.scanbarcode cmp=com.xiaomi.scanner/.app.ScanActivity (has extras)} from uid 10017 on display 0
09-27 14:10:19.742 I/ActivityManager( 1851): Start proc 29803:com.xiaomi.scanner/u0a65 for activity com.xiaomi.scanner/.app.ScanActivity
09-27 14:10:21.036 W/ActivityManager( 1851): Unable to start service Intent { act=mtopsdk.xstate.a.a cat=[android.intent.category.DEFAULT] pkg=com.xiaomi.scanner cmp=com.xiaomi.scanner/mtopsdk.xstate.d } U=0: not found
09-27 14:10:25.795 E/NetlinkEvent(  289): NetlinkEvent::FindParam(): Parameter 'TIME_NS' not found
09-27 14:10:25.795 E/NetlinkEvent(  289): NetlinkEvent::FindParam(): Parameter 'UID' not found
09-27 14:10:26.587 E/NetlinkEvent(  289): NetlinkEvent::FindParam(): Parameter 'TIME_NS' not found
09-27 14:10:26.587 E/NetlinkEvent(  289): NetlinkEvent::FindParam(): Parameter 'UID' not found
09-27 14:10:29.680 W/ActivityManager( 1851): Launch timeout has expired, giving up wake lock!
09-27 14:10:32.384 I/ActivityManager( 1851): START u0 {flg=0x10000000 cmp=com.xiaomi.scanner/.module.code.app.QRResultActivity (has extras)} from uid 10065 on display 0
09-27 14:10:33.894 I/ActivityManager( 1851): START u0 {act=android.intent.action.VIEW dat=https://www.pgyer.com/... cmp=com.android.browser/.BrowserActivity} from uid 10065 on display 0
09-27 14:10:34.501 W/MiuiPerfServiceClient( 3565): interceptAndQueuing:29305|com.android.browser|256|205|unknown|null|com.android.browser/com.android.browser.BrowserActivity|87724574370926|Slow main thread|2
09-27 14:10:39.529 W/MiuiPerfServiceClient( 3565): interceptAndQueuing:29305|com.android.browser|586|110|unknown|null|com.android.browser/com.android.browser.BrowserActivity|87729288445143|Slow handle animation|14
09-27 14:10:41.359 W/ActivityManager( 1851): cann't getContentProviderImpl: com.miui.whetstone, cpi is null. 
09-27 14:10:41.359 E/ActivityThread( 9997): Failed to find provider info for com.miui.whetstone
09-27 14:10:41.770 W/MiuiPerfServiceClient( 3565): interceptAndQueuing:29305|com.android.browser|530|272|unknown|null|com.android.browser-Toa80979463|87731888611444|Slow handle traversal|7
09-27 14:10:42.204 W/BroadcastQueueInjector( 1851): Unable to launch app com.android.providers.downloads.ui/10009 for broadcast Intent { act=com.downloads.notification.action.init flg=0x31 }: process is not permitted to  auto start
09-27 14:10:44.950 W/MiuiPerfServiceClient( 3565): interceptAndQueuing:29305|com.android.browser|159|74|unknown|null|com.android.browser-Pop599390199|87733364756807|Slow handle animation|5
09-27 14:10:45.832 W/BaseMiuiPhoneWindowManager( 1851): keyCode:3 down:true eventTime:87736076 downTime:87736076 policyFlags:22000002 flags:48 deviceId:6 isScreenOn:true keyguardActive:false repeatCount:0
09-27 14:10:45.931 W/BaseMiuiPhoneWindowManager( 1851): keyCode:3 down:false eventTime:87736175 downTime:87736076 policyFlags:22000002 flags:48 deviceId:6 isScreenOn:true keyguardActive:false repeatCount:0
09-27 14:10:45.939 I/ActivityManager( 1851): START u0 {act=android.intent.action.MAIN cat=[android.intent.category.HOME] flg=0x10200000 cmp=com.miui.home/.launcher.Launcher (has extras)} from uid 1000 on display 0
09-27 14:10:49.036 E/NetlinkEvent(  289): NetlinkEvent::FindParam(): Parameter 'TIME_NS' not found
09-27 14:10:49.036 E/NetlinkEvent(  289): NetlinkEvent::FindParam(): Parameter 'UID' not found
09-27 14:10:51.304 I/ActivityManager( 1851): Killing 23073:com.miui.guardprovider/u0a49 (adj 15): empty #17
09-27 14:12:40.366 W/MiuiPerfServiceClient( 3565): interceptAndQueuing:2731|com.android.systemui|152|64|unknown|null|StatusBar|87849574531816|Slow handle traversal|4
09-27 14:13:20.955 W/PackageParser( 9997): Ignoring duplicate uses-permissions/uses-permissions-sdk-m: android.permission.CALL_PHONE in package: com.yealink.uc.android at: Binary XML file line #43
09-27 14:13:20.955 W/PackageParser( 9997): Ignoring duplicate uses-permissions/uses-permissions-sdk-m: android.permission.DOWNLOAD_WITHOUT_NOTIFICATION in package: com.yealink.uc.android at: Binary XML file line #46
09-27 14:13:20.955 W/PackageParser( 9997): Unknown element under <manifest>: meta-data at /storage/emulated/0/Download/Yealink_UC_Android_1.1.17.1027-local-release.apk Binary XML file line #53
09-27 14:13:21.055 I/ActivityManager( 1851): START u0 {act=android.intent.action.VIEW dat=file:///storage/emulated/0/Download/Yealink_UC_Android_1.1.17.1027-local-release.apk typ=application/vnd.android.package-archive flg=0x10000000 cmp=com.miui.packageinstaller/com.android.packageinstaller.PackageInstallerActivity} from uid 10017 on display 0
09-27 14:13:21.136 I/ActivityManager( 1851): Start proc 30565:com.miui.packageinstaller/u0a19 for activity com.miui.packageinstaller/com.android.packageinstaller.PackageInstallerActivity
09-27 14:13:21.255 E/NetlinkEvent(  289): NetlinkEvent::FindParam(): Parameter 'TIME_NS' not found
09-27 14:13:21.255 E/NetlinkEvent(  289): NetlinkEvent::FindParam(): Parameter 'UID' not found
09-27 14:13:21.773 W/PackageParser(30565): Ignoring duplicate uses-permissions/uses-permissions-sdk-m: android.permission.CALL_PHONE in package: com.yealink.uc.android at: Binary XML file line #43
09-27 14:13:21.773 W/PackageParser(30565): Ignoring duplicate uses-permissions/uses-permissions-sdk-m: android.permission.DOWNLOAD_WITHOUT_NOTIFICATION in package: com.yealink.uc.android at: Binary XML file line #46
09-27 14:13:21.774 W/PackageParser(30565): Unknown element under <manifest>: meta-data at /storage/emulated/0/Download/Yealink_UC_Android_1.1.17.1027-local-release.apk Binary XML file line #53
09-27 14:13:25.114 I/ActivityManager( 1851): START u0 {dat=file:///storage/emulated/0/Download/Yealink_UC_Android_1.1.17.1027-local-release.apk cmp=com.miui.packageinstaller/com.android.packageinstaller.InstallAppProgress (has extras)} from uid 10019 on display 0
09-27 14:13:27.195 E/NetlinkEvent(  289): NetlinkEvent::FindParam(): Parameter 'TIME_NS' not found
09-27 14:13:27.196 E/NetlinkEvent(  289): NetlinkEvent::FindParam(): Parameter 'UID' not found
09-27 14:13:32.606 I/ActivityManager( 1851): Start proc 30654:com.miui.guardprovider/u0a49 for content provider com.miui.guardprovider/.GuardProvider
09-27 14:13:32.798 W/PackageParser(30654): Ignoring duplicate uses-permissions/uses-permissions-sdk-m: android.permission.CALL_PHONE in package: com.yealink.uc.android at: Binary XML file line #43
09-27 14:13:32.799 W/PackageParser(30654): Ignoring duplicate uses-permissions/uses-permissions-sdk-m: android.permission.DOWNLOAD_WITHOUT_NOTIFICATION in package: com.yealink.uc.android at: Binary XML file line #46
09-27 14:13:32.800 W/PackageParser(30654): Unknown element under <manifest>: meta-data at /data/app/vmdl133302088.tmp/base.apk Binary XML file line #53
09-27 14:13:32.839 I/ActivityManager( 1851): Killing 24558:com.miui.micloudsync:sync/u0a124 (adj 15): empty #17
09-27 14:13:35.129 W/ActivityManager( 1851): Launch timeout has expired, giving up wake lock!
09-27 14:13:39.528 W/PackageParser( 1851): Ignoring duplicate uses-permissions/uses-permissions-sdk-m: android.permission.CALL_PHONE in package: com.yealink.uc.android at: Binary XML file line #43
09-27 14:13:39.528 W/PackageParser( 1851): Ignoring duplicate uses-permissions/uses-permissions-sdk-m: android.permission.DOWNLOAD_WITHOUT_NOTIFICATION in package: com.yealink.uc.android at: Binary XML file line #46
09-27 14:13:39.528 W/PackageParser( 1851): Unknown element under <manifest>: meta-data at /data/app/vmdl133302088.tmp/base.apk Binary XML file line #53
09-27 14:14:06.419 W/PackageManager( 1851): Not granting permission android.permission.READ_LOGS to package com.yealink.uc.android (protectionLevel=50 flags=0x3858be44)
09-27 14:14:06.419 W/PackageManager( 1851): Unknown permission com.huawei.android.launcher.permission.CHANGE_BADGE in package com.yealink.uc.android
09-27 14:14:06.419 W/PackageManager( 1851): Not granting permission android.permission.CAPTURE_AUDIO_OUTPUT to package com.yealink.uc.android (protectionLevel=18 flags=0x3858be44)
09-27 14:14:07.033 W/BroadcastQueueInjector( 1851): Unable to launch app com.yealink.videophone/10221 for broadcast Intent { act=android.intent.action.PACKAGE_ADDED dat=package:com.yealink.uc.android flg=0x4000010 (has extras) }: process is not permitted to  auto start
09-27 14:14:07.083 I/WakePathChecker( 1851): updateLauncherPackageNames =com.miui.home
09-27 14:14:07.187 W/BroadcastQueueInjector( 1851): Unable to launch app com.android.providers.downloads.ui/10009 for broadcast Intent { act=android.intent.action.PACKAGE_ADDED dat=package:com.yealink.uc.android flg=0x4000011 (has extras) }: process is not permitted to  auto start
09-27 14:14:07.326 W/ContextImpl( 3174): Calling a method in the system process without a qualified user: android.app.ContextImpl.sendBroadcast:773 android.content.ContextWrapper.sendBroadcast:406 android.content.ContextWrapper.sendBroadcast:406 com.miui.appcompatibility.b.X:-1 com.miui.appcompatibility.b.a:-1 
09-27 14:14:07.397 W/BroadcastQueueInjector( 1851): Unable to launch app com.xiaomi.gamecenter/10064 for broadcast Intent { act=android.intent.action.PACKAGE_ADDED dat=package:com.yealink.uc.android flg=0x4000011 (has extras) }: process is not permitted to  auto start
09-27 14:14:07.455 E/NetlinkEvent(  289): NetlinkEvent::FindParam(): Parameter 'TIME_NS' not found
09-27 14:14:07.455 E/NetlinkEvent(  289): NetlinkEvent::FindParam(): Parameter 'UID' not found
09-27 14:14:07.477 I/ActivityManager( 1851): Start proc 30805:com.svox.pico/u0a74 for broadcast com.svox.pico/.VoiceDataInstallerReceiver
09-27 14:14:07.585 W/XSpaceManagerService( 1851): update XSpace App: packageName:com.yealink.uc.android, user:UserHandle{0}, action:android.intent.action.PACKAGE_ADDED
09-27 14:14:07.645 I/ActivityManager( 1851): Killing 24235:com.android.providers.calendar/u0a2 (adj 15): empty #17
09-27 14:14:07.673 W/BroadcastQueueInjector( 1851): Unable to launch app com.xiaomi.gamecenter/10064 for broadcast Intent { act=com.miui.action.appcompatibility.update flg=0x11 }: process is not permitted to  auto start
09-27 14:14:07.675 W/BroadcastQueueInjector( 1851): Unable to launch app com.android.quicksearchbox/10029 for broadcast Intent { act=android.search.action.SEARCHABLES_CHANGED flg=0x24000011 }: process is not permitted to  auto start
09-27 14:14:08.835 I/WakePathChecker( 1851): MIUILOG-WAKEPATH pushWakePathWhiteList: userId=0 size=4
09-27 14:14:10.456 E/NetlinkEvent(  289): NetlinkEvent::FindParam(): Parameter 'TIME_NS' not found
09-27 14:14:10.456 E/NetlinkEvent(  289): NetlinkEvent::FindParam(): Parameter 'UID' not found
09-27 14:14:16.370 I/ActivityManager( 1851): START u0 {act=android.intent.action.MAIN cat=[android.intent.category.LAUNCHER] flg=0x10000000 pkg=com.yealink.uc.android cmp=com.yealink.uc.android/.StartActivity} from uid 10019 on display 0
09-27 14:14:16.466 I/ActivityManager( 1851): Start proc 30843:com.yealink.uc.android/u0a230 for activity com.yealink.uc.android/.StartActivity
09-27 14:14:16.491 E/NetlinkEvent(  289): NetlinkEvent::FindParam(): Parameter 'TIME_NS' not found
09-27 14:14:16.491 E/NetlinkEvent(  289): NetlinkEvent::FindParam(): Parameter 'UID' not found
09-27 14:14:17.299 I/ActivityManager( 1851): START u0 {cmp=com.yealink.uc.android/.login.WelcomeActivity} from uid 10230 on display 0
09-27 14:14:17.484 I/ActivityManager( 1851): Start proc 30911:com.yealink.uc.android:watch/u0a230 for service com.yealink.uc.android/com.yealink.common.daemon.WatchService
09-27 14:14:18.047 W/ActivityManager( 1851): Unable to start service Intent { act=com.google.android.gms.ads.identifier.service.START pkg=com.google.android.gms } U=0: not found
09-27 14:14:19.555 W/ActivityManager( 1851): Unbind failed: could not find connection for android.os.BinderProxy@50998e7
09-27 14:14:19.664 W/ActivityManager( 1851): Unable to start service Intent { act=com.google.android.gms.ads.identifier.service.START pkg=com.google.android.gms } U=0: not found
09-27 14:14:20.656 I/ActivityManager( 1851): Killing 24318:com.android.calendar/u0a7 (adj 15): empty #17
09-27 14:14:20.879 E/libprocessgroup( 1851): failed to kill 1 processes for processgroup 24318
09-27 14:14:21.165 W/ActivityManager( 1851): Unbind failed: could not find connection for android.os.BinderProxy@a3bfe00
09-27 14:14:26.295 E/NetlinkEvent(  289): NetlinkEvent::FindParam(): Parameter 'TIME_NS' not found
09-27 14:14:26.296 E/NetlinkEvent(  289): NetlinkEvent::FindParam(): Parameter 'UID' not found
09-27 14:14:26.479 I/ActivityManager( 1851): START u0 {cmp=com.yealink.uc.android/.login.LoginActivity (has extras)} from uid 10230 on display 0
09-27 14:14:27.686 W/BroadcastQueueInjector( 1851): Unable to launch app com.android.quicksearchbox/10029 for broadcast Intent { act=android.search.action.SEARCHABLES_CHANGED flg=0x24000011 }: process is not permitted to  auto start
09-27 14:14:27.982 W/MiuiPerfServiceClient( 3565): interceptAndQueuing:30843|com.yealink.uc.android|272|228|unknown|null|com.yealink.uc.android/com.yealink.uc.android.login.LoginActivity|87957751799640|Slow bitmap uploads|2
09-27 14:14:28.942 I/WindowManager( 1851): input method visible height changed 803
09-27 14:14:29.392 E/NetlinkEvent(  289): NetlinkEvent::FindParam(): Parameter 'TIME_NS' not found
09-27 14:14:29.392 E/NetlinkEvent(  289): NetlinkEvent::FindParam(): Parameter 'UID' not found
09-27 14:14:30.147 I/ActivityManager( 1851): Killing 29545:com.android.keychain/1000 (adj 15): empty #17
09-27 14:14:32.447 E/NetlinkEvent(  289): NetlinkEvent::FindParam(): Parameter 'TIME_NS' not found
09-27 14:14:32.447 E/NetlinkEvent(  289): NetlinkEvent::FindParam(): Parameter 'UID' not found
09-27 14:14:34.768 W/MiuiPerfServiceClient( 3565): interceptAndQueuing:3402|com.sohu.inputmethod.sogou.xiaomi|159|159|unknown|null|InputMethod|87964358312553|Slow main thread|1
09-27 14:14:58.714 I/WindowManager( 1851): input method visible height changed 0
09-27 14:14:59.608 E/NetlinkEvent(  289): NetlinkEvent::FindParam(): Parameter 'TIME_NS' not found
09-27 14:14:59.608 E/NetlinkEvent(  289): NetlinkEvent::FindParam(): Parameter 'UID' not found
09-27 14:15:00.034 I/ActivityManager( 1851): START u0 {flg=0x4000000 cmp=com.yealink.uc.android/.MainActivity} from uid 10230 on display 0
09-27 14:15:01.647 W/MiuiPerfServiceClient( 3565): interceptAndQueuing:30843|com.yealink.uc.android|1035|889|unknown|null|com.yealink.uc.android/com.yealink.uc.android.MainActivity|87991612611293|Slow main thread|4
09-27 14:15:04.628 I/ActivityManager( 1851): START u0 {cmp=com.yealink.uc.android/com.yealink.common.dialog.DialogActivity (has extras)} from uid 10230 on display 0
09-27 14:15:07.884 W/MiuiPerfServiceClient( 3565): interceptAndQueuing:30843|com.yealink.uc.android|2160|1956|unknown|null|com.yealink.uc.android/com.yealink.uc.android.MainActivity|87997777689988|Slow main thread|3
09-27 14:15:10.437 I/ActivityManager( 1851): START u0 {cmp=com.yealink.uc.android/com.yealink.common.dialog.DialogActivity (has extras)} from uid 10230 on display 0
09-27 14:15:12.902 W/MiuiPerfServiceClient( 3565): interceptAndQueuing:30843|com.yealink.uc.android|260|260|unknown|null|com.yealink.uc.android/com.yealink.uc.android.MainActivity|88002829784986|Slow main thread|1
09-27 14:15:17.350 I/ActivityManager( 1851): Start proc 31528:com.android.providers.calendar/u0a2 for content provider com.android.providers.calendar/.CalendarProvider2
09-27 14:15:19.339 I/ActivityManager( 1851): Killing 29617:com.android.documentsui/u0a46 (adj 15): empty #17
09-27 14:15:19.569 I/AutoStartManagerService( 1851): MIUILOG- Reject service :Intent { act=android.content.SyncAdapter cmp=com.wandoujia.phoenix2/com.pp.assistant.worker.AccountSyncService (has extras) } userId : 0 uid : 10121
09-27 14:15:21.200 I/ActivityManager( 1851): Start proc 31563:com.android.calendar/u0a7 for broadcast com.android.calendar/.alerts.AlertReceiver
09-27 14:15:21.805 I/ActivityManager( 1851): Killing 29655:com.android.externalstorage/u0a11 (adj 15): empty #17
09-27 14:15:24.885 E/NetlinkEvent(  289): NetlinkEvent::FindParam(): Parameter 'TIME_NS' not found
09-27 14:15:24.885 E/NetlinkEvent(  289): NetlinkEvent::FindParam(): Parameter 'UID' not found
09-27 14:15:26.930 E/NetlinkEvent(  289): NetlinkEvent::FindParam(): Parameter 'TIME_NS' not found
09-27 14:15:26.930 E/NetlinkEvent(  289): NetlinkEvent::FindParam(): Parameter 'UID' not found
09-27 14:15:29.955 E/NetlinkEvent(  289): NetlinkEvent::FindParam(): Parameter 'TIME_NS' not found
09-27 14:15:29.955 E/NetlinkEvent(  289): NetlinkEvent::FindParam(): Parameter 'UID' not found
09-27 14:15:31.943 E/NetlinkEvent(  289): NetlinkEvent::FindParam(): Parameter 'TIME_NS' not found
09-27 14:15:31.943 E/NetlinkEvent(  289): NetlinkEvent::FindParam(): Parameter 'UID' not found
09-27 14:15:35.265 E/NetlinkEvent(  289): NetlinkEvent::FindParam(): Parameter 'TIME_NS' not found
09-27 14:15:35.265 E/NetlinkEvent(  289): NetlinkEvent::FindParam(): Parameter 'UID' not found
09-27 14:15:37.457 W/ActivityManager( 1851): Invalid packageName: com.yealink.uc.android.alpha
09-27 14:15:39.278 W/PackageManager( 1851): Package named 'com.yealink.uc.android.alpha' doesn't exist.
09-27 14:15:39.465 I/com.android.server.pm.PackageManagerServiceInjector( 1851): MIUILOG-onPackageDeleted: PackageEvent { mTimeStamp=2018-09-27 14:15:39 mAction=Uninstall mPackageName=com.yealink.uc.android.alpha mReturnCode=-1 mVersionCode=-1 mVersionName=mInstallerPkgName=
09-27 14:15:40.992 I/ActivityManager( 1851): START u0 {act=android.intent.action.VIEW dat=file:///data/local/tmp/3898882cbd5152866c8ef9537e5cd545.apk typ=application/vnd.android.package-archive flg=0x18000000 cmp=com.miui.securitycenter/com.miui.permcenter.install.AdbInstallActivity (has extras)} from uid 2000 on display 0
09-27 14:15:41.077 I/ActivityManager( 1851): Start proc 31698:com.miui.securitycenter/1000 for activity com.miui.securitycenter/com.miui.permcenter.install.AdbInstallActivity
09-27 14:15:41.666 E/NetlinkEvent(  289): NetlinkEvent::FindParam(): Parameter 'TIME_NS' not found
09-27 14:15:41.666 E/NetlinkEvent(  289): NetlinkEvent::FindParam(): Parameter 'UID' not found
09-27 14:15:41.717 W/PackageParser(30654): Ignoring duplicate uses-permissions/uses-permissions-sdk-m: android.permission.CALL_PHONE in package: com.yealink.uc.android.alpha at: Binary XML file line #43
09-27 14:15:41.717 W/PackageParser(30654): Ignoring duplicate uses-permissions/uses-permissions-sdk-m: android.permission.DOWNLOAD_WITHOUT_NOTIFICATION in package: com.yealink.uc.android.alpha at: Binary XML file line #46
09-27 14:15:41.717 W/PackageParser(30654): Unknown element under <manifest>: meta-data at /data/local/tmp/3898882cbd5152866c8ef9537e5cd545.apk Binary XML file line #53
09-27 14:15:44.244 I/ActivityManager( 1851): Killing 29677:com.android.shell/2000 (adj 15): empty #17
09-27 14:15:44.340 W/PackageParser(30654): Ignoring duplicate uses-permissions/uses-permissions-sdk-m: android.permission.CALL_PHONE in package: com.yealink.uc.android.alpha at: Binary XML file line #43
09-27 14:15:44.341 W/PackageParser(30654): Ignoring duplicate uses-permissions/uses-permissions-sdk-m: android.permission.DOWNLOAD_WITHOUT_NOTIFICATION in package: com.yealink.uc.android.alpha at: Binary XML file line #46
09-27 14:15:44.341 W/PackageParser(30654): Unknown element under <manifest>: meta-data at /data/local/tmp/3898882cbd5152866c8ef9537e5cd545.apk Binary XML file line #53
09-27 14:15:44.386 W/MIUI-BLOCK-MONITOR(31680): The binder call took 3383ms.
09-27 14:15:44.386 W/MIUI-BLOCK-MONITOR(31680): java.lang.Throwable
09-27 14:15:44.386 W/MIUI-BLOCK-MONITOR(31680): 	at android.os.AnrMonitor.checkBinderCallTime(AnrMonitor.java:609)
09-27 14:15:44.386 W/MIUI-BLOCK-MONITOR(31680): 	at android.os.BinderProxy.transact(Binder.java:513)
09-27 14:15:44.386 W/MIUI-BLOCK-MONITOR(31680): 	at android.content.pm.IPackageManager$Stub$Proxy.installPackageAsUser(IPackageManager.java:3488)
09-27 14:15:44.386 W/MIUI-BLOCK-MONITOR(31680): 	at com.android.commands.pm.Pm.runInstall(Pm.java:1144)
09-27 14:15:44.386 W/MIUI-BLOCK-MONITOR(31680): 	at com.android.commands.pm.Pm.run(Pm.java:150)
09-27 14:15:44.386 W/MIUI-BLOCK-MONITOR(31680): 	at com.android.commands.pm.Pm.main(Pm.java:108)
09-27 14:15:44.386 W/MIUI-BLOCK-MONITOR(31680): 	at com.android.internal.os.RuntimeInit.nativeFinishInit(Native Method)
09-27 14:15:44.386 W/MIUI-BLOCK-MONITOR(31680): 	at com.android.internal.os.RuntimeInit.main(RuntimeInit.java:354)
09-27 14:15:50.757 W/PackageParser( 1851): Ignoring duplicate uses-permissions/uses-permissions-sdk-m: android.permission.CALL_PHONE in package: com.yealink.uc.android.alpha at: Binary XML file line #43
09-27 14:15:50.757 W/PackageParser( 1851): Ignoring duplicate uses-permissions/uses-permissions-sdk-m: android.permission.DOWNLOAD_WITHOUT_NOTIFICATION in package: com.yealink.uc.android.alpha at: Binary XML file line #46
09-27 14:15:50.757 W/PackageParser( 1851): Unknown element under <manifest>: meta-data at /data/app/vmdl518116822.tmp/base.apk Binary XML file line #53
09-27 14:15:51.455 I/ActivityManager( 1851): START u0 {cmp=com.yealink.uc.android/com.yealink.common.dialog.DialogActivity (has extras)} from uid 10230 on display 0
09-27 14:15:55.592 I/ActivityManager( 1851): START u0 {cmp=com.yealink.uc.android/com.yealink.common.dialog.DialogActivity (has extras)} from uid 10230 on display 0
09-27 14:15:59.383 I/ActivityManager( 1851): START u0 {cmp=com.yealink.uc.android/com.yealink.common.dialog.DialogActivity (has extras)} from uid 10230 on display 0
09-27 14:16:02.447 I/ActivityManager( 1851): START u0 {cmp=com.yealink.uc.android/com.yealink.common.dialog.DialogActivity (has extras)} from uid 10230 on display 0
09-27 14:16:05.548 I/ActivityManager( 1851): START u0 {cmp=com.yealink.uc.android/com.yealink.common.dialog.DialogActivity (has extras)} from uid 10230 on display 0
09-27 14:16:08.311 I/ActivityManager( 1851): START u0 {cmp=com.yealink.uc.android/com.yealink.common.dialog.DialogActivity (has extras)} from uid 10230 on display 0
09-27 14:16:11.813 I/ActivityManager( 1851): START u0 {cmp=com.yealink.uc.android/com.yealink.common.dialog.DialogActivity (has extras)} from uid 10230 on display 0
09-27 14:16:14.745 I/ActivityManager( 1851): START u0 {cmp=com.yealink.uc.android/com.yealink.common.dialog.DialogActivity (has extras)} from uid 10230 on display 0
09-27 14:16:14.856 W/MiuiPerfServiceClient( 3565): interceptAndQueuing:30843|com.yealink.uc.android|972|972|unknown|null|com.yealink.uc.android/com.yealink.uc.android.MainActivity|88064263849546|Slow main thread|1
09-27 14:16:17.078 W/MiuiPerfServiceClient( 3565): interceptAndQueuing:30843|com.yealink.uc.android|234|234|unknown|null|com.yealink.uc.android/com.yealink.uc.android.MainActivity|88066666965170|Slow main thread|1
09-27 14:16:17.527 I/ActivityManager( 1851): START u0 {cmp=com.yealink.uc.android/com.yealink.common.dialog.DialogActivity (has extras)} from uid 10230 on display 0
09-27 14:16:19.040 W/MiuiPerfServiceClient( 3565): interceptAndQueuing:30843|com.yealink.uc.android|206|206|unknown|null|com.yealink.uc.android/com.yealink.uc.android.MainActivity|88069128714909|Slow main thread|1
09-27 14:16:19.629 I/ActivityManager( 1851): Start proc 31864:com.miui.micloudsync:sync/u0a124 for service com.miui.micloudsync/.calendar.CalendarSyncService
09-27 14:16:20.247 I/ActivityManager( 1851): START u0 {cmp=com.yealink.uc.android/com.yealink.common.dialog.DialogActivity (has extras)} from uid 10230 on display 0
09-27 14:16:22.183 W/MiuiPerfServiceClient( 3565): interceptAndQueuing:30843|com.yealink.uc.android|321|321|unknown|null|com.yealink.uc.android/com.yealink.uc.android.MainActivity|88072321819023|Slow main thread|1
09-27 14:16:23.191 I/ActivityManager( 1851): START u0 {cmp=com.yealink.uc.android/com.yealink.common.dialog.DialogActivity (has extras)} from uid 10230 on display 0
09-27 14:16:26.038 I/ActivityManager( 1851): START u0 {cmp=com.yealink.uc.android/com.yealink.common.dialog.DialogActivity (has extras)} from uid 10230 on display 0
09-27 14:16:28.941 I/ActivityManager( 1851): START u0 {cmp=com.yealink.uc.android/com.yealink.common.dialog.DialogActivity (has extras)} from uid 10230 on display 0
09-27 14:16:32.463 I/ActivityManager( 1851): START u0 {cmp=com.yealink.uc.android/com.yealink.common.dialog.DialogActivity (has extras)} from uid 10230 on display 0
09-27 14:16:35.347 I/ActivityManager( 1851): START u0 {cmp=com.yealink.uc.android/com.yealink.common.dialog.DialogActivity (has extras)} from uid 10230 on display 0
09-27 14:16:39.102 I/ActivityManager( 1851): Process com.android.mms (pid 7735) has died: cch+6S 
09-27 14:16:39.103 W/ActivityManager( 1851): Scheduling restart of crashed service com.android.mms/com.xiaomi.mipush.sdk.MessageHandleService in 1000ms
09-27 14:16:39.104 W/ActivityManager( 1851): Scheduling restart of crashed service com.android.mms/com.xiaomi.mipush.sdk.PushMessageHandler in 10999ms
09-27 14:16:39.111 I/ActivityManager( 1851): Process com.android.email (pid 7818) has died: cch+6S 
09-27 14:16:39.112 W/ActivityManager( 1851): Scheduling restart of crashed service com.android.email/com.kingsoft.email.service.AttachmentDownloadService in 20991ms
09-27 14:16:39.112 W/ActivityManager( 1851): Scheduling restart of crashed service com.android.email/com.kingsoft.email.service.ImapService in 30991ms
09-27 14:16:39.112 W/ActivityManager( 1851): Scheduling restart of crashed service com.android.email/com.kingsoft.email.service.Pop3Service in 40991ms
09-27 14:16:39.136 I/ActivityManager( 1851): Process com.miui.voiceassist (pid 20986) has died: cch+6S 
09-27 14:16:39.137 I/AutoStartManagerService( 1851): MIUILOG- Reject RestartService packageName :com.miui.voiceassist uid : 10087
09-27 14:16:39.217 I/ActivityManager( 1851): Process com.miui.gallery (pid 20755) has died: cch+6S 
09-27 14:16:39.218 I/AutoStartManagerService( 1851): MIUILOG- Reject RestartService packageName :com.miui.gallery uid : 10021
09-27 14:16:39.219 I/AutoStartManagerService( 1851): MIUILOG- Reject RestartService packageName :com.miui.gallery uid : 10021
09-27 14:16:39.343 E/libprocessgroup( 1851): failed to kill 1 processes for processgroup 7735
09-27 14:16:39.441 I/ActivityManager( 1851): START u0 {cmp=com.yealink.uc.android/com.yealink.common.dialog.DialogActivity (has extras)} from uid 10230 on display 0
09-27 14:16:40.123 I/ActivityManager( 1851): Start proc 31985:com.android.mms/u0a24 for service com.android.mms/com.xiaomi.mipush.sdk.MessageHandleService
09-27 14:16:41.466 I/ActivityManager( 1851): Start proc 32025:com.xiaomi.simactivate.service/u0a95 for service com.xiaomi.simactivate.service/com.xiaomi.activate.ActivateService
09-27 14:16:44.204 W/PackageManager( 1851): Not granting permission android.permission.READ_LOGS to package com.yealink.uc.android.alpha (protectionLevel=50 flags=0x3858be46)
09-27 14:16:44.204 W/PackageManager( 1851): Unknown permission com.huawei.android.launcher.permission.CHANGE_BADGE in package com.yealink.uc.android.alpha
09-27 14:16:44.204 W/PackageManager( 1851): Not granting permission android.permission.CAPTURE_AUDIO_OUTPUT to package com.yealink.uc.android.alpha (protectionLevel=18 flags=0x3858be46)
09-27 14:16:44.483 I/ActivityManager( 1851): Killing 29803:com.xiaomi.scanner/u0a65 (adj 15): empty #17
09-27 14:16:44.731 W/MiuiPerfServiceClient( 3565): interceptAndQueuing:30843|com.yealink.uc.android|661|517|unknown|null|com.yealink.uc.android/com.yealink.uc.android.MainActivity|88094869709430|Slow main thread|2
09-27 14:16:44.765 E/libprocessgroup( 1851): failed to kill 1 processes for processgroup 29803
09-27 14:16:45.645 W/BroadcastQueueInjector( 1851): Unable to launch app com.yealink.videophone/10221 for broadcast Intent { act=android.intent.action.PACKAGE_ADDED dat=package:com.yealink.uc.android.alpha flg=0x4000010 (has extras) }: process is not permitted to  auto start
09-27 14:16:45.685 I/WakePathChecker( 1851): updateLauncherPackageNames =com.miui.home
09-27 14:16:46.051 W/BroadcastQueueInjector( 1851): Unable to launch app com.android.providers.downloads.ui/10009 for broadcast Intent { act=android.intent.action.PACKAGE_ADDED dat=package:com.yealink.uc.android.alpha flg=0x4000011 (has extras) }: process is not permitted to  auto start
09-27 14:16:46.353 W/ContextImpl( 3174): Calling a method in the system process without a qualified user: android.app.ContextImpl.sendBroadcast:773 android.content.ContextWrapper.sendBroadcast:406 android.content.ContextWrapper.sendBroadcast:406 com.miui.appcompatibility.b.X:-1 com.miui.appcompatibility.b.a:-1 
09-27 14:16:46.399 W/BroadcastQueueInjector( 1851): Unable to launch app com.xiaomi.gamecenter/10064 for broadcast Intent { act=android.intent.action.PACKAGE_ADDED dat=package:com.yealink.uc.android.alpha flg=0x4000011 (has extras) }: process is not permitted to  auto start
09-27 14:16:46.634 W/BroadcastQueueInjector( 1851): Unable to launch app com.xiaomi.gamecenter/10064 for broadcast Intent { act=com.miui.action.appcompatibility.update flg=0x11 }: process is not permitted to  auto start
09-27 14:16:46.983 W/BroadcastQueueInjector( 1851): Unable to launch app com.android.quicksearchbox/10029 for broadcast Intent { act=android.search.action.SEARCHABLES_CHANGED flg=0x24000011 }: process is not permitted to  auto start
09-27 14:16:47.031 W/XSpaceManagerService( 1851): update XSpace App: packageName:com.yealink.uc.android.alpha, user:UserHandle{0}, action:android.intent.action.PACKAGE_ADDED
09-27 14:16:49.219 I/WakePathChecker( 1851): MIUILOG-WAKEPATH pushWakePathWhiteList: userId=0 size=4
09-27 14:16:53.586 I/ActivityManager( 1851): START u0 {cmp=com.yealink.uc.android/com.yealink.common.dialog.DialogActivity (has extras)} from uid 10230 on display 0
09-27 14:16:53.681 I/ActivityManager( 1851): Killing 29285:com.miui.systemAdSolution:ui/u0a82 (adj 15): empty #17
09-27 14:16:53.895 E/libprocessgroup( 1851): failed to kill 1 processes for processgroup 29285
09-27 14:16:55.142 I/ActivityManager( 1851): Force stopping com.yealink.uc.android.alpha appid=10231 user=0: from process:32124
09-27 14:16:55.142 I/AutoStartManagerService( 1851): MIUILOG- Reject RestartService packageName :com.yealink.uc.android.alpha uid : 10231
09-27 14:16:55.155 W/BroadcastQueueInjector( 1851): Unable to launch app com.yealink.videophone/10221 for broadcast Intent { act=android.intent.action.PACKAGE_RESTARTED dat=package:com.yealink.uc.android.alpha flg=0x10 (has extras) }: process is not permitted to  auto start
09-27 14:16:55.396 I/ActivityManager( 1851): START u0 {act=android.intent.action.MAIN cat=[android.intent.category.LAUNCHER] flg=0x10200000 cmp=com.yealink.uc.android.alpha/com.yealink.uc.android.StartActivity} from uid 2000 on display 0
09-27 14:16:55.577 I/ActivityManager( 1851): Start proc 32156:com.yealink.uc.android.alpha/u0a231 for activity com.yealink.uc.android.alpha/com.yealink.uc.android.StartActivity
09-27 14:16:57.038 I/ActivityManager( 1851): START u0 {cmp=com.yealink.uc.android.alpha/com.yealink.uc.android.login.WelcomeActivity} from uid 10231 on display 0
09-27 14:16:57.199 I/ActivityManager( 1851): Start proc 32222:com.yealink.uc.android.alpha:watch/u0a231 for service com.yealink.uc.android.alpha/com.yealink.common.daemon.WatchService
09-27 14:16:57.515 W/ActivityManager( 1851): Unable to start service Intent { act=com.google.android.gms.ads.identifier.service.START pkg=com.google.android.gms } U=0: not found
09-27 14:16:59.020 W/ActivityManager( 1851): Unbind failed: could not find connection for android.os.BinderProxy@875150b
09-27 14:16:59.119 W/ActivityManager( 1851): Unable to start service Intent { act=com.google.android.gms.ads.identifier.service.START pkg=com.google.android.gms } U=0: not found
09-27 14:17:00.129 I/ActivityManager( 1851): Start proc 32278:com.android.email/u0a53 for service com.android.email/com.kingsoft.email.service.AttachmentDownloadService
09-27 14:17:00.625 W/ActivityManager( 1851): Unbind failed: could not find connection for android.os.BinderProxy@b466400
09-27 14:17:00.725 E/NetlinkEvent(  289): NetlinkEvent::FindParam(): Parameter 'TIME_NS' not found
09-27 14:17:00.725 E/NetlinkEvent(  289): NetlinkEvent::FindParam(): Parameter 'UID' not found
09-27 14:17:01.127 E/NetlinkEvent(  289): NetlinkEvent::FindParam(): Parameter 'TIME_NS' not found
09-27 14:17:01.127 E/NetlinkEvent(  289): NetlinkEvent::FindParam(): Parameter 'UID' not found
09-27 14:17:02.864 W/BaseMiuiPhoneWindowManager( 1851): keyCode:3 down:true eventTime:88113109 downTime:88113109 policyFlags:22000002 flags:48 deviceId:6 isScreenOn:true keyguardActive:false repeatCount:0
09-27 14:17:02.956 W/BaseMiuiPhoneWindowManager( 1851): keyCode:3 down:false eventTime:88113200 downTime:88113109 policyFlags:22000002 flags:48 deviceId:6 isScreenOn:true keyguardActive:false repeatCount:0
09-27 14:17:02.976 I/ActivityManager( 1851): START u0 {act=android.intent.action.MAIN cat=[android.intent.category.HOME] flg=0x10200000 cmp=com.miui.home/.launcher.Launcher (has extras)} from uid 1000 on display 0
09-27 14:17:03.249 W/ContextImpl( 2731): Calling a method in the system process without a qualified user: android.app.ContextImpl.bindService:1295 android.content.ContextWrapper.bindService:614 com.xiaomi.mistatistic.sdk.controller.LocalEventRecorder.b:98 com.xiaomi.mistatistic.sdk.controller.LocalEventRecorder.b:78 com.xiaomi.mistatistic.sdk.controller.LocalEventRecorder.a:29 
09-27 14:17:04.863 I/ActivityManager( 1851): START u0 {act=android.intent.action.MAIN cat=[android.intent.category.LAUNCHER] flg=0x10200000 cmp=com.yealink.uc.android/.StartActivity bnds=[827,983][995,1151] (has extras)} from uid 10018 on display 0
09-27 14:17:05.034 I/ActivityManager( 1851): START u0 {cmp=com.yealink.uc.android/.login.WaitingActivity (has extras)} from uid 10230 on display 0
09-27 14:17:06.484 I/ActivityManager( 1851): START u0 {flg=0x4000000 cmp=com.yealink.uc.android/.MainActivity} from uid 10230 on display 0
09-27 14:17:06.496 W/ActivityManager( 1851): Duplicate finish request for ActivityRecord{bb7cc8e u0 com.yealink.uc.android/.login.WaitingActivity t1263 f}
09-27 14:17:07.892 I/ActivityManager( 1851): START u0 {cmp=com.yealink.uc.android/.personalcenter.PersonalCenterActivity (has extras)} from uid 10230 on display 0
09-27 14:17:08.072 W/MiuiPerfServiceClient( 3565): interceptAndQueuing:30843|com.yealink.uc.android|685|653|unknown|null|com.yealink.uc.android/com.yealink.uc.android.MainActivity|88118106182547|Slow issue draw commands|4
09-27 14:17:08.886 W/BroadcastQueueInjector( 1851): Unable to launch app com.android.quicksearchbox/10029 for broadcast Intent { act=android.search.action.SEARCHABLES_CHANGED flg=0x24000011 }: process is not permitted to  auto start
09-27 14:17:10.420 W/MiuiPerfServiceClient( 3565): interceptAndQueuing:30843|com.yealink.uc.android|803|538|unknown|null|com.yealink.uc.android/com.yealink.uc.android.MainActivity|88118997988484|Slow main thread|5
09-27 14:17:12.142 I/ActivityManager( 1851): START u0 {cmp=com.yealink.uc.android/.setting.SettingActivity} from uid 10230 on display 0
09-27 14:17:13.146 W/MiuiPerfServiceClient( 3565): interceptAndQueuing:30843|com.yealink.uc.android|2814|1860|unknown|null|com.yealink.uc.android/com.yealink.uc.android.personalcenter.PersonalCenterActivity|88122706919784|Slow main thread|7
09-27 14:17:13.661 W/MIUI-BLOCK-MONITOR( 3649): The msg { when=-34ms what=1 obj=android.os.AsyncTask$AsyncTaskResult@33d7b0d target=android.os.AsyncTask$InternalHandler planTime=1538029029811 dispatchTime=1538029029845 finishTime=0 } took 3850ms and took 3816ms after dispatch.
09-27 14:17:14.408 W/MiuiPerfServiceClient( 3565): interceptAndQueuing:30843|com.yealink.uc.android|220|172|unknown|null|com.yealink.uc.android/com.yealink.uc.android.setting.SettingActivity|88124024769628|Slow handle traversal|2
09-27 14:17:15.667 W/ProcessCpuTracker(32156): Skipping unknown process pid 1
09-27 14:17:15.676 W/ProcessCpuTracker(32156): Skipping unknown process pid 2
09-27 14:17:15.695 W/ProcessCpuTracker(32156): Skipping unknown process pid 3
09-27 14:17:15.702 W/ProcessCpuTracker(32156): Skipping unknown process pid 6
09-27 14:17:15.709 W/ProcessCpuTracker(32156): Skipping unknown process pid 7
09-27 14:17:15.727 W/ProcessCpuTracker(32156): Skipping unknown process pid 8
09-27 14:17:15.846 W/ProcessCpuTracker(32156): Skipping unknown process pid 21
09-27 14:17:15.861 W/ProcessCpuTracker(32156): Skipping unknown process pid 22
09-27 14:17:15.862 W/ProcessCpuTracker(32156): Skipping unknown process pid 28
09-27 14:17:15.865 W/ProcessCpuTracker(32156): Skipping unknown process pid 29
09-27 14:17:15.866 W/ProcessCpuTracker(32156): Skipping unknown process pid 30
09-27 14:17:15.866 W/ProcessCpuTracker(32156): Skipping unknown process pid 32
09-27 14:17:15.867 W/ProcessCpuTracker(32156): Skipping unknown process pid 33
09-27 14:17:15.867 W/ProcessCpuTracker(32156): Skipping unknown process pid 34
09-27 14:17:15.868 W/ProcessCpuTracker(32156): Skipping unknown process pid 51
09-27 14:17:15.868 W/ProcessCpuTracker(32156): Skipping unknown process pid 52
09-27 14:17:15.869 W/ProcessCpuTracker(32156): Skipping unknown process pid 53
09-27 14:17:15.869 W/ProcessCpuTracker(32156): Skipping unknown process pid 54
09-27 14:17:15.870 W/ProcessCpuTracker(32156): Skipping unknown process pid 55
09-27 14:17:15.870 W/ProcessCpuTracker(32156): Skipping unknown process pid 56
09-27 14:17:15.871 W/ProcessCpuTracker(32156): Skipping unknown process pid 57
09-27 14:17:15.871 W/ProcessCpuTracker(32156): Skipping unknown process pid 58
09-27 14:17:15.872 W/ProcessCpuTracker(32156): Skipping unknown process pid 59
09-27 14:17:15.872 W/ProcessCpuTracker(32156): Skipping unknown process pid 60
09-27 14:17:15.873 W/ProcessCpuTracker(32156): Skipping unknown process pid 61
09-27 14:17:15.873 W/ProcessCpuTracker(32156): Skipping unknown process pid 62
09-27 14:17:15.874 W/ProcessCpuTracker(32156): Skipping unknown process pid 63
09-27 14:17:15.874 W/ProcessCpuTracker(32156): Skipping unknown process pid 64
09-27 14:17:15.927 W/ProcessCpuTracker(32156): Skipping unknown process pid 65
09-27 14:17:15.928 W/ProcessCpuTracker(32156): Skipping unknown process pid 66
09-27 14:17:15.930 W/ProcessCpuTracker(32156): Skipping unknown process pid 67
09-27 14:17:15.931 W/ProcessCpuTracker(32156): Skipping unknown process pid 68
09-27 14:17:15.931 W/ProcessCpuTracker(32156): Skipping unknown process pid 69
09-27 14:17:15.945 W/ProcessCpuTracker(32156): Skipping unknown process pid 70
09-27 14:17:15.945 W/ProcessCpuTracker(32156): Skipping unknown process pid 71
09-27 14:17:15.946 W/ProcessCpuTracker(32156): Skipping unknown process pid 72
09-27 14:17:15.948 W/ProcessCpuTracker(32156): Skipping unknown process pid 73
09-27 14:17:15.963 W/ProcessCpuTracker(32156): Skipping unknown process pid 74
09-27 14:17:16.028 W/ProcessCpuTracker(32156): Skipping unknown process pid 75
09-27 14:17:16.029 W/ProcessCpuTracker(32156): Skipping unknown process pid 76
09-27 14:17:16.029 W/ProcessCpuTracker(32156): Skipping unknown process pid 77
09-27 14:17:16.196 W/ProcessCpuTracker(32156): Skipping unknown process pid 78
09-27 14:17:16.196 W/ProcessCpuTracker(32156): Skipping unknown process pid 79
09-27 14:17:16.197 W/ProcessCpuTracker(32156): Skipping unknown process pid 80
09-27 14:17:16.197 W/ProcessCpuTracker(32156): Skipping unknown process pid 81
09-27 14:17:16.198 W/ProcessCpuTracker(32156): Skipping unknown process pid 82
09-27 14:17:16.198 W/ProcessCpuTracker(32156): Skipping unknown process pid 94
09-27 14:17:16.285 W/ProcessCpuTracker(32156): Skipping unknown process pid 95
09-27 14:17:16.285 W/ProcessCpuTracker(32156): Skipping unknown process pid 96
09-27 14:17:16.286 W/ProcessCpuTracker(32156): Skipping unknown process pid 97
09-27 14:17:16.286 W/ProcessCpuTracker(32156): Skipping unknown process pid 98
09-27 14:17:16.287 W/ProcessCpuTracker(32156): Skipping unknown process pid 99
09-27 14:17:16.287 W/ProcessCpuTracker(32156): Skipping unknown process pid 100
09-27 14:17:16.288 W/ProcessCpuTracker(32156): Skipping unknown process pid 104
09-27 14:17:16.288 W/ProcessCpuTracker(32156): Skipping unknown process pid 105
