09-27 14:36:49.700 E/NetlinkEvent(  289): NetlinkEvent::FindParam(): Parameter 'TIME_NS' not found
09-27 14:36:49.700 E/NetlinkEvent(  289): NetlinkEvent::FindParam(): Parameter 'UID' not found
09-27 14:36:55.058 I/ActivityManager( 1851): START u0 {cmp=com.yealink.uc.android/com.yealink.common.dialog.DialogActivity (has extras)} from uid 10232 on display 0
09-27 14:36:57.990 I/ActivityManager( 1851): START u0 {cmp=com.yealink.uc.android/com.yealink.common.dialog.DialogActivity (has extras)} from uid 10232 on display 0
09-27 14:37:04.505 E/NetlinkEvent(  289): NetlinkEvent::FindParam(): Parameter 'TIME_NS' not found
09-27 14:37:04.505 E/NetlinkEvent(  289): NetlinkEvent::FindParam(): Parameter 'UID' not found
09-27 14:37:05.438 E/NetlinkEvent(  289): NetlinkEvent::FindParam(): Parameter 'TIME_NS' not found
09-27 14:37:05.438 E/NetlinkEvent(  289): NetlinkEvent::FindParam(): Parameter 'UID' not found
09-27 14:37:09.025 E/NetlinkEvent(  289): NetlinkEvent::FindParam(): Parameter 'TIME_NS' not found
09-27 14:37:09.025 E/NetlinkEvent(  289): NetlinkEvent::FindParam(): Parameter 'UID' not found
09-27 14:37:09.337 E/NetlinkEvent(  289): NetlinkEvent::FindParam(): Parameter 'TIME_NS' not found
09-27 14:37:09.337 E/NetlinkEvent(  289): NetlinkEvent::FindParam(): Parameter 'UID' not found
09-27 14:37:27.541 W/MiuiPerfServiceClient( 3565): interceptAndQueuing:6907|com.yealink.uc.android|243|197|unknown|null|com.yealink.uc.android/com.yealink.uc.android.MainActivity|89337685002289|Slow handle traversal|2
09-27 14:37:30.237 I/ActivityManager( 1851): START u0 {cmp=com.yealink.uc.android/com.yealink.common.dialog.DialogActivity (has extras)} from uid 10232 on display 0
09-27 14:37:30.564 W/MiuiPerfServiceClient( 3565): interceptAndQueuing:6907|com.yealink.uc.android|235|136|unknown|null|com.yealink.uc.android/com.yealink.uc.android.MainActivity|89340617129372|Slow main thread|4
09-27 14:37:33.641 W/MiuiPerfServiceClient( 3565): interceptAndQueuing:6907|com.yealink.uc.android|1954|1919|unknown|null|com.yealink.uc.android/com.yealink.uc.android.MainActivity|89343798521505|Slow main thread|2
09-27 14:37:34.343 I/ActivityManager( 1851): START u0 {cmp=com.yealink.uc.android/com.yealink.common.dialog.DialogActivity (has extras)} from uid 10232 on display 0
09-27 14:37:37.262 I/ActivityManager( 1851): START u0 {cmp=com.yealink.uc.android/com.yealink.common.dialog.DialogActivity (has extras)} from uid 10232 on display 0
09-27 14:37:45.676 W/MiuiPerfServiceClient( 3565): interceptAndQueuing:6907|com.yealink.uc.android|278|278|unknown|null|com.yealink.uc.android/com.yealink.uc.android.MainActivity|89353176341034|Slow main thread|1
09-27 14:37:47.909 W/MiuiPerfServiceClient( 3565): interceptAndQueuing:6907|com.yealink.uc.android|247|247|unknown|null|com.yealink.uc.android/com.yealink.uc.android.MainActivity|89356489689470|Slow main thread|1
09-27 14:37:52.747 I/ActivityManager( 1851): START u0 {cmp=com.yealink.uc.android/com.yealink.common.dialog.DialogActivity (has extras)} from uid 10232 on display 0
09-27 14:37:56.748 I/ActivityManager( 1851): START u0 {cmp=com.yealink.uc.android/com.yealink.common.dialog.DialogActivity (has extras)} from uid 10232 on display 0
09-27 14:37:57.003 W/MiuiPerfServiceClient( 3565): interceptAndQueuing:6907|com.yealink.uc.android|2114|2007|unknown|null|com.yealink.uc.android/com.yealink.uc.android.MainActivity|89367110348789|Slow main thread|4
09-27 14:37:57.894 W/MiuiPerfServiceClient( 3565): interceptAndQueuing:6907|com.yealink.uc.android|190|181|unknown|null|com.yealink.uc.android/com.yealink.uc.android.MainActivity|89367977392643|Slow handle traversal|2
09-27 14:37:59.989 I/ActivityManager( 1851): START u0 {cmp=com.yealink.uc.android/com.yealink.common.dialog.DialogActivity (has extras)} from uid 10232 on display 0
09-27 14:38:03.463 W/MiuiPerfServiceClient( 3565): interceptAndQueuing:6907|com.yealink.uc.android|1241|1229|unknown|null|com.yealink.uc.android/com.yealink.uc.android.MainActivity|89372775231651|Slow main thread|2
09-27 14:38:08.053 I/AutoStartManagerService( 1851): MIUILOG- Reject service :Intent { act=android.content.SyncAdapter cmp=com.wandoujia.phoenix2/com.pp.assistant.worker.AccountSyncService (has extras) } userId : 0 uid : 10121
09-27 14:38:08.855 E/NetlinkEvent(  289): NetlinkEvent::FindParam(): Parameter 'TIME_NS' not found
09-27 14:38:08.855 E/NetlinkEvent(  289): NetlinkEvent::FindParam(): Parameter 'UID' not found
09-27 14:38:10.901 E/NetlinkEvent(  289): NetlinkEvent::FindParam(): Parameter 'TIME_NS' not found
09-27 14:38:10.901 E/NetlinkEvent(  289): NetlinkEvent::FindParam(): Parameter 'UID' not found
09-27 14:38:13.955 E/NetlinkEvent(  289): NetlinkEvent::FindParam(): Parameter 'TIME_NS' not found
09-27 14:38:13.955 E/NetlinkEvent(  289): NetlinkEvent::FindParam(): Parameter 'UID' not found
09-27 14:38:14.124 I/ActivityManager( 1851): START u0 {cmp=com.yealink.uc.android/.personalcenter.PersonalCenterActivity (has extras)} from uid 10232 on display 0
09-27 14:38:14.397 E/NetlinkEvent(  289): NetlinkEvent::FindParam(): Parameter 'TIME_NS' not found
09-27 14:38:14.397 E/NetlinkEvent(  289): NetlinkEvent::FindParam(): Parameter 'UID' not found
09-27 14:38:15.428 W/MiuiPerfServiceClient( 3565): interceptAndQueuing:6907|com.yealink.uc.android|330|264|unknown|null|com.yealink.uc.android/com.yealink.uc.android.personalcenter.PersonalCenterActivity|89385318714250|Slow main thread|5
09-27 14:38:16.847 I/ActivityManager( 1851): START u0 {cmp=com.yealink.uc.android/com.yealink.common.dialog.DialogActivity (has extras)} from uid 10232 on display 0
09-27 14:38:21.117 I/ActivityManager( 1851): START u0 {cmp=com.yealink.uc.android/.personalcenter.PersonalCenterActivity (has extras)} from uid 10232 on display 0
09-27 14:38:22.851 W/MiuiPerfServiceClient( 3565): interceptAndQueuing:6907|com.yealink.uc.android|169|93|unknown|null|com.yealink.uc.android/com.yealink.uc.android.MainActivity|89391558409925|Slow main thread|3
09-27 14:38:22.890 I/ActivityManager( 1851): START u0 {cmp=com.yealink.uc.android/.setting.SettingActivity} from uid 10232 on display 0
09-27 14:38:24.996 E/NetlinkEvent(  289): NetlinkEvent::FindParam(): Parameter 'TIME_NS' not found
09-27 14:38:24.996 E/NetlinkEvent(  289): NetlinkEvent::FindParam(): Parameter 'UID' not found
09-27 14:38:25.852 E/NetlinkEvent(  289): NetlinkEvent::FindParam(): Parameter 'TIME_NS' not found
09-27 14:38:25.853 E/NetlinkEvent(  289): NetlinkEvent::FindParam(): Parameter 'UID' not found
09-27 14:38:28.905 E/NetlinkEvent(  289): NetlinkEvent::FindParam(): Parameter 'TIME_NS' not found
09-27 14:38:28.905 E/NetlinkEvent(  289): NetlinkEvent::FindParam(): Parameter 'UID' not found
09-27 14:38:30.868 E/NetlinkEvent(  289): NetlinkEvent::FindParam(): Parameter 'TIME_NS' not found
09-27 14:38:30.869 E/NetlinkEvent(  289): NetlinkEvent::FindParam(): Parameter 'UID' not found
09-27 14:38:35.405 E/NetlinkEvent(  289): NetlinkEvent::FindParam(): Parameter 'TIME_NS' not found
09-27 14:38:35.406 E/NetlinkEvent(  289): NetlinkEvent::FindParam(): Parameter 'UID' not found
09-27 14:38:35.936 I/ActivityManager( 1851): Killing 4999:com.android.shell/2000 (adj 15): empty for 603s
09-27 14:38:35.936 I/ActivityManager( 1851): Killing 4972:com.android.externalstorage/u0a11 (adj 15): empty for 604s
09-27 14:38:38.555 I/ActivityManager( 1851): START u0 {cmp=com.yealink.uc.android/.personalcenter.PersonalCenterActivity (has extras)} from uid 10232 on display 0
09-27 14:38:38.607 W/MiuiPerfServiceClient( 3565): interceptAndQueuing:6907|com.yealink.uc.android|172|75|unknown|null|com.yealink.uc.android/com.yealink.uc.android.personalcenter.PersonalCenterActivity|89407495965076|Slow issue draw commands|3
09-27 14:38:39.743 I/ActivityManager( 1851): START u0 {cmp=com.yealink.uc.android/.setting.SettingActivity} from uid 10232 on display 0
09-27 14:38:52.206 I/ActivityManager( 1851): START u0 {cmp=com.yealink.uc.android/.personalcenter.PersonalCenterActivity (has extras)} from uid 10232 on display 0
09-27 14:38:53.212 I/ActivityManager( 1851): START u0 {cmp=com.yealink.uc.android/.setting.SettingActivity} from uid 10232 on display 0
09-27 14:38:54.183 E/NetlinkEvent(  289): NetlinkEvent::FindParam(): Parameter 'TIME_NS' not found
09-27 14:38:54.183 E/NetlinkEvent(  289): NetlinkEvent::FindParam(): Parameter 'UID' not found
09-27 14:38:55.300 W/ActivityManager( 1851): cann't getContentProviderImpl: com.miui.whetstone, cpi is null. 
09-27 14:38:55.301 E/ActivityThread( 9997): Failed to find provider info for com.miui.whetstone
09-27 14:38:57.219 E/NetlinkEvent(  289): NetlinkEvent::FindParam(): Parameter 'TIME_NS' not found
09-27 14:38:57.219 E/NetlinkEvent(  289): NetlinkEvent::FindParam(): Parameter 'UID' not found
09-27 14:39:02.444 E/NetlinkEvent(  289): NetlinkEvent::FindParam(): Parameter 'TIME_NS' not found
09-27 14:39:02.444 E/NetlinkEvent(  289): NetlinkEvent::FindParam(): Parameter 'UID' not found
09-27 14:39:04.609 I/ActivityManager( 1851): START u0 {cmp=com.yealink.uc.android/com.yealink.feedback.FeedBackActivity (has extras)} from uid 10232 on display 0
09-27 14:39:04.981 I/WindowManager( 1851): input method visible height changed 803
09-27 14:39:05.143 W/MiuiPerfServiceClient( 3565): interceptAndQueuing:6907|com.yealink.uc.android|317|217|unknown|null|com.yealink.uc.android/com.yealink.uc.android.login.WelcomeActivity|89435214581732|Slow main thread|3
09-27 14:39:07.546 E/NetlinkEvent(  289): NetlinkEvent::FindParam(): Parameter 'TIME_NS' not found
09-27 14:39:07.546 E/NetlinkEvent(  289): NetlinkEvent::FindParam(): Parameter 'UID' not found
09-27 14:39:08.261 W/MiuiPerfServiceClient( 3565): interceptAndQueuing:3402|com.sohu.inputmethod.sogou.xiaomi|233|204|unknown|null|InputMethod|89438023005167|Slow main thread|2
09-27 14:39:11.925 W/MiuiPerfServiceClient( 3565): interceptAndQueuing:3402|com.sohu.inputmethod.sogou.xiaomi|371|249|unknown|null|InputMethod|89441657187457|Slow main thread|9
09-27 14:39:14.726 E/NetlinkEvent(  289): NetlinkEvent::FindParam(): Parameter 'TIME_NS' not found
09-27 14:39:14.726 E/NetlinkEvent(  289): NetlinkEvent::FindParam(): Parameter 'UID' not found
09-27 14:39:17.736 E/NetlinkEvent(  289): NetlinkEvent::FindParam(): Parameter 'TIME_NS' not found
09-27 14:39:17.736 E/NetlinkEvent(  289): NetlinkEvent::FindParam(): Parameter 'UID' not found
09-27 14:39:32.444 E/NetlinkEvent(  289): NetlinkEvent::FindParam(): Parameter 'TIME_NS' not found
09-27 14:39:32.444 E/NetlinkEvent(  289): NetlinkEvent::FindParam(): Parameter 'UID' not found
09-27 14:39:35.475 E/NetlinkEvent(  289): NetlinkEvent::FindParam(): Parameter 'TIME_NS' not found
09-27 14:39:35.475 E/NetlinkEvent(  289): NetlinkEvent::FindParam(): Parameter 'UID' not found
09-27 14:39:38.300 I/WindowManager( 1851): input method visible height changed 0
09-27 14:39:43.282 E/NetlinkEvent(  289): NetlinkEvent::FindParam(): Parameter 'TIME_NS' not found
09-27 14:39:43.283 E/NetlinkEvent(  289): NetlinkEvent::FindParam(): Parameter 'UID' not found
09-27 14:39:44.784 I/ActivityManager( 1851): Process com.miui.guardprovider (pid 6778) has died: cch+6CE
09-27 14:39:44.795 I/ActivityManager( 1851): Process com.android.settings:remote (pid 24619) has died: cch+6S 
09-27 14:39:44.796 W/ActivityManager( 1851): Scheduling restart of crashed service com.android.settings/.wifi.MiuiWifiService in 1000ms
09-27 14:39:44.816 I/ActivityManager( 1851): Process android.process.media (pid 9997) has died: cch+6S 
09-27 14:39:44.824 W/ActivityManager( 1851): Scheduling restart of crashed service com.android.providers.media/.MtpService in 22471682ms
09-27 14:39:44.829 I/ActivityManager( 1851): Process com.lbe.security.miui (pid 4214) has died: cch+4CE
09-27 14:39:44.893 I/ActivityManager( 1851): Process com.qualcomm.svi (pid 23653) has died: cch+6S 
09-27 14:39:44.893 W/ActivityManager( 1851): Scheduling restart of crashed service com.qualcomm.svi/.SVIService in 1000ms
09-27 14:39:44.898 I/ActivityManager( 1851): Process com.android.defcontainer (pid 4795) has died: cch+6CE
09-27 14:39:44.912 I/ActivityManager( 1851): Process com.qualcomm.cabl (pid 24016) has died: cch+6S 
09-27 14:39:44.913 W/ActivityManager( 1851): Scheduling restart of crashed service com.qualcomm.cabl/.CABLService in 10980ms
09-27 14:39:44.922 I/ActivityManager( 1851): Process com.miui.packageinstaller (pid 6705) has died: cch+4CE
09-27 14:39:44.952 I/ActivityManager( 1851): Process com.android.musicfx (pid 4836) has died: cch+6CE
09-27 14:39:44.961 I/ActivityManager( 1851): Process com.svox.pico (pid 6869) has died: cch+6CE
09-27 14:39:44.969 I/ActivityManager( 1851): Process com.xiaomi.vipaccount:log (pid 4244) has died: cch+4CE
09-27 14:39:44.970 W/ActivityManager( 1851): Scheduling restart of crashed service com.xiaomi.vipaccount/com.xiaomi.vipbase.service.MvLogService in 20923ms
09-27 14:39:44.996 E/libprocessgroup( 1851): failed to kill 1 processes for processgroup 6778
09-27 14:39:45.002 I/ActivityManager( 1851): Process com.xiaomi.vipaccount (pid 4903) has died: cch+6CE
09-27 14:39:45.916 I/ActivityManager( 1851): Start proc 9413:com.qualcomm.svi/1000 for service com.qualcomm.svi/.SVIService
09-27 14:39:46.136 I/ActivityManager( 1851): Start proc 9435:com.lbe.security.miui/u0a1 for service com.lbe.security.miui/com.lbe.security.service.SecurityService
09-27 14:39:46.496 I/WakePathChecker( 1851): MIUILOG-WAKEPATH pushWakePathWhiteList: userId=0 size=4
09-27 14:39:46.511 I/WakePathChecker( 1851): MIUILOG-WAKEPATH pushWakePathRuleInfos: wakeType=1 userId=0 size=0
09-27 14:39:46.526 I/WakePathChecker( 1851): MIUILOG-WAKEPATH pushWakePathRuleInfos: wakeType=8 userId=0 size=6
09-27 14:39:46.529 I/WakePathChecker( 1851): MIUILOG-WAKEPATH pushWakePathRuleInfos: wakeType=4 userId=0 size=2
09-27 14:39:46.530 I/WakePathChecker( 1851): MIUILOG-WAKEPATH pushWakePathRuleInfos: wakeType=2 userId=0 size=1
09-27 14:39:46.538 I/WakePathChecker( 1851): MIUILOG-WAKEPATH pushWakePathRuleInfos: wakeType=17 userId=0 size=0
09-27 14:39:46.711 I/ActivityManager( 1851): Start proc 9461:com.android.settings:remote/1000 for content provider com.android.settings/.cloud.CloudSettingsProvider
09-27 14:39:47.604 W/BaseMiuiPhoneWindowManager( 1851): keyCode:26 down:true eventTime:89477848 downTime:89477848 policyFlags:22000000 flags:8 deviceId:3 isScreenOn:true keyguardActive:false repeatCount:0
09-27 14:39:47.652 W/BaseMiuiPhoneWindowManager( 1851): keyCode:25 down:true eventTime:89477897 downTime:89477897 policyFlags:22000000 flags:8 deviceId:3 isScreenOn:true keyguardActive:false repeatCount:0
09-27 14:39:48.170 I/ActivityManager( 1851): Start proc 9491:com.android.systemui:screenshot/1000 for service com.android.systemui/.screenshot.TakeScreenshotService
09-27 14:39:48.183 W/BaseMiuiPhoneWindowManager( 1851): keyCode:25 down:false eventTime:89478427 downTime:89477897 policyFlags:22000000 flags:8 deviceId:3 isScreenOn:true keyguardActive:false repeatCount:0
09-27 14:39:48.186 W/BaseMiuiPhoneWindowManager( 1851): keyCode:26 down:false eventTime:89478431 downTime:89477897 policyFlags:22000000 flags:8 deviceId:3 isScreenOn:true keyguardActive:false repeatCount:0
09-27 14:39:48.472 W/ContextImpl( 9491): Calling a method in the system process without a qualified user: android.app.ContextImpl.startService:1231 android.content.ContextWrapper.startService:591 com.android.systemui.screenshot.TakeScreenshotService.onBind:84 android.app.ActivityThread.handleBindService:3011 android.app.ActivityThread.access$2200:153 
09-27 14:39:48.496 W/ContextImpl( 9491): Calling a method in the system process without a qualified user: android.app.ContextImpl.sendBroadcast:773 android.content.ContextWrapper.sendBroadcast:406 com.android.systemui.screenshot.StatHelper.recordCountEvent:60 com.android.systemui.screenshot.StatHelper.recordCountEvent:41 com.android.systemui.screenshot.TakeScreenshotService$1.handleMessage:46 
09-27 14:39:48.500 W/ContextImpl( 9491): Calling a method in the system process without a qualified user: android.app.ContextImpl.sendBroadcast:773 android.content.ContextWrapper.sendBroadcast:406 com.android.systemui.screenshot.GlobalScreenshot.beforeTakeScreenshot:1030 com.android.systemui.screenshot.TakeScreenshotService$1.handleMessage:47 android.os.Handler.dispatchMessage:102 
09-27 14:39:48.834 W/ContextImpl( 9491): Calling a method in the system process without a qualified user: android.app.ContextImpl.sendBroadcast:773 android.content.ContextWrapper.sendBroadcast:406 com.android.systemui.screenshot.GlobalScreenshot.afterTakeScreenshot:1036 com.android.systemui.screenshot.GlobalScreenshot.takeScreenshot:656 com.android.systemui.screenshot.TakeScreenshotService$1.handleMessage:76 
09-27 14:39:49.033 W/BaseMiuiPhoneWindowManager( 1851): keyCode:25 down:true eventTime:89479278 downTime:89479278 policyFlags:22000000 flags:8 deviceId:3 isScreenOn:true keyguardActive:false repeatCount:0
09-27 14:39:49.041 W/BaseMiuiPhoneWindowManager( 1851): keyCode:26 down:true eventTime:89479286 downTime:89479286 policyFlags:22000000 flags:8 deviceId:3 isScreenOn:true keyguardActive:false repeatCount:0
09-27 14:39:49.634 W/BaseMiuiPhoneWindowManager( 1851): keyCode:26 down:false eventTime:89479879 downTime:89479286 policyFlags:22000000 flags:8 deviceId:3 isScreenOn:true keyguardActive:false repeatCount:0
09-27 14:39:49.640 W/BaseMiuiPhoneWindowManager( 1851): keyCode:25 down:false eventTime:89479884 downTime:89479286 policyFlags:22000000 flags:8 deviceId:3 isScreenOn:true keyguardActive:false repeatCount:0
09-27 14:39:50.333 W/ContextImpl( 9491): Calling a method in the system process without a qualified user: android.app.ContextImpl.sendBroadcast:773 android.content.ContextWrapper.sendBroadcast:406 com.android.systemui.screenshot.StatHelper.recordCountEvent:60 com.android.systemui.screenshot.StatHelper.recordCountEvent:47 com.android.systemui.screenshot.GlobalScreenshot$5.onTouch:402 
09-27 14:39:50.353 I/ActivityManager( 1851): Start proc 9549:android.process.media/u0a9 for content provider com.android.providers.media/.MediaProvider
09-27 14:39:50.392 I/ActivityManager( 1851): START u0 {cmp=com.yealink.uc.android/.setting.SettingActivity} from uid 10232 on display 0
09-27 14:39:50.505 E/NetlinkEvent(  289): NetlinkEvent::FindParam(): Parameter 'TIME_NS' not found
09-27 14:39:50.505 E/NetlinkEvent(  289): NetlinkEvent::FindParam(): Parameter 'UID' not found
09-27 14:39:50.583 I/NotificationService( 1851): cancelToast pkg=com.yealink.uc.android callback=android.app.ITransientNotification$Stub$Proxy@a317efe
09-27 14:39:51.139 W/ActivityManager( 1851): cann't getContentProviderImpl: com.miui.whetstone, cpi is null. 
09-27 14:39:51.139 E/ActivityThread( 9549): Failed to find provider info for com.miui.whetstone
09-27 14:39:52.302 I/WakePathChecker( 1851): MIUILOG-WAKEPATH pushWakePathWhiteList: userId=0 size=4
09-27 14:39:52.385 W/ContextImpl( 9461): Calling a method in the system process without a qualified user: android.app.ContextImpl.bindService:1295 android.content.ContextWrapper.bindService:614 com.xiaomi.mistatistic.sdk.controller.j.b:527 com.xiaomi.mistatistic.sdk.controller.j.a:380 com.xiaomi.mistatistic.sdk.controller.asyncjobs.c.a:111 
09-27 14:39:52.396 W/ContextImpl( 9461): Calling a method in the system process without a qualified user: android.app.ContextImpl.bindService:1295 android.content.ContextWrapper.bindService:614 com.xiaomi.mistatistic.sdk.controller.j.b:527 com.xiaomi.mistatistic.sdk.controller.j.a:380 com.xiaomi.mistatistic.sdk.controller.asyncjobs.c.a:111 
09-27 14:39:53.082 W/BaseMiuiPhoneWindowManager( 1851): keyCode:26 down:true eventTime:89483326 downTime:89483326 policyFlags:22000000 flags:8 deviceId:3 isScreenOn:true keyguardActive:false repeatCount:0
09-27 14:39:53.101 W/BaseMiuiPhoneWindowManager( 1851): keyCode:25 down:true eventTime:89483346 downTime:89483346 policyFlags:22000000 flags:8 deviceId:3 isScreenOn:true keyguardActive:false repeatCount:0
09-27 14:39:53.617 W/ContextImpl( 9491): Calling a method in the system process without a qualified user: android.app.ContextImpl.startService:1231 android.content.ContextWrapper.startService:591 com.android.systemui.screenshot.TakeScreenshotService.onBind:84 android.app.ActivityThread.handleBindService:3011 android.app.ActivityThread.access$2200:153 
09-27 14:39:53.641 W/ContextImpl( 9491): Calling a method in the system process without a qualified user: android.app.ContextImpl.sendBroadcast:773 android.content.ContextWrapper.sendBroadcast:406 com.android.systemui.screenshot.StatHelper.recordCountEvent:60 com.android.systemui.screenshot.StatHelper.recordCountEvent:41 com.android.systemui.screenshot.TakeScreenshotService$1.handleMessage:46 
09-27 14:39:53.646 W/ContextImpl( 9491): Calling a method in the system process without a qualified user: android.app.ContextImpl.sendBroadcast:773 android.content.ContextWrapper.sendBroadcast:406 com.android.systemui.screenshot.GlobalScreenshot.beforeTakeScreenshot:1030 com.android.systemui.screenshot.TakeScreenshotService$1.handleMessage:47 android.os.Handler.dispatchMessage:102 
09-27 14:39:53.655 W/BaseMiuiPhoneWindowManager( 1851): keyCode:25 down:false eventTime:89483900 downTime:89483346 policyFlags:22000000 flags:8 deviceId:3 isScreenOn:true keyguardActive:false repeatCount:0
09-27 14:39:53.659 W/BaseMiuiPhoneWindowManager( 1851): keyCode:26 down:false eventTime:89483904 downTime:89483346 policyFlags:22000000 flags:8 deviceId:3 isScreenOn:true keyguardActive:false repeatCount:0
09-27 14:39:53.845 W/ContextImpl( 9491): Calling a method in the system process without a qualified user: android.app.ContextImpl.sendBroadcast:773 android.content.ContextWrapper.sendBroadcast:406 com.android.systemui.screenshot.GlobalScreenshot.afterTakeScreenshot:1036 com.android.systemui.screenshot.GlobalScreenshot.takeScreenshot:656 com.android.systemui.screenshot.TakeScreenshotService$1.handleMessage:76 
09-27 14:39:55.064 W/ContextImpl( 9491): Calling a method in the system process without a qualified user: android.app.ContextImpl.sendBroadcast:773 android.content.ContextWrapper.sendBroadcast:406 com.android.systemui.screenshot.StatHelper.recordCountEvent:60 com.android.systemui.screenshot.StatHelper.recordCountEvent:47 com.android.systemui.screenshot.GlobalScreenshot$5.onTouch:402 
09-27 14:39:55.933 I/ActivityManager( 1851): Start proc 9659:com.qualcomm.cabl/1000 for service com.qualcomm.cabl/.CABLService
09-27 14:39:58.722 W/BaseMiuiPhoneWindowManager( 1851): keyCode:3 down:true eventTime:89488966 downTime:89488966 policyFlags:22000002 flags:48 deviceId:6 isScreenOn:true keyguardActive:false repeatCount:0
09-27 14:39:58.829 W/BaseMiuiPhoneWindowManager( 1851): keyCode:3 down:false eventTime:89489074 downTime:89488966 policyFlags:22000002 flags:48 deviceId:6 isScreenOn:true keyguardActive:false repeatCount:0
09-27 14:39:58.844 W/ContextImpl( 2731): Calling a method in the system process without a qualified user: android.app.ContextImpl.bindService:1295 android.content.ContextWrapper.bindService:614 com.xiaomi.mistatistic.sdk.controller.LocalEventRecorder.b:98 com.xiaomi.mistatistic.sdk.controller.LocalEventRecorder.b:78 com.xiaomi.mistatistic.sdk.controller.LocalEventRecorder.a:29 
09-27 14:39:58.849 I/ActivityManager( 1851): START u0 {act=android.intent.action.MAIN cat=[android.intent.category.HOME] flg=0x10200000 cmp=com.miui.home/.launcher.Launcher (has extras)} from uid 1000 on display 0
09-27 14:39:58.954 E/NetlinkEvent(  289): NetlinkEvent::FindParam(): Parameter 'TIME_NS' not found
09-27 14:39:58.954 E/NetlinkEvent(  289): NetlinkEvent::FindParam(): Parameter 'UID' not found
09-27 14:40:00.209 I/ActivityManager( 1851): START u0 {act=android.intent.action.MAIN cat=[android.intent.category.LAUNCHER] flg=0x10200000 cmp=com.yealink.uc.android.alpha/com.yealink.uc.android.StartActivity bnds=[827,983][995,1151] (has extras)} from uid 10018 on display 0
09-27 14:40:01.945 W/MiuiPerfServiceClient( 3565): interceptAndQueuing:32156|com.yealink.uc.android.alpha|187|187|unknown|null|com.yealink.uc.android.alpha/com.yealink.uc.android.login.LoginActivity|89490850434628|Slow bitmap uploads|1
09-27 14:40:02.341 I/ActivityManager( 1851): START u0 {flg=0x4000000 cmp=com.yealink.uc.android.alpha/com.yealink.uc.android.MainActivity} from uid 10231 on display 0
09-27 14:40:03.047 W/MiuiPerfServiceClient( 3565): interceptAndQueuing:32156|com.yealink.uc.android.alpha|175|175|unknown|null|com.yealink.uc.android.alpha/com.yealink.uc.android.login.LoginActivity|89492570485512|Slow main thread|1
09-27 14:40:03.476 W/MiuiPerfServiceClient( 3565): interceptAndQueuing:32156|com.yealink.uc.android.alpha|518|458|unknown|null|com.yealink.uc.android.alpha/com.yealink.uc.android.MainActivity|89493351567491|Slow main thread|2
09-27 14:40:04.813 I/ActivityManager( 1851): START u0 {cmp=com.yealink.uc.android.alpha/com.yealink.common.dialog.DialogActivity (has extras)} from uid 10231 on display 0
09-27 14:40:07.700 W/MiuiPerfServiceClient( 3565): interceptAndQueuing:32156|com.yealink.uc.android.alpha|286|173|unknown|null|com.yealink.uc.android.alpha/com.yealink.uc.android.MainActivity|89497526830875|Slow main thread|3
09-27 14:40:08.629 I/ActivityManager( 1851): START u0 {cmp=com.yealink.uc.android.alpha/com.yealink.common.dialog.DialogActivity (has extras)} from uid 10231 on display 0
09-27 14:40:12.355 I/ActivityManager( 1851): START u0 {cmp=com.yealink.uc.android.alpha/com.yealink.common.dialog.DialogActivity (has extras)} from uid 10231 on display 0
09-27 14:40:15.351 W/MiuiPerfServiceClient( 3565): interceptAndQueuing:32156|com.yealink.uc.android.alpha|196|196|unknown|null|com.yealink.uc.android.alpha/com.yealink.uc.android.MainActivity|89505441766914|Slow handle traversal|1
09-27 14:40:17.782 I/ActivityManager( 1851): START u0 {cmp=com.yealink.uc.android.alpha/com.yealink.common.dialog.DialogActivity (has extras)} from uid 10231 on display 0
09-27 14:40:17.857 W/MiuiPerfServiceClient( 3565): interceptAndQueuing:32156|com.yealink.uc.android.alpha|1225|1193|unknown|null|com.yealink.uc.android.alpha/com.yealink.uc.android.MainActivity|89507630092120|Slow main thread|2
09-27 14:40:23.211 I/ActivityManager( 1851): START u0 {cmp=com.yealink.uc.android.alpha/com.yealink.common.dialog.DialogActivity (has extras)} from uid 10231 on display 0
09-27 14:40:26.755 I/ActivityManager( 1851): START u0 {cmp=com.yealink.uc.android.alpha/com.yealink.common.dialog.DialogActivity (has extras)} from uid 10231 on display 0
09-27 14:40:29.330 W/MiuiPerfServiceClient( 3565): interceptAndQueuing:32156|com.yealink.uc.android.alpha|357|245|unknown|null|com.yealink.uc.android.alpha/com.yealink.uc.android.MainActivity|89519479741595|Slow handle traversal|4
09-27 14:40:31.255 E/NetlinkEvent(  289): NetlinkEvent::FindParam(): Parameter 'TIME_NS' not found
09-27 14:40:31.255 E/NetlinkEvent(  289): NetlinkEvent::FindParam(): Parameter 'UID' not found
09-27 14:40:36.015 I/UsageStatsService( 1851): User[0] Flushing usage stats to disk
09-27 14:40:36.100 I/UsageStatsHourlyHelper( 1851): User[0] Flushing usage hourly stats to disk
09-27 14:40:40.995 I/ActivityManager( 1851): START u0 {cmp=com.yealink.uc.android.alpha/com.yealink.uc.android.personalcenter.PersonalCenterActivity (has extras)} from uid 10231 on display 0
09-27 14:40:42.817 W/MiuiPerfServiceClient( 3565): interceptAndQueuing:32156|com.yealink.uc.android.alpha|261|147|unknown|null|com.yealink.uc.android.alpha/com.yealink.uc.android.MainActivity|89531546232788|Slow main thread|3
09-27 14:40:46.442 I/ActivityManager( 1851): START u0 {cmp=com.yealink.uc.android.alpha/com.yealink.uc.android.personalcenter.PersonalCenterActivity (has extras)} from uid 10231 on display 0
09-27 14:40:46.449 I/UsageStatsHourlyHelper( 1851): User[0] Rolling over hourly usage stats
09-27 14:40:46.449 I/UsageStatsHourlyHelper( 1851): User[0] Flushing usage hourly stats to disk
09-27 14:40:46.554 I/UsageStatsHourlyHelper( 1851): User[0] Rollover hours scheduled @ 2018-09-27 15:40:46(1538034046448)
09-27 14:40:46.554 I/UsageStatsHourlyHelper( 1851): User[0] Flushing usage hourly stats to disk
09-27 14:40:46.559 I/UsageStatsHourlyHelper( 1851): User[0] Rolling over usage hourly stats complete. Took 110 milliseconds
09-27 14:40:47.296 I/ActivityManager( 1851): START u0 {cmp=com.yealink.uc.android.alpha/com.yealink.uc.android.setting.SettingActivity} from uid 10231 on display 0
09-27 14:40:47.300 W/MiuiPerfServiceClient( 3565): interceptAndQueuing:32156|com.yealink.uc.android.alpha|191|114|unknown|null|com.yealink.uc.android.alpha/com.yealink.uc.android.MainActivity|89536921138932|Slow main thread|3
09-27 14:40:54.777 I/ActivityManager( 1851): START u0 {cmp=com.yealink.uc.android.alpha/com.yealink.uc.android.personalcenter.PersonalCenterActivity (has extras)} from uid 10231 on display 0
09-27 14:40:56.142 I/ActivityManager( 1851): START u0 {cmp=com.yealink.uc.android.alpha/com.yealink.feedback.FeedBackActivity (has extras)} from uid 10231 on display 0
09-27 14:40:56.548 I/WindowManager( 1851): input method visible height changed 803
09-27 14:40:56.739 W/MiuiPerfServiceClient( 3565): interceptAndQueuing:32156|com.yealink.uc.android.alpha|271|236|unknown|null|com.yealink.uc.android.alpha/com.yealink.feedback.FeedBackActivity|89546781148877|Slow main thread|2
09-27 14:40:58.322 E/NetlinkEvent(  289): NetlinkEvent::FindParam(): Parameter 'TIME_NS' not found
09-27 14:40:58.322 E/NetlinkEvent(  289): NetlinkEvent::FindParam(): Parameter 'UID' not found
09-27 14:41:01.325 E/NetlinkEvent(  289): NetlinkEvent::FindParam(): Parameter 'TIME_NS' not found
09-27 14:41:01.325 E/NetlinkEvent(  289): NetlinkEvent::FindParam(): Parameter 'UID' not found
09-27 14:41:28.299 E/NetlinkEvent(  289): NetlinkEvent::FindParam(): Parameter 'TIME_NS' not found
09-27 14:41:28.299 E/NetlinkEvent(  289): NetlinkEvent::FindParam(): Parameter 'UID' not found
09-27 14:41:31.305 E/NetlinkEvent(  289): NetlinkEvent::FindParam(): Parameter 'TIME_NS' not found
09-27 14:41:31.305 E/NetlinkEvent(  289): NetlinkEvent::FindParam(): Parameter 'UID' not found
09-27 14:41:37.113 I/WindowManager( 1851): input method visible height changed 0
09-27 14:41:42.285 E/NetlinkEvent(  289): NetlinkEvent::FindParam(): Parameter 'TIME_NS' not found
09-27 14:41:42.286 E/NetlinkEvent(  289): NetlinkEvent::FindParam(): Parameter 'UID' not found
09-27 14:41:42.405 W/MiuiPerfServiceClient( 3565): interceptAndQueuing:32156|com.yealink.uc.android.alpha|163|163|unknown|null|com.yealink.uc.android.alpha/com.yealink.feedback.FeedBackActivity|89588485850422|Slow main thread|1
09-27 14:41:42.562 I/ActivityManager( 1851): Process com.miui.vsimcore (pid 4958) has died: cch+4CE
09-27 14:41:42.620 I/ActivityManager( 1851): Process com.xiaomi.providers.appindex (pid 22740) has died: cch+6CE
09-27 14:41:42.627 I/ActivityManager( 1851): Process com.miui.cloudservice (pid 23828) has died: cch+6S 
09-27 14:41:42.628 W/ActivityManager( 1851): Scheduling restart of crashed service com.miui.cloudservice/com.xiaomi.mipush.sdk.PushMessageHandler in 1000ms
09-27 14:41:42.628 W/ActivityManager( 1851): Scheduling restart of crashed service com.miui.cloudservice/com.xiaomi.mipush.sdk.MessageHandleService in 11000ms
09-27 14:41:42.644 I/ActivityManager( 1851): Process com.miui.micloudsync (pid 4883) has died: cch+6CE
09-27 14:41:42.743 I/ActivityManager( 1851): Process com.android.calendar (pid 31563) has died: cch+4CE
09-27 14:41:42.762 I/ActivityManager( 1851): Process com.miui.micloudsync:sync (pid 31864) has died: cch+6CE
09-27 14:41:42.775 E/libprocessgroup( 1851): failed to kill 1 processes for processgroup 4958
09-27 14:41:42.791 I/ActivityManager( 1851): Process com.android.settings:remote (pid 9461) has died: cch+4CE
09-27 14:41:42.860 I/ActivityManager( 1851): Process com.android.providers.calendar (pid 31528) has died: cch+4CE
09-27 14:41:43.644 I/ActivityManager( 1851): Start proc 10635:com.miui.cloudservice/u0a124 for service com.miui.cloudservice/com.xiaomi.mipush.sdk.PushMessageHandler
09-27 14:41:44.302 I/ActivityManager( 1851): Start proc 10660:com.xiaomi.simactivate.service/u0a95 for service com.xiaomi.simactivate.service/com.xiaomi.activate.ActivateService
09-27 14:41:45.105 I/ActivityManager( 1851): START u0 {cmp=com.yealink.uc.android.alpha/com.yealink.uc.android.setting.SettingActivity} from uid 10231 on display 0
09-27 14:41:46.366 E/NetlinkEvent(  289): NetlinkEvent::FindParam(): Parameter 'TIME_NS' not found
09-27 14:41:46.366 E/NetlinkEvent(  289): NetlinkEvent::FindParam(): Parameter 'UID' not found
09-27 14:41:46.422 I/NotificationService( 1851): cancelToast pkg=com.yealink.uc.android.alpha callback=android.app.ITransientNotification$Stub$Proxy@46d242e
09-27 14:42:48.404 E/NetlinkEvent(  289): NetlinkEvent::FindParam(): Parameter 'TIME_NS' not found
09-27 14:42:48.405 E/NetlinkEvent(  289): NetlinkEvent::FindParam(): Parameter 'UID' not found
09-27 14:42:51.405 E/NetlinkEvent(  289): NetlinkEvent::FindParam(): Parameter 'TIME_NS' not found
09-27 14:42:51.405 E/NetlinkEvent(  289): NetlinkEvent::FindParam(): Parameter 'UID' not found
09-27 14:44:10.376 I/ActivityManager( 1851): START u0 {cmp=com.yealink.uc.android.alpha/com.yealink.uc.android.personalcenter.PersonalCenterActivity (has extras)} from uid 10231 on display 0
09-27 14:44:11.034 E/NetlinkEvent(  289): NetlinkEvent::FindParam(): Parameter 'TIME_NS' not found
09-27 14:44:11.035 E/NetlinkEvent(  289): NetlinkEvent::FindParam(): Parameter 'UID' not found
09-27 14:44:11.400 I/ActivityManager( 1851): START u0 {cmp=com.yealink.uc.android.alpha/com.yealink.uc.android.setting.SettingActivity} from uid 10231 on display 0
09-27 14:44:11.402 W/MiuiPerfServiceClient( 3565): interceptAndQueuing:32156|com.yealink.uc.android.alpha|227|128|unknown|null|com.yealink.uc.android.alpha/com.yealink.uc.android.MainActivity|89740878751615|Slow main thread|3
09-27 14:44:15.296 E/NetlinkEvent(  289): NetlinkEvent::FindParam(): Parameter 'TIME_NS' not found
09-27 14:44:15.296 E/NetlinkEvent(  289): NetlinkEvent::FindParam(): Parameter 'UID' not found
09-27 14:44:51.906 W/ActivityManager( 1851): cann't getContentProviderImpl: com.miui.whetstone, cpi is null. 
09-27 14:44:51.907 E/ActivityThread( 9549): Failed to find provider info for com.miui.whetstone
09-27 14:45:00.405 E/NetlinkEvent(  289): NetlinkEvent::FindParam(): Parameter 'TIME_NS' not found
09-27 14:45:00.405 E/NetlinkEvent(  289): NetlinkEvent::FindParam(): Parameter 'UID' not found
09-27 14:45:03.505 E/NetlinkEvent(  289): NetlinkEvent::FindParam(): Parameter 'TIME_NS' not found
09-27 14:45:03.505 E/NetlinkEvent(  289): NetlinkEvent::FindParam(): Parameter 'UID' not found
09-27 14:45:11.596 E/NetlinkEvent(  289): NetlinkEvent::FindParam(): Parameter 'TIME_NS' not found
09-27 14:45:11.596 E/NetlinkEvent(  289): NetlinkEvent::FindParam(): Parameter 'UID' not found
09-27 14:45:14.606 E/NetlinkEvent(  289): NetlinkEvent::FindParam(): Parameter 'TIME_NS' not found
09-27 14:45:14.606 E/NetlinkEvent(  289): NetlinkEvent::FindParam(): Parameter 'UID' not found
09-27 14:45:49.201 E/NetlinkEvent(  289): NetlinkEvent::FindParam(): Parameter 'TIME_NS' not found
09-27 14:45:49.201 E/NetlinkEvent(  289): NetlinkEvent::FindParam(): Parameter 'UID' not found
09-27 14:45:53.686 E/NetlinkEvent(  289): NetlinkEvent::FindParam(): Parameter 'TIME_NS' not found
09-27 14:45:53.686 E/NetlinkEvent(  289): NetlinkEvent::FindParam(): Parameter 'UID' not found
09-27 14:46:42.403 E/NetlinkEvent(  289): NetlinkEvent::FindParam(): Parameter 'TIME_NS' not found
09-27 14:46:42.403 E/NetlinkEvent(  289): NetlinkEvent::FindParam(): Parameter 'UID' not found
09-27 14:46:45.416 E/NetlinkEvent(  289): NetlinkEvent::FindParam(): Parameter 'TIME_NS' not found
09-27 14:46:45.416 E/NetlinkEvent(  289): NetlinkEvent::FindParam(): Parameter 'UID' not found
09-27 14:47:20.624 W/BaseMiuiPhoneWindowManager( 1851): keyCode:3 down:true eventTime:89930868 downTime:89930868 policyFlags:22000002 flags:48 deviceId:6 isScreenOn:true keyguardActive:false repeatCount:0
09-27 14:47:20.692 W/BaseMiuiPhoneWindowManager( 1851): keyCode:3 down:false eventTime:89930937 downTime:89930868 policyFlags:22000002 flags:48 deviceId:6 isScreenOn:true keyguardActive:false repeatCount:0
09-27 14:47:20.700 I/ActivityManager( 1851): START u0 {act=android.intent.action.MAIN cat=[android.intent.category.HOME] flg=0x10200000 cmp=com.miui.home/.launcher.Launcher (has extras)} from uid 1000 on display 0
09-27 14:47:20.713 W/ContextImpl( 2731): Calling a method in the system process without a qualified user: android.app.ContextImpl.bindService:1295 android.content.ContextWrapper.bindService:614 com.xiaomi.mistatistic.sdk.controller.LocalEventRecorder.b:98 com.xiaomi.mistatistic.sdk.controller.LocalEventRecorder.b:78 com.xiaomi.mistatistic.sdk.controller.LocalEventRecorder.a:29 
09-27 14:47:20.793 E/NetlinkEvent(  289): NetlinkEvent::FindParam(): Parameter 'TIME_NS' not found
09-27 14:47:20.793 E/NetlinkEvent(  289): NetlinkEvent::FindParam(): Parameter 'UID' not found
09-27 14:47:23.815 E/NetlinkEvent(  289): NetlinkEvent::FindParam(): Parameter 'TIME_NS' not found
09-27 14:47:23.815 E/NetlinkEvent(  289): NetlinkEvent::FindParam(): Parameter 'UID' not found
09-27 14:47:36.911 I/ActivityManager( 1851): Force stopping com.yealink.uc.android appid=10232 user=-1: uninstall pkg
09-27 14:47:36.912 I/ActivityManager( 1851): Killing 6907:com.yealink.uc.android/u0a232 (adj 2): stop com.yealink.uc.android: uninstall pkg
09-27 14:47:36.916 I/AutoStartManagerService( 1851): MIUILOG- Reject RestartService packageName :com.yealink.uc.android uid : 10232
09-27 14:47:36.916 I/AutoStartManagerService( 1851): MIUILOG- Reject RestartService packageName :com.yealink.uc.android uid : 10232
09-27 14:47:36.916 I/AutoStartManagerService( 1851): MIUILOG- Reject RestartService packageName :com.yealink.uc.android uid : 10232
09-27 14:47:36.916 I/AutoStartManagerService( 1851): MIUILOG- Reject RestartService packageName :com.yealink.uc.android uid : 10232
09-27 14:47:36.916 I/AutoStartManagerService( 1851): MIUILOG- Reject RestartService packageName :com.yealink.uc.android uid : 10232
09-27 14:47:36.920 I/ActivityManager( 1851): Killing 6982:com.yealink.uc.android:watch/u0a232 (adj 2): stop com.yealink.uc.android: uninstall pkg
09-27 14:47:36.922 I/AutoStartManagerService( 1851): MIUILOG- Reject RestartService packageName :com.yealink.uc.android uid : 10232
09-27 14:47:36.925 I/ActivityManager( 1851):   Force finishing activity ActivityRecord{556ba91 u0 com.yealink.uc.android/.MainActivity t1268}
09-27 14:47:37.008 I/PackageManager( 1851): Removing old permission: com.yealink.uc.android.permission.MIPUSH_RECEIVE from package com.yealink.uc.android
09-27 14:47:37.135 E/libprocessgroup( 1851): failed to kill 1 processes for processgroup 6907
09-27 14:47:37.575 W/PackageManager( 1851): Couldn't remove dex file for package:  at location /data/app/com.yealink.uc.android-1/base.apk, retcode=-1
09-27 14:47:37.628 I/ActivityManager( 1851): Start proc 11145:com.android.defcontainer/u0a8 for service com.android.defcontainer/.DefaultContainerService
09-27 14:47:37.629 I/ActivityManager( 1851): Force stopping com.yealink.uc.android appid=10232 user=0: pkg removed
09-27 14:47:37.629 I/AutoStartManagerService( 1851): MIUILOG- Reject RestartService packageName :com.yealink.uc.android uid : 10232
09-27 14:47:37.718 W/BroadcastQueueInjector( 1851): Unable to launch app com.yealink.videophone/10221 for broadcast Intent { act=android.intent.action.PACKAGE_REMOVED dat=package:com.yealink.uc.android flg=0x4000010 (has extras) }: process is not permitted to  auto start
09-27 14:47:37.749 I/WakePathChecker( 1851): MIUILOG-WAKEPATH pushWakePathWhiteList: userId=0 size=4
09-27 14:47:37.777 I/WakePathChecker( 1851): MIUILOG-WAKEPATH pushWakePathRuleInfos: wakeType=17 userId=0 size=0
09-27 14:47:38.098 W/BroadcastQueueInjector( 1851): Unable to launch app com.android.providers.downloads.ui/10009 for broadcast Intent { act=android.intent.action.PACKAGE_REMOVED dat=package:com.yealink.uc.android flg=0x4000011 (has extras) }: process is not permitted to  auto start
09-27 14:47:38.113 I/ActivityManager( 1851): Start proc 11173:com.android.musicfx/u0a22 for broadcast com.android.musicfx/.Compatibility$Receiver
09-27 14:47:38.286 I/ActivityManager( 1851): Start proc 11189:com.xiaomi.providers.appindex/u0a39 for broadcast com.xiaomi.providers.appindex/.PackageChangeReceiver
09-27 14:47:38.320 W/XSpaceManagerService( 1851): update XSpace App: packageName:com.yealink.uc.android, user:UserHandle{0}, action:android.intent.action.PACKAGE_REMOVED
09-27 14:47:38.355 I/ActivityManager( 1851): Start proc 11203:com.miui.weather2/u0a37 for service com.miui.weather2/.service.job.ScheduleCheckService
09-27 14:47:38.478 W/BroadcastQueueInjector( 1851): Unable to launch app com.xiaomi.gamecenter/10064 for broadcast Intent { act=android.intent.action.PACKAGE_REMOVED dat=package:com.yealink.uc.android flg=0x4000011 (has extras) }: process is not permitted to  auto start
09-27 14:47:38.491 I/ActivityManager( 1851): Start proc 11220:com.android.keychain/1000 for broadcast com.android.keychain/.KeyChainBroadcastReceiver
09-27 14:47:38.602 W/ContextImpl(11220): Calling a method in the system process without a qualified user: android.app.ContextImpl.startService:1231 android.content.ContextWrapper.startService:591 android.content.ContextWrapper.startService:591 com.android.keychain.KeyChainBroadcastReceiver.onReceive:12 android.app.ActivityThread.handleReceiver:2832 
09-27 14:47:38.615 I/ActivityManager( 1851): Start proc 11236:com.miui.micloudsync/u0a124 for broadcast com.miui.micloudsync/.push.MicloudPushServiceReceiver
09-27 14:47:38.901 I/ActivityManager( 1851): Start proc 11257:com.xiaomi.vipaccount/u0a88 for broadcast com.xiaomi.vipaccount/com.xiaomi.vip.service.AppInstallReceiver
09-27 14:47:39.347 I/ActivityManager( 1851): Start proc 11280:com.xiaomi.vipaccount:log/u0a88 for service com.xiaomi.vipaccount/com.xiaomi.vipbase.service.MvLogService
09-27 14:47:39.406 I/ActivityManager( 1851): Start proc 11294:com.android.documentsui/u0a46 for broadcast com.android.documentsui/.PackageReceiver
09-27 14:47:39.613 I/ActivityManager( 1851): Start proc 11318:com.android.externalstorage/u0a11 for content provider com.android.externalstorage/.ExternalStorageProvider
09-27 14:47:39.680 I/ActivityManager( 1851): Start proc 11327:com.miui.vsimcore/1001 for broadcast com.miui.vsimcore/.AppInstallReceiver
09-27 14:47:39.814 I/ActivityManager( 1851): Start proc 11351:com.android.shell/2000 for content provider com.android.shell/.BugreportStorageProvider
09-27 14:47:39.869 W/BroadcastQueueInjector( 1851): Unable to launch app com.android.quicksearchbox/10029 for broadcast Intent { act=android.search.action.SEARCHABLES_CHANGED flg=0x24000011 }: process is not permitted to  auto start
09-27 14:48:08.075 I/AutoStartManagerService( 1851): MIUILOG- Reject service :Intent { act=android.content.SyncAdapter cmp=com.wandoujia.phoenix2/com.pp.assistant.worker.AccountSyncService (has extras) } userId : 0 uid : 10121
09-27 14:50:00.013 I/ActivityManager( 1851): Killing 9491:com.android.systemui:screenshot/1000 (adj 13): empty for 605s
09-27 14:50:00.015 I/ActivityManager( 1851): Killing 24581:com.xiaomi.account:accountservice/u0a94 (adj 13): empty for 607s
09-27 14:52:00.007 I/ActivityManager( 1851): Killing 10660:com.xiaomi.simactivate.service/u0a95 (adj 15): empty for 615s
09-27 14:53:08.170 I/AutoStartManagerService( 1851): MIUILOG- Reject service :Intent { act=android.content.SyncAdapter cmp=com.wandoujia.phoenix2/com.pp.assistant.worker.AccountSyncService (has extras) } userId : 0 uid : 10121
09-27 14:57:50.406 I/ActivityManager( 1851): Killing 11189:com.xiaomi.providers.appindex/u0a39 (adj 13): empty for 611s
09-27 14:57:50.411 I/ActivityManager( 1851): Killing 11173:com.android.musicfx/u0a22 (adj 13): empty for 612s
09-27 14:57:50.421 I/ActivityManager( 1851): Killing 11145:com.android.defcontainer/u0a8 (adj 13): empty for 612s
09-27 15:00:00.034 I/ProcessStatsService( 1851): Prepared write state in 6ms
09-27 15:00:41.102 I/UsageStatsService( 1851): User[0] Flushing usage stats to disk
09-27 15:03:08.162 I/AutoStartManagerService( 1851): MIUILOG- Reject service :Intent { act=android.content.SyncAdapter cmp=com.wandoujia.phoenix2/com.pp.assistant.worker.AccountSyncService (has extras) } userId : 0 uid : 10121
09-27 15:13:08.062 I/AutoStartManagerService( 1851): MIUILOG- Reject service :Intent { act=android.content.SyncAdapter cmp=com.wandoujia.phoenix2/com.pp.assistant.worker.AccountSyncService (has extras) } userId : 0 uid : 10121
09-27 15:14:01.213 W/MiuiPerfServiceClient( 3565): interceptAndQueuing:2731|com.android.systemui|421|179|unknown|null|StatusBar|91530532922808|Slow main thread|11
09-27 15:14:01.268 W/ContextImpl( 2731): Calling a method in the system process without a qualified user: android.app.ContextImpl.bindService:1295 android.content.ContextWrapper.bindService:614 com.xiaomi.mistatistic.sdk.controller.LocalEventRecorder.b:98 com.xiaomi.mistatistic.sdk.controller.LocalEventRecorder.b:78 com.xiaomi.mistatistic.sdk.controller.LocalEventRecorder.a:29 
09-27 15:22:19.090 I/ActivityManager( 1851): Process com.miui.weather2 (pid 11203) has died: cch+6CE
09-27 15:22:19.150 I/ActivityManager( 1851): Process com.miui.cloudservice (pid 10635) has died: cch+6S 
09-27 15:22:19.151 W/ActivityManager( 1851): Scheduling restart of crashed service com.miui.cloudservice/com.xiaomi.mipush.sdk.PushMessageHandler in 1000ms
09-27 15:22:19.151 W/ActivityManager( 1851): Scheduling restart of crashed service com.miui.cloudservice/com.xiaomi.mipush.sdk.MessageHandleService in 11000ms
09-27 15:22:19.206 I/ActivityManager( 1851): Process com.miui.gallery (pid 1720) has died: cch+6S 
09-27 15:22:19.206 I/AutoStartManagerService( 1851): MIUILOG- Reject RestartService packageName :com.miui.gallery uid : 10021
09-27 15:22:19.206 I/AutoStartManagerService( 1851): MIUILOG- Reject RestartService packageName :com.miui.gallery uid : 10021
09-27 15:22:19.222 I/ActivityManager( 1851): Process com.android.mms (pid 31985) has died: cch+6S 
09-27 15:22:19.223 W/ActivityManager( 1851): Scheduling restart of crashed service com.android.mms/com.xiaomi.mipush.sdk.MessageHandleService in 20928ms
09-27 15:22:19.223 W/ActivityManager( 1851): Scheduling restart of crashed service com.android.mms/com.xiaomi.mipush.sdk.PushMessageHandler in 30928ms
09-27 15:22:19.298 E/libprocessgroup( 1851): failed to kill 1 processes for processgroup 11203
09-27 15:22:20.181 I/ActivityManager( 1851): Start proc 13281:com.miui.cloudservice/u0a124 for service com.miui.cloudservice/com.xiaomi.mipush.sdk.PushMessageHandler
09-27 15:22:20.474 I/ActivityManager( 1851): Start proc 13299:com.xiaomi.simactivate.service/u0a95 for service com.xiaomi.simactivate.service/com.xiaomi.activate.ActivateService
09-27 15:22:38.147 W/ActivityManager( 1851): Invalid packageName: com.yealink.uc.android
09-27 15:22:38.605 I/ActivityManager( 1851): Process com.xiaomi.location.fused (pid 1823) has died: cch+6S 
09-27 15:22:38.606 W/ActivityManager( 1851): Scheduling restart of crashed service com.xiaomi.location.fused/.FusedLocationService in 21545ms
09-27 15:22:38.672 I/ActivityManager( 1851): Process com.miui.micloudsync (pid 11236) has died: cch+6CE
09-27 15:22:38.702 I/ActivityManager( 1851): Process com.xiaomi.vipaccount (pid 11257) has died: cch+6CE
09-27 15:22:38.703 W/ActivityManager( 1851): Exception when unbinding service com.xiaomi.vipaccount/com.xiaomi.vipbase.service.MvLogService
09-27 15:22:38.703 W/ActivityManager( 1851): android.os.DeadObjectException: Transaction failed on small parcel; remote process probably died
09-27 15:22:38.703 W/ActivityManager( 1851): 	at android.os.BinderProxy.transactNative(Native Method)
09-27 15:22:38.703 W/ActivityManager( 1851): 	at android.os.BinderProxy.transact(Binder.java:510)
09-27 15:22:38.703 W/ActivityManager( 1851): 	at android.app.ApplicationThreadProxy.scheduleUnbindService(ApplicationThreadNative.java:998)
09-27 15:22:38.703 W/ActivityManager( 1851): 	at com.android.server.am.ActiveServices.removeConnectionLocked(ActiveServices.java:2170)
09-27 15:22:38.703 W/ActivityManager( 1851): 	at com.android.server.am.ActiveServices.killServicesLocked(ActiveServices.java:2540)
09-27 15:22:38.703 W/ActivityManager( 1851): 	at com.android.server.am.ActivityManagerService.cleanUpApplicationRecordLocked(ActivityManagerService.java:16520)
09-27 15:22:38.703 W/ActivityManager( 1851): 	at com.android.server.am.ActivityManagerService.handleAppDiedLocked(ActivityManagerService.java:4898)
09-27 15:22:38.703 W/ActivityManager( 1851): 	at com.android.server.am.ActivityManagerService.appDiedLocked(ActivityManagerService.java:5087)
09-27 15:22:38.703 W/ActivityManager( 1851): 	at com.android.server.am.ActivityManagerService$AppDeathRecipient.binderDied(ActivityManagerService.java:1402)
09-27 15:22:38.703 W/ActivityManager( 1851): 	at android.os.BinderProxy.sendDeathNotice(Binder.java:571)
09-27 15:22:38.736 I/ActivityManager( 1851): Process com.xiaomi.vipaccount:log (pid 11280) has died: cch+6CE
09-27 15:22:38.825 E/libprocessgroup( 1851): failed to kill 1 processes for processgroup 1823
09-27 15:22:39.523 W/PackageManager( 1851): Package named 'com.yealink.uc.android' doesn't exist.
09-27 15:22:39.655 I/com.android.server.pm.PackageManagerServiceInjector( 1851): MIUILOG-onPackageDeleted: PackageEvent { mTimeStamp=2018-09-27 15:22:39 mAction=Uninstall mPackageName=com.yealink.uc.android mReturnCode=-1 mVersionCode=-1 mVersionName=mInstallerPkgName=
