09-27 14:17:50.342 W/BaseMiuiPhoneWindowManager( 1851): keyCode:3 down:true eventTime:88160587 downTime:88160587 policyFlags:22000002 flags:48 deviceId:6 isScreenOn:true keyguardActive:false repeatCount:0
09-27 14:17:50.411 W/BaseMiuiPhoneWindowManager( 1851): keyCode:3 down:false eventTime:88160656 downTime:88160587 policyFlags:22000002 flags:48 deviceId:6 isScreenOn:true keyguardActive:false repeatCount:0
09-27 14:17:50.422 I/ActivityManager( 1851): START u0 {act=android.intent.action.MAIN cat=[android.intent.category.HOME] flg=0x10200000 cmp=com.miui.home/.launcher.Launcher (has extras)} from uid 1000 on display 0
09-27 14:17:51.522 I/ActivityManager( 1851): START u0 {act=android.intent.action.MAIN cat=[android.intent.category.LAUNCHER] flg=0x10200000 cmp=com.yealink.uc.android.alpha/com.yealink.uc.android.StartActivity bnds=[83,1277][251,1445] (has extras)} from uid 10018 on display 0
09-27 14:17:54.095 W/BaseMiuiPhoneWindowManager( 1851): keyCode:3 down:true eventTime:88164340 downTime:88164340 policyFlags:22000002 flags:48 deviceId:6 isScreenOn:true keyguardActive:false repeatCount:0
09-27 14:17:54.186 W/BaseMiuiPhoneWindowManager( 1851): keyCode:3 down:false eventTime:88164431 downTime:88164340 policyFlags:22000002 flags:48 deviceId:6 isScreenOn:true keyguardActive:false repeatCount:0
09-27 14:17:54.197 I/ActivityManager( 1851): START u0 {act=android.intent.action.MAIN cat=[android.intent.category.HOME] flg=0x10200000 cmp=com.miui.home/.launcher.Launcher (has extras)} from uid 1000 on display 0
09-27 14:17:54.221 I/NotificationService( 1851): cancelToast pkg=com.yealink.uc.android callback=android.app.ITransientNotification$Stub$Proxy@91a652
09-27 14:17:55.023 I/ActivityManager( 1851): START u0 {act=android.intent.action.MAIN cat=[android.intent.category.LAUNCHER] flg=0x10200000 cmp=com.yealink.uc.android/.StartActivity bnds=[827,983][995,1151] (has extras)} from uid 10018 on display 0
09-27 14:17:55.627 W/MiuiPerfServiceClient( 3565): interceptAndQueuing:32759|com.yealink.uc.android|181|181|unknown|null|com.yealink.uc.android/com.yealink.uc.android.login.LoginActivity|88165526070029|Slow bitmap uploads|1
09-27 14:17:56.318 W/BaseMiuiPhoneWindowManager( 1851): keyCode:3 down:true eventTime:88166563 downTime:88166563 policyFlags:22000002 flags:48 deviceId:6 isScreenOn:true keyguardActive:false repeatCount:0
09-27 14:17:56.381 W/BaseMiuiPhoneWindowManager( 1851): keyCode:3 down:false eventTime:88166626 downTime:88166563 policyFlags:22000002 flags:48 deviceId:6 isScreenOn:true keyguardActive:false repeatCount:0
09-27 14:17:56.391 I/ActivityManager( 1851): START u0 {act=android.intent.action.MAIN cat=[android.intent.category.HOME] flg=0x10200000 cmp=com.miui.home/.launcher.Launcher (has extras)} from uid 1000 on display 0
09-27 14:17:57.225 I/ActivityManager( 1851): START u0 {act=android.intent.action.MAIN cat=[android.intent.category.LAUNCHER] flg=0x10200000 cmp=com.yealink.uc.android.alpha/com.yealink.uc.android.StartActivity bnds=[83,1277][251,1445] (has extras)} from uid 10018 on display 0
09-27 14:17:58.382 I/ActivityManager( 1851): START u0 {cmp=com.yealink.uc.android.alpha/com.yealink.uc.android.login.LoginActivity (has extras)} from uid 10231 on display 0
09-27 14:17:58.445 W/MiuiPerfServiceClient( 3565): interceptAndQueuing:32156|com.yealink.uc.android.alpha|179|179|unknown|null|com.yealink.uc.android.alpha/com.yealink.uc.android.login.WelcomeActivity|88167725770757|Slow bitmap uploads|1
09-27 14:17:59.511 W/MiuiPerfServiceClient( 3565): interceptAndQueuing:32156|com.yealink.uc.android.alpha|258|229|unknown|null|com.yealink.uc.android.alpha/com.yealink.uc.android.login.LoginActivity|88169568080912|Slow bitmap uploads|2
09-27 14:18:00.301 I/WindowManager( 1851): input method visible height changed 803
09-27 14:18:02.095 E/NetlinkEvent(  289): NetlinkEvent::FindParam(): Parameter 'TIME_NS' not found
09-27 14:18:02.095 E/NetlinkEvent(  289): NetlinkEvent::FindParam(): Parameter 'UID' not found
09-27 14:18:04.117 E/NetlinkEvent(  289): NetlinkEvent::FindParam(): Parameter 'TIME_NS' not found
09-27 14:18:04.117 E/NetlinkEvent(  289): NetlinkEvent::FindParam(): Parameter 'UID' not found
09-27 14:18:07.155 E/NetlinkEvent(  289): NetlinkEvent::FindParam(): Parameter 'TIME_NS' not found
09-27 14:18:07.155 E/NetlinkEvent(  289): NetlinkEvent::FindParam(): Parameter 'UID' not found
09-27 14:18:09.400 W/BroadcastQueueInjector( 1851): Unable to launch app com.android.quicksearchbox/10029 for broadcast Intent { act=android.search.action.SEARCHABLES_CHANGED flg=0x24000011 }: process is not permitted to  auto start
09-27 14:18:15.721 I/WindowManager( 1851): input method visible height changed 0
09-27 14:18:17.938 E/NetlinkEvent(  289): NetlinkEvent::FindParam(): Parameter 'TIME_NS' not found
09-27 14:18:17.938 E/NetlinkEvent(  289): NetlinkEvent::FindParam(): Parameter 'UID' not found
09-27 14:18:21.756 E/NetlinkEvent(  289): NetlinkEvent::FindParam(): Parameter 'TIME_NS' not found
09-27 14:18:21.757 E/NetlinkEvent(  289): NetlinkEvent::FindParam(): Parameter 'UID' not found
09-27 14:18:22.418 I/WindowManager( 1851): input method visible height changed 803
09-27 14:18:25.406 I/WindowManager( 1851): input method visible height changed 0
09-27 14:18:27.091 E/NetlinkEvent(  289): NetlinkEvent::FindParam(): Parameter 'TIME_NS' not found
09-27 14:18:27.091 E/NetlinkEvent(  289): NetlinkEvent::FindParam(): Parameter 'UID' not found
09-27 14:18:27.514 I/ActivityManager( 1851): START u0 {flg=0x4000000 cmp=com.yealink.uc.android.alpha/com.yealink.uc.android.MainActivity} from uid 10231 on display 0
09-27 14:18:29.171 W/MiuiPerfServiceClient( 3565): interceptAndQueuing:32156|com.yealink.uc.android.alpha|1195|1036|unknown|null|com.yealink.uc.android.alpha/com.yealink.uc.android.MainActivity|88199294427881|Slow main thread|4
09-27 14:18:34.169 W/MiuiPerfServiceClient( 3565): interceptAndQueuing:32156|com.yealink.uc.android.alpha|171|171|unknown|null|com.yealink.uc.android.alpha/com.yealink.uc.android.MainActivity|88204250977723|Slow handle traversal|1
09-27 14:18:34.654 I/ActivityManager( 1851): START u0 {cmp=com.yealink.uc.android.alpha/com.yealink.common.dialog.DialogActivity (has extras)} from uid 10231 on display 0
09-27 14:18:47.491 I/ActivityManager( 1851): START u0 {cmp=com.yealink.uc.android.alpha/com.yealink.uc.android.personalcenter.PersonalCenterActivity (has extras)} from uid 10231 on display 0
09-27 14:18:48.044 W/MiuiPerfServiceClient( 3565): interceptAndQueuing:32156|com.yealink.uc.android.alpha|207|153|unknown|null|com.yealink.uc.android.alpha/com.yealink.uc.android.personalcenter.PersonalCenterActivity|88218115917196|Slow main thread|3
09-27 14:18:59.805 E/NetlinkEvent(  289): NetlinkEvent::FindParam(): Parameter 'TIME_NS' not found
09-27 14:18:59.805 E/NetlinkEvent(  289): NetlinkEvent::FindParam(): Parameter 'UID' not found
09-27 14:19:11.872 I/ActivityManager( 1851): START u0 {cmp=com.yealink.uc.android.alpha/com.yealink.uc.android.personalcenter.PersonalCenterActivity (has extras)} from uid 10231 on display 0
09-27 14:19:12.296 W/MiuiPerfServiceClient( 3565): interceptAndQueuing:32156|com.yealink.uc.android.alpha|198|140|unknown|null|com.yealink.uc.android.alpha/com.yealink.uc.android.MainActivity|88242352273488|Slow main thread|3
09-27 14:19:12.939 I/ActivityManager( 1851): START u0 {cmp=com.yealink.uc.android.alpha/com.yealink.uc.android.setting.SettingActivity} from uid 10231 on display 0
09-27 14:19:13.873 E/NetlinkEvent(  289): NetlinkEvent::FindParam(): Parameter 'TIME_NS' not found
09-27 14:19:13.873 E/NetlinkEvent(  289): NetlinkEvent::FindParam(): Parameter 'UID' not found
09-27 14:19:16.906 E/NetlinkEvent(  289): NetlinkEvent::FindParam(): Parameter 'TIME_NS' not found
09-27 14:19:16.906 E/NetlinkEvent(  289): NetlinkEvent::FindParam(): Parameter 'UID' not found
09-27 14:19:17.997 E/NetlinkEvent(  289): NetlinkEvent::FindParam(): Parameter 'TIME_NS' not found
09-27 14:19:17.997 E/NetlinkEvent(  289): NetlinkEvent::FindParam(): Parameter 'UID' not found
09-27 14:19:18.638 W/MiuiPerfServiceClient( 3565): interceptAndQueuing:32156|com.yealink.uc.android.alpha|461|461|unknown|null|com.yealink.uc.android.alpha/com.yealink.uc.android.MainActivity|88248713978695|Slow main thread|1
09-27 14:19:21.415 I/ActivityManager( 1851): START u0 {cmp=com.yealink.uc.android.alpha/com.yealink.uc.android.personalcenter.PersonalCenterActivity (has extras)} from uid 10231 on display 0
09-27 14:19:22.039 W/MiuiPerfServiceClient( 3565): interceptAndQueuing:32156|com.yealink.uc.android.alpha|196|139|unknown|null|com.yealink.uc.android.alpha/com.yealink.uc.android.MainActivity|88251897240568|Slow main thread|3
09-27 14:19:26.138 I/ActivityManager( 1851): START u0 {cmp=com.yealink.uc.android.alpha/com.yealink.common.dialog.DialogActivity (has extras)} from uid 10231 on display 0
09-27 14:19:34.110 I/ActivityManager( 1851): START u0 {cmp=com.yealink.uc.android.alpha/com.yealink.common.dialog.DialogActivity (has extras)} from uid 10231 on display 0
09-27 14:19:40.220 I/ActivityManager( 1851): START u0 {cmp=com.yealink.uc.android.alpha/com.yealink.common.dialog.DialogActivity (has extras)} from uid 10231 on display 0
09-27 14:19:44.462 I/ActivityManager( 1851): START u0 {cmp=com.yealink.uc.android.alpha/com.yealink.common.dialog.DialogActivity (has extras)} from uid 10231 on display 0
09-27 14:19:48.280 I/ActivityManager( 1851): START u0 {cmp=com.yealink.uc.android.alpha/com.yealink.common.dialog.DialogActivity (has extras)} from uid 10231 on display 0
09-27 14:19:50.600 W/MiuiPerfServiceClient( 3565): interceptAndQueuing:32156|com.yealink.uc.android.alpha|156|156|unknown|null|com.yealink.uc.android.alpha/com.yealink.uc.android.MainActivity|88280522878214|Slow main thread|1
09-27 14:19:51.933 I/ActivityManager( 1851): START u0 {cmp=com.yealink.uc.android.alpha/com.yealink.common.dialog.DialogActivity (has extras)} from uid 10231 on display 0
09-27 14:19:59.451 W/BaseMiuiPhoneWindowManager( 1851): keyCode:25 down:true eventTime:88289695 downTime:88289695 policyFlags:22000000 flags:8 deviceId:3 isScreenOn:true keyguardActive:false repeatCount:0
09-27 14:20:00.395 W/BaseMiuiPhoneWindowManager( 1851): keyCode:25 down:false eventTime:88290640 downTime:88289695 policyFlags:22000000 flags:8 deviceId:3 isScreenOn:true keyguardActive:false repeatCount:0
09-27 14:20:01.760 W/BaseMiuiPhoneWindowManager( 1851): keyCode:26 down:true eventTime:88292005 downTime:88292005 policyFlags:22000000 flags:8 deviceId:3 isScreenOn:true keyguardActive:false repeatCount:0
09-27 14:20:01.805 W/BaseMiuiPhoneWindowManager( 1851): keyCode:25 down:true eventTime:88292050 downTime:88292050 policyFlags:22000000 flags:8 deviceId:3 isScreenOn:true keyguardActive:false repeatCount:0
09-27 14:20:01.891 W/MiuiPerfServiceClient( 3565): interceptAndQueuing:2731|com.android.systemui|130|122|unknown|null|com.android.systemui-Miu614160306|88290153985815|Slow main thread|2
09-27 14:20:02.323 I/ActivityManager( 1851): Start proc 1696:com.android.systemui:screenshot/1000 for service com.android.systemui/.screenshot.TakeScreenshotService
09-27 14:20:02.964 W/BaseMiuiPhoneWindowManager( 1851): keyCode:25 down:false eventTime:88293209 downTime:88292050 policyFlags:22000000 flags:8 deviceId:3 isScreenOn:true keyguardActive:false repeatCount:0
09-27 14:20:02.972 W/BaseMiuiPhoneWindowManager( 1851): keyCode:26 down:false eventTime:88293217 downTime:88292050 policyFlags:22000000 flags:8 deviceId:3 isScreenOn:true keyguardActive:false repeatCount:0
09-27 14:20:03.405 W/ContextImpl( 1696): Calling a method in the system process without a qualified user: android.app.ContextImpl.startService:1231 android.content.ContextWrapper.startService:591 com.android.systemui.screenshot.TakeScreenshotService.onBind:84 android.app.ActivityThread.handleBindService:3011 android.app.ActivityThread.access$2200:153 
09-27 14:20:03.433 W/ContextImpl( 1696): Calling a method in the system process without a qualified user: android.app.ContextImpl.sendBroadcast:773 android.content.ContextWrapper.sendBroadcast:406 com.android.systemui.screenshot.StatHelper.recordCountEvent:60 com.android.systemui.screenshot.StatHelper.recordCountEvent:41 com.android.systemui.screenshot.TakeScreenshotService$1.handleMessage:46 
09-27 14:20:03.438 W/ContextImpl( 1696): Calling a method in the system process without a qualified user: android.app.ContextImpl.sendBroadcast:773 android.content.ContextWrapper.sendBroadcast:406 com.android.systemui.screenshot.GlobalScreenshot.beforeTakeScreenshot:1030 com.android.systemui.screenshot.TakeScreenshotService$1.handleMessage:47 android.os.Handler.dispatchMessage:102 
09-27 14:20:03.450 I/ActivityManager( 1851): Start proc 1720:com.miui.gallery/u0a21 for broadcast com.miui.gallery/.receiver.StatReceiver
09-27 14:20:03.768 W/ContextImpl( 1696): Calling a method in the system process without a qualified user: android.app.ContextImpl.sendBroadcast:773 android.content.ContextWrapper.sendBroadcast:406 com.android.systemui.screenshot.GlobalScreenshot.afterTakeScreenshot:1036 com.android.systemui.screenshot.GlobalScreenshot.takeScreenshot:656 com.android.systemui.screenshot.TakeScreenshotService$1.handleMessage:76 
09-27 14:20:04.656 I/ActivityManager( 1851): Killing 31698:com.miui.securitycenter/1000 (adj 15): empty #17
09-27 14:20:04.866 E/libprocessgroup( 1851): failed to kill 1 processes for processgroup 31698
09-27 14:20:07.941 W/ContextImpl( 1696): Calling a method in the system process without a qualified user: android.app.ContextImpl.sendBroadcast:773 android.content.ContextWrapper.sendBroadcast:406 com.android.systemui.screenshot.StatHelper.recordCountEvent:60 com.android.systemui.screenshot.StatHelper.recordCountEvent:47 com.android.systemui.screenshot.GlobalScreenshot$3.run:333 
09-27 14:20:11.601 I/ActivityManager( 1851): Process com.qualcomm.telephony (pid 24102) has died: cch+6S 
09-27 14:20:11.601 W/ActivityManager( 1851): Scheduling restart of crashed service com.qualcomm.fastdormancy/.FastDormancyService in 1000ms
09-27 14:20:11.609 I/ActivityManager( 1851): Process com.miui.guardprovider (pid 30654) has died: cch+6CE
09-27 14:20:11.645 I/ActivityManager( 1851): Process com.xiaomi.location.fused (pid 22088) has died: cch+6S 
09-27 14:20:11.646 W/ActivityManager( 1851): Scheduling restart of crashed service com.xiaomi.location.fused/.FusedLocationService in 10956ms
09-27 14:20:11.662 I/ActivityManager( 1851): Process com.android.thememanager (pid 20772) has died: cch+6S 
09-27 14:20:11.663 I/AutoStartManagerService( 1851): MIUILOG- Reject RestartService packageName :com.android.thememanager uid : 9801
09-27 14:20:11.663 I/AutoStartManagerService( 1851): MIUILOG- Reject RestartService packageName :com.android.thememanager uid : 9801
09-27 14:20:11.663 I/AutoStartManagerService( 1851): MIUILOG- Reject RestartService packageName :com.android.thememanager uid : 9801
09-27 14:20:11.812 E/libprocessgroup( 1851): failed to kill 1 processes for processgroup 24102
09-27 14:20:12.625 I/ActivityManager( 1851): Start proc 1795:com.qualcomm.telephony/1000 for service com.qualcomm.fastdormancy/.FastDormancyService
09-27 14:20:13.084 W/ContextImpl( 1795): Calling a method in the system process without a qualified user: android.app.ContextImpl.startService:1231 android.content.ContextWrapper.startService:591 com.qualcomm.qcrilhook.QcRilHook.<init>:102 com.qualcomm.qcrilhook.QcRilHook.<init>:89 com.qualcomm.fastdormancy.FastDormancyService.onCreate:256 
09-27 14:20:13.088 W/ContextImpl( 1795): Calling a method in the system process without a qualified user: android.app.ContextImpl.bindService:1295 android.content.ContextWrapper.bindService:614 com.qualcomm.qcrilhook.QcRilHook.<init>:104 com.qualcomm.qcrilhook.QcRilHook.<init>:89 com.qualcomm.fastdormancy.FastDormancyService.onCreate:256 
09-27 14:20:21.161 I/ActivityManager( 1851): START u0 {cmp=com.yealink.uc.android.alpha/com.yealink.uc.android.personalcenter.PersonalCenterActivity (has extras)} from uid 10231 on display 0
09-27 14:20:21.631 W/MiuiPerfServiceClient( 3565): interceptAndQueuing:32156|com.yealink.uc.android.alpha|255|146|unknown|null|com.yealink.uc.android.alpha/com.yealink.uc.android.MainActivity|88311684112629|Slow main thread|3
09-27 14:20:22.297 I/ActivityManager( 1851): START u0 {cmp=com.yealink.uc.android.alpha/com.yealink.uc.android.setting.SettingActivity} from uid 10231 on display 0
09-27 14:20:22.645 I/ActivityManager( 1851): Start proc 1823:com.xiaomi.location.fused/1000 for service com.xiaomi.location.fused/.FusedLocationService
09-27 14:20:24.843 I/ActivityManager( 1851): START u0 {cmp=com.yealink.uc.android.alpha/com.yealink.common.dialog.DialogActivity (has extras)} from uid 10231 on display 0
09-27 14:20:25.124 I/ActivityManager( 1851): START u0 {flg=0x10000000 cmp=com.yealink.uc.android.alpha/com.yealink.uc.android.login.LoginActivity (has extras)} from uid 10231 on display 0
09-27 14:20:25.149 W/ActivityManager( 1851): Duplicate finish request for ActivityRecord{e2b337 u0 com.yealink.uc.android.alpha/com.yealink.common.dialog.DialogActivity t1265 f}
09-27 14:20:26.495 W/MiuiPerfServiceClient( 3565): interceptAndQueuing:32156|com.yealink.uc.android.alpha|239|205|unknown|null|com.yealink.uc.android.alpha/com.yealink.uc.android.login.LoginActivity|88316237346898|Slow bitmap uploads|2
09-27 14:20:27.430 I/ActivityManager( 1851): START u0 {flg=0x4000000 cmp=com.yealink.uc.android.alpha/com.yealink.uc.android.MainActivity} from uid 10231 on display 0
09-27 14:20:29.235 W/MiuiPerfServiceClient( 3565): interceptAndQueuing:32156|com.yealink.uc.android.alpha|397|339|unknown|null|com.yealink.uc.android.alpha/com.yealink.uc.android.MainActivity|88318244456637|Slow main thread|2
09-27 14:20:31.571 W/MiuiPerfServiceClient( 3565): interceptAndQueuing:32156|com.yealink.uc.android.alpha|847|279|unknown|null|com.yealink.uc.android.alpha/com.yealink.uc.android.MainActivity|88321617521375|Slow handle traversal|11
09-27 14:20:31.863 W/MiuiPerfServiceClient( 3565): interceptAndQueuing:32156|com.yealink.uc.android.alpha|300|119|unknown|null|com.yealink.uc.android.alpha/com.yealink.uc.android.MainActivity|88322011126219|Slow handle traversal|5
09-27 14:20:35.035 I/UsageStatsService( 1851): User[0] Flushing usage stats to disk
09-27 14:20:35.114 I/UsageStatsHourlyHelper( 1851): User[0] Flushing usage hourly stats to disk
09-27 14:20:37.539 I/ActivityManager( 1851): START u0 {cmp=com.yealink.uc.android.alpha/com.yealink.common.dialog.DialogActivity (has extras)} from uid 10231 on display 0
09-27 14:20:38.067 I/AutoStartManagerService( 1851): MIUILOG- Reject service :Intent { act=android.content.SyncAdapter cmp=com.wandoujia.phoenix2/com.pp.assistant.worker.AccountSyncService (has extras) } userId : 0 uid : 10121
09-27 14:20:39.913 W/MiuiPerfServiceClient( 3565): interceptAndQueuing:32156|com.yealink.uc.android.alpha|595|511|unknown|null|com.yealink.uc.android.alpha/com.yealink.uc.android.MainActivity|88330001328404|Slow main thread|2
09-27 14:20:42.576 I/ActivityManager( 1851): START u0 {cmp=com.yealink.uc.android.alpha/com.yealink.common.dialog.DialogActivity (has extras)} from uid 10231 on display 0
09-27 14:20:48.555 I/ActivityManager( 1851): START u0 {cmp=com.yealink.uc.android.alpha/com.yealink.common.dialog.DialogActivity (has extras)} from uid 10231 on display 0
09-27 14:20:52.260 I/ActivityManager( 1851): START u0 {cmp=com.yealink.uc.android.alpha/com.yealink.common.dialog.DialogActivity (has extras)} from uid 10231 on display 0
09-27 14:20:57.278 I/ActivityManager( 1851): START u0 {cmp=com.yealink.uc.android.alpha/com.yealink.common.dialog.DialogActivity (has extras)} from uid 10231 on display 0
09-27 14:21:01.991 I/ActivityManager( 1851): START u0 {cmp=com.yealink.uc.android.alpha/com.yealink.common.dialog.DialogActivity (has extras)} from uid 10231 on display 0
09-27 14:21:05.479 I/ActivityManager( 1851): START u0 {cmp=com.yealink.uc.android.alpha/com.yealink.common.dialog.DialogActivity (has extras)} from uid 10231 on display 0
09-27 14:21:09.032 I/ActivityManager( 1851): START u0 {cmp=com.yealink.uc.android.alpha/com.yealink.common.dialog.DialogActivity (has extras)} from uid 10231 on display 0
09-27 14:21:12.432 I/ActivityManager( 1851): START u0 {cmp=com.yealink.uc.android.alpha/com.yealink.common.dialog.DialogActivity (has extras)} from uid 10231 on display 0
09-27 14:21:12.480 W/MiuiPerfServiceClient( 3565): interceptAndQueuing:32156|com.yealink.uc.android.alpha|1088|1081|unknown|null|com.yealink.uc.android.alpha/com.yealink.uc.android.MainActivity|88362267217141|Slow main thread|2
09-27 14:21:14.594 W/MiuiPerfServiceClient( 3565): interceptAndQueuing:32156|com.yealink.uc.android.alpha|187|183|unknown|null|com.yealink.uc.android.alpha/com.yealink.uc.android.MainActivity|88364475997245|Slow main thread|2
09-27 14:21:15.661 I/ActivityManager( 1851): START u0 {cmp=com.yealink.uc.android.alpha/com.yealink.common.dialog.DialogActivity (has extras)} from uid 10231 on display 0
09-27 14:21:18.457 W/MiuiPerfServiceClient( 3565): interceptAndQueuing:32156|com.yealink.uc.android.alpha|374|374|unknown|null|com.yealink.uc.android.alpha/com.yealink.uc.android.MainActivity|88367518299847|Slow main thread|1
09-27 14:21:19.176 W/MiuiPerfServiceClient( 3565): interceptAndQueuing:32156|com.yealink.uc.android.alpha|935|935|unknown|null|com.yealink.uc.android.alpha/com.yealink.uc.android.MainActivity|88368701084690|Slow main thread|1
09-27 14:21:19.238 I/ActivityManager( 1851): START u0 {cmp=com.yealink.uc.android.alpha/com.yealink.common.dialog.DialogActivity (has extras)} from uid 10231 on display 0
09-27 14:21:31.975 E/NetlinkEvent(  289): NetlinkEvent::FindParam(): Parameter 'TIME_NS' not found
09-27 14:21:31.975 E/NetlinkEvent(  289): NetlinkEvent::FindParam(): Parameter 'UID' not found
09-27 14:21:33.937 E/NetlinkEvent(  289): NetlinkEvent::FindParam(): Parameter 'TIME_NS' not found
09-27 14:21:33.937 E/NetlinkEvent(  289): NetlinkEvent::FindParam(): Parameter 'UID' not found
09-27 14:21:36.995 E/NetlinkEvent(  289): NetlinkEvent::FindParam(): Parameter 'TIME_NS' not found
09-27 14:21:36.995 E/NetlinkEvent(  289): NetlinkEvent::FindParam(): Parameter 'UID' not found
09-27 14:21:38.947 E/NetlinkEvent(  289): NetlinkEvent::FindParam(): Parameter 'TIME_NS' not found
09-27 14:21:38.947 E/NetlinkEvent(  289): NetlinkEvent::FindParam(): Parameter 'UID' not found
09-27 14:21:42.009 E/NetlinkEvent(  289): NetlinkEvent::FindParam(): Parameter 'TIME_NS' not found
09-27 14:21:42.009 E/NetlinkEvent(  289): NetlinkEvent::FindParam(): Parameter 'UID' not found
09-27 14:21:43.966 E/NetlinkEvent(  289): NetlinkEvent::FindParam(): Parameter 'TIME_NS' not found
09-27 14:21:43.966 E/NetlinkEvent(  289): NetlinkEvent::FindParam(): Parameter 'UID' not found
09-27 14:21:46.744 W/ActivityManager( 1851): cann't getContentProviderImpl: com.miui.whetstone, cpi is null. 
09-27 14:21:46.745 E/ActivityThread( 9997): Failed to find provider info for com.miui.whetstone
09-27 14:21:47.245 E/NetlinkEvent(  289): NetlinkEvent::FindParam(): Parameter 'TIME_NS' not found
09-27 14:21:47.245 E/NetlinkEvent(  289): NetlinkEvent::FindParam(): Parameter 'UID' not found
09-27 14:21:48.832 E/NetlinkEvent(  289): NetlinkEvent::FindParam(): Parameter 'TIME_NS' not found
09-27 14:21:48.832 E/NetlinkEvent(  289): NetlinkEvent::FindParam(): Parameter 'UID' not found
09-27 14:21:51.835 E/NetlinkEvent(  289): NetlinkEvent::FindParam(): Parameter 'TIME_NS' not found
09-27 14:21:51.835 E/NetlinkEvent(  289): NetlinkEvent::FindParam(): Parameter 'UID' not found
09-27 14:21:53.202 E/NetlinkEvent(  289): NetlinkEvent::FindParam(): Parameter 'TIME_NS' not found
09-27 14:21:53.202 E/NetlinkEvent(  289): NetlinkEvent::FindParam(): Parameter 'UID' not found
09-27 14:21:56.945 E/NetlinkEvent(  289): NetlinkEvent::FindParam(): Parameter 'TIME_NS' not found
09-27 14:21:56.946 E/NetlinkEvent(  289): NetlinkEvent::FindParam(): Parameter 'UID' not found
09-27 14:21:57.237 E/NetlinkEvent(  289): NetlinkEvent::FindParam(): Parameter 'TIME_NS' not found
09-27 14:21:57.237 E/NetlinkEvent(  289): NetlinkEvent::FindParam(): Parameter 'UID' not found
09-27 14:22:00.048 W/ProcessCpuTracker( 1851): Skipping unknown process pid 2437
09-27 14:22:00.048 W/ProcessCpuTracker( 1851): Skipping unknown process pid 2438
09-27 14:22:00.049 W/ProcessCpuTracker( 1851): Skipping unknown process pid 2440
09-27 14:22:00.049 W/ProcessCpuTracker( 1851): Skipping unknown process pid 2441
09-27 14:22:00.049 W/ProcessCpuTracker( 1851): Skipping unknown process pid 2442
09-27 14:22:00.063 I/ActivityManager( 1851): START u0 {cmp=com.yealink.uc.android.alpha/com.yealink.uc.android.personalcenter.PersonalCenterActivity (has extras)} from uid 10231 on display 0
09-27 14:22:00.535 W/MiuiPerfServiceClient( 3565): interceptAndQueuing:32156|com.yealink.uc.android.alpha|258|135|unknown|null|com.yealink.uc.android.alpha/com.yealink.uc.android.MainActivity|88410608096653|Slow main thread|5
09-27 14:22:01.003 I/ActivityManager( 1851): START u0 {cmp=com.yealink.uc.android.alpha/com.yealink.uc.android.setting.SettingActivity} from uid 10231 on display 0
09-27 14:22:02.200 W/MiuiPerfServiceClient( 3565): interceptAndQueuing:32156|com.yealink.uc.android.alpha|496|282|unknown|null|com.yealink.uc.android.alpha/com.yealink.uc.android.personalcenter.PersonalCenterActivity|88411434727955|Slow main thread|8
09-27 14:22:05.901 I/ActivityManager( 1851): START u0 {cmp=com.yealink.uc.android.alpha/com.yealink.common.dialog.DialogActivity (has extras)} from uid 10231 on display 0
09-27 14:22:07.981 W/MiuiPerfServiceClient( 3565): interceptAndQueuing:32156|com.yealink.uc.android.alpha|195|176|unknown|null|com.yealink.uc.android.alpha/com.yealink.uc.android.MainActivity|88417701943891|Slow handle traversal|2
09-27 14:22:11.950 I/ActivityManager( 1851): START u0 {cmp=com.yealink.uc.android.alpha/com.yealink.common.dialog.DialogActivity (has extras)} from uid 10231 on display 0
09-27 14:22:11.991 W/MiuiPerfServiceClient( 3565): interceptAndQueuing:32156|com.yealink.uc.android.alpha|99|54|unknown|null|com.yealink.uc.android.alpha/com.yealink.uc.android.MainActivity|88421609421702|Slow handle traversal|2
09-27 14:22:11.991 W/MiuiPerfServiceClient( 3565): interceptAndQueuing:32156|com.yealink.uc.android.alpha|471|64|unknown|null|com.yealink.uc.android.alpha/com.yealink.uc.android.MainActivity|88422115231858|Slow handle traversal|12
09-27 14:22:13.101 W/MiuiPerfServiceClient( 3565): interceptAndQueuing:32156|com.yealink.uc.android.alpha|290|61|unknown|null|com.yealink.uc.android.alpha/com.yealink.uc.android.MainActivity|88422891961805|Slow handle traversal|6
09-27 14:22:14.367 W/MiuiPerfServiceClient( 3565): interceptAndQueuing:32156|com.yealink.uc.android.alpha|840|63|unknown|null|com.yealink.uc.android.alpha/com.yealink.uc.android.MainActivity|88424131244930|Slow handle traversal|20
09-27 14:22:16.853 I/ActivityManager( 1851): START u0 {cmp=com.yealink.uc.android.alpha/com.yealink.common.dialog.DialogActivity (has extras)} from uid 10231 on display 0
09-27 14:22:20.844 I/ActivityManager( 1851): START u0 {cmp=com.yealink.uc.android.alpha/com.yealink.common.dialog.DialogActivity (has extras)} from uid 10231 on display 0
09-27 14:22:21.192 W/MiuiPerfServiceClient( 3565): interceptAndQueuing:32156|com.yealink.uc.android.alpha|164|65|unknown|null|com.yealink.uc.android.alpha/com.yealink.uc.android.MainActivity|88431283377115|Slow handle traversal|4
09-27 14:22:25.448 I/ActivityManager( 1851): START u0 {cmp=com.yealink.uc.android.alpha/com.yealink.common.dialog.DialogActivity (has extras)} from uid 10231 on display 0
09-27 14:22:29.747 I/ActivityManager( 1851): START u0 {cmp=com.yealink.uc.android.alpha/com.yealink.common.dialog.DialogActivity (has extras)} from uid 10231 on display 0
09-27 14:22:33.317 I/ActivityManager( 1851): START u0 {cmp=com.yealink.uc.android.alpha/com.yealink.common.dialog.DialogActivity (has extras)} from uid 10231 on display 0
09-27 14:22:38.776 W/MiuiPerfServiceClient( 3565): interceptAndQueuing:32156|com.yealink.uc.android.alpha|724|365|unknown|null|com.yealink.uc.android.alpha/com.yealink.uc.android.MainActivity|88448177442265|Slow main thread|6
09-27 14:22:39.906 I/ActivityManager( 1851): START u0 {cmp=com.yealink.uc.android.alpha/com.yealink.common.dialog.DialogActivity (has extras)} from uid 10231 on display 0
09-27 14:22:44.796 I/ActivityManager( 1851): START u0 {cmp=com.yealink.uc.android.alpha/com.yealink.common.dialog.DialogActivity (has extras)} from uid 10231 on display 0
09-27 14:22:47.539 W/MiuiPerfServiceClient( 3565): interceptAndQueuing:32156|com.yealink.uc.android.alpha|188|182|unknown|null|com.yealink.uc.android.alpha/com.yealink.uc.android.MainActivity|88456754636949|Slow main thread|2
09-27 14:22:48.387 I/ActivityManager( 1851): START u0 {cmp=com.yealink.uc.android.alpha/com.yealink.common.dialog.DialogActivity (has extras)} from uid 10231 on display 0
09-27 14:22:51.159 W/MiuiPerfServiceClient( 3565): interceptAndQueuing:32156|com.yealink.uc.android.alpha|165|165|unknown|null|com.yealink.uc.android.alpha/com.yealink.uc.android.MainActivity|88460379757416|Slow main thread|1
09-27 14:22:51.809 I/ActivityManager( 1851): START u0 {cmp=com.yealink.uc.android.alpha/com.yealink.common.dialog.DialogActivity (has extras)} from uid 10231 on display 0
09-27 14:22:55.030 I/ActivityManager( 1851): START u0 {cmp=com.yealink.uc.android.alpha/com.yealink.common.dialog.DialogActivity (has extras)} from uid 10231 on display 0
09-27 14:22:57.006 W/MiuiPerfServiceClient( 3565): interceptAndQueuing:32156|com.yealink.uc.android.alpha|302|235|unknown|null|com.yealink.uc.android.alpha/com.yealink.uc.android.MainActivity|88467119902308|Slow main thread|2
09-27 14:22:58.713 I/ActivityManager( 1851): START u0 {cmp=com.yealink.uc.android.alpha/com.yealink.common.dialog.DialogActivity (has extras)} from uid 10231 on display 0
09-27 14:23:02.931 I/ActivityManager( 1851): START u0 {cmp=com.yealink.uc.android.alpha/com.yealink.common.dialog.DialogActivity (has extras)} from uid 10231 on display 0
09-27 14:23:06.755 I/ActivityManager( 1851): START u0 {cmp=com.yealink.uc.android.alpha/com.yealink.uc.android.personalcenter.PersonalCenterActivity (has extras)} from uid 10231 on display 0
09-27 14:23:07.263 W/MiuiPerfServiceClient( 3565): interceptAndQueuing:32156|com.yealink.uc.android.alpha|264|198|unknown|null|com.yealink.uc.android.alpha/com.yealink.uc.android.MainActivity|88477313387566|Slow main thread|3
09-27 14:23:07.647 I/ActivityManager( 1851): START u0 {cmp=com.yealink.uc.android.alpha/com.yealink.uc.android.setting.SettingActivity} from uid 10231 on display 0
09-27 14:23:11.014 I/ActivityManager( 1851): START u0 {cmp=com.yealink.uc.android.alpha/com.yealink.common.dialog.DialogActivity (has extras)} from uid 10231 on display 0
09-27 14:23:15.739 I/ActivityManager( 1851): START u0 {cmp=com.yealink.uc.android.alpha/com.yealink.common.dialog.DialogActivity (has extras)} from uid 10231 on display 0
09-27 14:23:19.627 I/ActivityManager( 1851): START u0 {cmp=com.yealink.uc.android.alpha/com.yealink.common.dialog.DialogActivity (has extras)} from uid 10231 on display 0
09-27 14:23:25.156 I/ActivityManager( 1851): START u0 {cmp=com.yealink.uc.android.alpha/com.yealink.common.dialog.DialogActivity (has extras)} from uid 10231 on display 0
09-27 14:23:29.233 W/MiuiPerfServiceClient( 3565): interceptAndQueuing:32156|com.yealink.uc.android.alpha|1105|1100|unknown|null|com.yealink.uc.android.alpha/com.yealink.uc.android.MainActivity|88498046905735|Slow main thread|2
09-27 14:23:29.550 I/ActivityManager( 1851): START u0 {cmp=com.yealink.uc.android.alpha/com.yealink.common.dialog.DialogActivity (has extras)} from uid 10231 on display 0
09-27 14:23:32.057 W/MiuiPerfServiceClient( 3565): interceptAndQueuing:32156|com.yealink.uc.android.alpha|167|167|unknown|null|com.yealink.uc.android.alpha/com.yealink.uc.android.MainActivity|88502064629222|Slow main thread|1
09-27 14:23:39.285 E/NetlinkEvent(  289): NetlinkEvent::FindParam(): Parameter 'TIME_NS' not found
09-27 14:23:39.285 E/NetlinkEvent(  289): NetlinkEvent::FindParam(): Parameter 'UID' not found
09-27 14:23:39.886 E/NetlinkEvent(  289): NetlinkEvent::FindParam(): Parameter 'TIME_NS' not found
09-27 14:23:39.886 E/NetlinkEvent(  289): NetlinkEvent::FindParam(): Parameter 'UID' not found
09-27 14:23:42.945 E/NetlinkEvent(  289): NetlinkEvent::FindParam(): Parameter 'TIME_NS' not found
09-27 14:23:42.945 E/NetlinkEvent(  289): NetlinkEvent::FindParam(): Parameter 'UID' not found
09-27 14:23:44.899 E/NetlinkEvent(  289): NetlinkEvent::FindParam(): Parameter 'TIME_NS' not found
09-27 14:23:44.899 E/NetlinkEvent(  289): NetlinkEvent::FindParam(): Parameter 'UID' not found
09-27 14:23:47.957 E/NetlinkEvent(  289): NetlinkEvent::FindParam(): Parameter 'TIME_NS' not found
09-27 14:23:47.957 E/NetlinkEvent(  289): NetlinkEvent::FindParam(): Parameter 'UID' not found
09-27 14:23:49.926 E/NetlinkEvent(  289): NetlinkEvent::FindParam(): Parameter 'TIME_NS' not found
09-27 14:23:49.926 E/NetlinkEvent(  289): NetlinkEvent::FindParam(): Parameter 'UID' not found
09-27 14:23:52.935 E/NetlinkEvent(  289): NetlinkEvent::FindParam(): Parameter 'TIME_NS' not found
09-27 14:23:52.935 E/NetlinkEvent(  289): NetlinkEvent::FindParam(): Parameter 'UID' not found
09-27 14:23:54.939 E/NetlinkEvent(  289): NetlinkEvent::FindParam(): Parameter 'TIME_NS' not found
09-27 14:23:54.939 E/NetlinkEvent(  289): NetlinkEvent::FindParam(): Parameter 'UID' not found
09-27 14:23:57.966 E/NetlinkEvent(  289): NetlinkEvent::FindParam(): Parameter 'TIME_NS' not found
09-27 14:23:57.966 E/NetlinkEvent(  289): NetlinkEvent::FindParam(): Parameter 'UID' not found
09-27 14:23:59.963 E/NetlinkEvent(  289): NetlinkEvent::FindParam(): Parameter 'TIME_NS' not found
09-27 14:23:59.963 E/NetlinkEvent(  289): NetlinkEvent::FindParam(): Parameter 'UID' not found
09-27 14:24:02.995 E/NetlinkEvent(  289): NetlinkEvent::FindParam(): Parameter 'TIME_NS' not found
09-27 14:24:02.996 E/NetlinkEvent(  289): NetlinkEvent::FindParam(): Parameter 'UID' not found
09-27 14:24:03.531 E/NetlinkEvent(  289): NetlinkEvent::FindParam(): Parameter 'TIME_NS' not found
09-27 14:24:03.532 E/NetlinkEvent(  289): NetlinkEvent::FindParam(): Parameter 'UID' not found
09-27 14:24:07.995 E/NetlinkEvent(  289): NetlinkEvent::FindParam(): Parameter 'TIME_NS' not found
09-27 14:24:07.996 E/NetlinkEvent(  289): NetlinkEvent::FindParam(): Parameter 'UID' not found
09-27 14:24:09.897 E/NetlinkEvent(  289): NetlinkEvent::FindParam(): Parameter 'TIME_NS' not found
09-27 14:24:09.897 E/NetlinkEvent(  289): NetlinkEvent::FindParam(): Parameter 'UID' not found
09-27 14:24:12.925 E/NetlinkEvent(  289): NetlinkEvent::FindParam(): Parameter 'TIME_NS' not found
09-27 14:24:12.926 E/NetlinkEvent(  289): NetlinkEvent::FindParam(): Parameter 'UID' not found
09-27 14:24:14.853 E/NetlinkEvent(  289): NetlinkEvent::FindParam(): Parameter 'TIME_NS' not found
09-27 14:24:14.853 E/NetlinkEvent(  289): NetlinkEvent::FindParam(): Parameter 'UID' not found
09-27 14:24:17.915 E/NetlinkEvent(  289): NetlinkEvent::FindParam(): Parameter 'TIME_NS' not found
09-27 14:24:17.916 E/NetlinkEvent(  289): NetlinkEvent::FindParam(): Parameter 'UID' not found
09-27 14:24:19.926 E/NetlinkEvent(  289): NetlinkEvent::FindParam(): Parameter 'TIME_NS' not found
09-27 14:24:19.926 E/NetlinkEvent(  289): NetlinkEvent::FindParam(): Parameter 'UID' not found
09-27 14:24:22.966 E/NetlinkEvent(  289): NetlinkEvent::FindParam(): Parameter 'TIME_NS' not found
09-27 14:24:22.966 E/NetlinkEvent(  289): NetlinkEvent::FindParam(): Parameter 'UID' not found
09-27 14:24:24.831 E/NetlinkEvent(  289): NetlinkEvent::FindParam(): Parameter 'TIME_NS' not found
09-27 14:24:24.832 E/NetlinkEvent(  289): NetlinkEvent::FindParam(): Parameter 'UID' not found
09-27 14:24:25.933 I/ActivityManager( 1851): START u0 {cmp=com.yealink.uc.android.alpha/com.yealink.uc.android.personalcenter.PersonalCenterActivity (has extras)} from uid 10231 on display 0
09-27 14:24:26.883 I/ActivityManager( 1851): START u0 {cmp=com.yealink.uc.android.alpha/com.yealink.uc.android.setting.SettingActivity} from uid 10231 on display 0
09-27 14:24:28.060 W/MiuiPerfServiceClient( 3565): interceptAndQueuing:32156|com.yealink.uc.android.alpha|278|85|unknown|null|com.yealink.uc.android.alpha/com.yealink.uc.android.personalcenter.PersonalCenterActivity|88557352175296|Slow main thread|9
09-27 14:24:29.806 W/MiuiPerfServiceClient( 3565): interceptAndQueuing:32156|com.yealink.uc.android.alpha|168|168|unknown|null|com.yealink.uc.android.alpha/com.yealink.uc.android.MainActivity|88559749106336|Slow main thread|1
09-27 14:24:33.941 I/ActivityManager( 1851): START u0 {cmp=com.yealink.uc.android.alpha/com.yealink.uc.android.personalcenter.PersonalCenterActivity (has extras)} from uid 10231 on display 0
09-27 14:24:35.040 I/ActivityManager( 1851): START u0 {cmp=com.yealink.uc.android.alpha/com.yealink.uc.android.setting.SettingActivity} from uid 10231 on display 0
09-27 14:24:35.041 W/MiuiPerfServiceClient( 3565): interceptAndQueuing:32156|com.yealink.uc.android.alpha|206|127|unknown|null|com.yealink.uc.android.alpha/com.yealink.uc.android.MainActivity|88564428808418|Slow main thread|4
09-27 14:24:37.133 I/ActivityManager( 1851): START u0 {cmp=com.yealink.uc.android.alpha/com.yealink.common.dialog.DialogActivity (has extras)} from uid 10231 on display 0
09-27 14:24:37.349 I/ActivityManager( 1851): START u0 {flg=0x10000000 cmp=com.yealink.uc.android.alpha/com.yealink.uc.android.login.LoginActivity (has extras)} from uid 10231 on display 0
09-27 14:24:37.370 W/ActivityManager( 1851): Duplicate finish request for ActivityRecord{c305ff8 u0 com.yealink.uc.android.alpha/com.yealink.common.dialog.DialogActivity t1265 f}
09-27 14:24:39.017 W/MiuiPerfServiceClient( 3565): interceptAndQueuing:32156|com.yealink.uc.android.alpha|211|211|unknown|null|com.yealink.uc.android.alpha/com.yealink.uc.android.setting.SettingActivity|88567626223833|Slow main thread|1
09-27 14:24:39.031 W/MiuiPerfServiceClient( 3565): interceptAndQueuing:32156|com.yealink.uc.android.alpha|242|211|unknown|null|com.yealink.uc.android.alpha/com.yealink.uc.android.login.LoginActivity|88568765714979|Slow bitmap uploads|2
09-27 14:24:39.747 I/ActivityManager( 1851): START u0 {flg=0x4000000 cmp=com.yealink.uc.android.alpha/com.yealink.uc.android.MainActivity} from uid 10231 on display 0
09-27 14:24:40.576 W/MiuiPerfServiceClient( 3565): interceptAndQueuing:32156|com.yealink.uc.android.alpha|611|424|unknown|null|com.yealink.uc.android.alpha/com.yealink.uc.android.login.LoginActivity|88570646793780|Slow main thread|3
09-27 14:24:41.357 W/MiuiPerfServiceClient( 3565): interceptAndQueuing:32156|com.yealink.uc.android.alpha|171|150|unknown|null|com.yealink.uc.android.alpha/com.yealink.uc.android.MainActivity|88571315386280|Slow handle traversal|2
09-27 14:24:43.491 I/ActivityManager( 1851): START u0 {cmp=com.yealink.uc.android.alpha/com.yealink.common.dialog.DialogActivity (has extras)} from uid 10231 on display 0
09-27 14:24:44.549 W/MiuiPerfServiceClient( 3565): interceptAndQueuing:32156|com.yealink.uc.android.alpha|624|187|unknown|null|com.yealink.uc.android.alpha/com.yealink.uc.android.MainActivity|88574389709664|Slow handle traversal|10
09-27 14:24:44.930 W/MiuiPerfServiceClient( 3565): interceptAndQueuing:32156|com.yealink.uc.android.alpha|305|53|unknown|null|com.yealink.uc.android.alpha/com.yealink.uc.android.MainActivity|88575045292685|Slow handle traversal|8
09-27 14:24:45.788 W/MiuiPerfServiceClient( 3565): interceptAndQueuing:32156|com.yealink.uc.android.alpha|204|154|unknown|null|com.yealink.uc.android.alpha/com.yealink.uc.android.MainActivity|88575919016226|Slow main thread|2
09-27 14:24:47.906 I/ActivityManager( 1851): START u0 {cmp=com.yealink.uc.android.alpha/com.yealink.common.dialog.DialogActivity (has extras)} from uid 10231 on display 0
09-27 14:24:55.287 I/ActivityManager( 1851): START u0 {cmp=com.yealink.uc.android.alpha/com.yealink.common.dialog.DialogActivity (has extras)} from uid 10231 on display 0
09-27 14:24:57.095 W/MiuiPerfServiceClient( 3565): interceptAndQueuing:32156|com.yealink.uc.android.alpha|369|369|unknown|null|com.yealink.uc.android.alpha/com.yealink.uc.android.MainActivity|88586969920649|Slow main thread|1
09-27 14:24:58.656 W/MiuiPerfServiceClient( 3565): interceptAndQueuing:32156|com.yealink.uc.android.alpha|220|51|unknown|null|com.yealink.uc.android.alpha/com.yealink.uc.android.MainActivity|88588780535492|Slow handle traversal|5
09-27 14:24:58.763 I/ActivityManager( 1851): START u0 {cmp=com.yealink.uc.android.alpha/com.yealink.common.dialog.DialogActivity (has extras)} from uid 10231 on display 0
09-27 14:24:59.537 W/MiuiPerfServiceClient( 3565): interceptAndQueuing:32156|com.yealink.uc.android.alpha|274|62|unknown|null|com.yealink.uc.android.alpha/com.yealink.uc.android.MainActivity|88589575052679|Slow handle traversal|6
09-27 14:25:02.825 I/ActivityManager( 1851): START u0 {cmp=com.yealink.uc.android.alpha/com.yealink.common.dialog.DialogActivity (has extras)} from uid 10231 on display 0
09-27 14:25:03.819 W/MiuiPerfServiceClient( 3565): interceptAndQueuing:32156|com.yealink.uc.android.alpha|569|55|unknown|null|com.yealink.uc.android.alpha/com.yealink.uc.android.MainActivity|88593666867938|Slow handle traversal|16
09-27 14:25:05.290 W/MiuiPerfServiceClient( 3565): interceptAndQueuing:32156|com.yealink.uc.android.alpha|244|210|unknown|null|com.yealink.uc.android.alpha/com.yealink.uc.android.MainActivity|88594971042053|Slow main thread|2
09-27 14:25:17.895 E/NetlinkEvent(  289): NetlinkEvent::FindParam(): Parameter 'TIME_NS' not found
09-27 14:25:17.896 E/NetlinkEvent(  289): NetlinkEvent::FindParam(): Parameter 'UID' not found
09-27 14:25:19.928 E/NetlinkEvent(  289): NetlinkEvent::FindParam(): Parameter 'TIME_NS' not found
09-27 14:25:19.928 E/NetlinkEvent(  289): NetlinkEvent::FindParam(): Parameter 'UID' not found
09-27 14:25:22.275 W/MiuiPerfServiceClient( 3565): interceptAndQueuing:32156|com.yealink.uc.android.alpha|347|58|unknown|null|com.yealink.uc.android.alpha/com.yealink.uc.android.MainActivity|88602449301685|Slow handle traversal|8
09-27 14:25:22.975 E/NetlinkEvent(  289): NetlinkEvent::FindParam(): Parameter 'TIME_NS' not found
09-27 14:25:22.975 E/NetlinkEvent(  289): NetlinkEvent::FindParam(): Parameter 'UID' not found
09-27 14:25:24.944 E/NetlinkEvent(  289): NetlinkEvent::FindParam(): Parameter 'TIME_NS' not found
09-27 14:25:24.944 E/NetlinkEvent(  289): NetlinkEvent::FindParam(): Parameter 'UID' not found
09-27 14:25:25.406 I/ActivityManager( 1851): START u0 {cmp=com.yealink.uc.android.alpha/com.yealink.uc.android.personalcenter.PersonalCenterActivity (has extras)} from uid 10231 on display 0
09-27 14:25:25.506 W/ProcessCpuTracker( 1851): Skipping unknown process pid 3747
09-27 14:25:25.506 W/ProcessCpuTracker( 1851): Skipping unknown process pid 3748
09-27 14:25:25.507 W/ProcessCpuTracker( 1851): Skipping unknown process pid 3751
09-27 14:25:25.507 W/ProcessCpuTracker( 1851): Skipping unknown process pid 3752
09-27 14:25:25.507 W/ProcessCpuTracker( 1851): Skipping unknown process pid 3755
09-27 14:25:26.329 I/ActivityManager( 1851): START u0 {cmp=com.yealink.uc.android.alpha/com.yealink.uc.android.setting.SettingActivity} from uid 10231 on display 0
09-27 14:25:26.336 W/MiuiPerfServiceClient( 3565): interceptAndQueuing:32156|com.yealink.uc.android.alpha|225|133|unknown|null|com.yealink.uc.android.alpha/com.yealink.uc.android.MainActivity|88615920621420|Slow main thread|3
09-27 14:25:27.154 W/MiuiPerfServiceClient( 3565): interceptAndQueuing:32156|com.yealink.uc.android.alpha|190|72|unknown|null|com.yealink.uc.android.alpha/com.yealink.uc.android.personalcenter.PersonalCenterActivity|88616809826939|Slow main thread|3
09-27 14:25:27.995 E/NetlinkEvent(  289): NetlinkEvent::FindParam(): Parameter 'TIME_NS' not found
09-27 14:25:27.995 E/NetlinkEvent(  289): NetlinkEvent::FindParam(): Parameter 'UID' not found
09-27 14:25:28.155 E/NetlinkEvent(  289): NetlinkEvent::FindParam(): Parameter 'TIME_NS' not found
09-27 14:25:28.155 E/NetlinkEvent(  289): NetlinkEvent::FindParam(): Parameter 'UID' not found
09-27 14:25:28.215 I/ActivityManager( 1851): START u0 {cmp=com.yealink.uc.android.alpha/com.yealink.common.dialog.DialogActivity (has extras)} from uid 10231 on display 0
09-27 14:25:28.420 I/ActivityManager( 1851): START u0 {flg=0x10000000 cmp=com.yealink.uc.android.alpha/com.yealink.uc.android.login.LoginActivity (has extras)} from uid 10231 on display 0
09-27 14:25:28.443 W/ActivityManager( 1851): Duplicate finish request for ActivityRecord{c5c611e u0 com.yealink.uc.android.alpha/com.yealink.common.dialog.DialogActivity t1265 f}
09-27 14:25:29.177 W/MiuiPerfServiceClient( 3565): interceptAndQueuing:32156|com.yealink.uc.android.alpha|230|162|unknown|null|com.yealink.uc.android.alpha/com.yealink.uc.android.setting.SettingActivity|88618698731001|Slow main thread|3
09-27 14:25:29.777 W/MiuiPerfServiceClient( 3565): interceptAndQueuing:32156|com.yealink.uc.android.alpha|255|212|unknown|null|com.yealink.uc.android.alpha/com.yealink.uc.android.login.LoginActivity|88619463023970|Slow bitmap uploads|2
09-27 14:25:30.317 I/ActivityManager( 1851): START u0 {flg=0x4000000 cmp=com.yealink.uc.android.alpha/com.yealink.uc.android.MainActivity} from uid 10231 on display 0
09-27 14:25:31.056 W/MiuiPerfServiceClient( 3565): interceptAndQueuing:32156|com.yealink.uc.android.alpha|398|343|unknown|null|com.yealink.uc.android.alpha/com.yealink.uc.android.MainActivity|88621118208968|Slow main thread|2
09-27 14:25:34.976 W/MiuiPerfServiceClient( 3565): interceptAndQueuing:32156|com.yealink.uc.android.alpha|249|149|unknown|null|com.yealink.uc.android.alpha/com.yealink.uc.android.MainActivity|88624867829280|Slow handle traversal|4
09-27 14:25:34.977 W/MiuiPerfServiceClient( 3565): interceptAndQueuing:32156|com.yealink.uc.android.alpha|194|49|unknown|null|com.yealink.uc.android.alpha/com.yealink.uc.android.MainActivity|88625148735530|Slow handle traversal|5
09-27 14:25:35.792 W/MiuiPerfServiceClient( 3565): interceptAndQueuing:32156|com.yealink.uc.android.alpha|486|167|unknown|null|com.yealink.uc.android.alpha/com.yealink.uc.android.MainActivity|88625927894905|Slow handle traversal|9
09-27 14:25:43.283 I/ActivityManager( 1851): START u0 {cmp=com.yealink.uc.android.alpha/com.yealink.common.dialog.DialogActivity (has extras)} from uid 10231 on display 0
09-27 14:25:48.370 W/MiuiPerfServiceClient( 3565): interceptAndQueuing:32156|com.yealink.uc.android.alpha|1121|701|unknown|null|com.yealink.uc.android.alpha/com.yealink.uc.android.MainActivity|88637149267661|Slow main thread|2
09-27 14:25:48.695 I/ActivityManager( 1851): START u0 {cmp=com.yealink.uc.android.alpha/com.yealink.common.dialog.DialogActivity (has extras)} from uid 10231 on display 0
09-27 14:25:50.396 W/MiuiPerfServiceClient( 3565): interceptAndQueuing:32156|com.yealink.uc.android.alpha|207|207|unknown|null|com.yealink.uc.android.alpha/com.yealink.uc.android.MainActivity|88640200795369|Slow main thread|1
09-27 14:25:51.158 W/MiuiPerfServiceClient( 3565): interceptAndQueuing:32156|com.yealink.uc.android.alpha|364|340|unknown|null|com.yealink.uc.android.alpha/com.yealink.uc.android.MainActivity|88641147953128|Slow main thread|2
09-27 14:25:52.292 I/ActivityManager( 1851): START u0 {cmp=com.yealink.uc.android.alpha/com.yealink.common.dialog.DialogActivity (has extras)} from uid 10231 on display 0
09-27 14:25:55.295 I/ActivityManager( 1851): START u0 {cmp=com.yealink.uc.android.alpha/com.yealink.common.dialog.DialogActivity (has extras)} from uid 10231 on display 0
09-27 14:25:55.382 W/MiuiPerfServiceClient( 3565): interceptAndQueuing:32156|com.yealink.uc.android.alpha|1160|1136|unknown|null|com.yealink.uc.android.alpha/com.yealink.uc.android.MainActivity|88645018500209|Slow main thread|3
09-27 14:25:58.323 I/ActivityManager( 1851): START u0 {cmp=com.yealink.uc.android.alpha/com.yealink.common.dialog.DialogActivity (has extras)} from uid 10231 on display 0
09-27 14:26:00.148 W/MiuiPerfServiceClient( 3565): interceptAndQueuing:32156|com.yealink.uc.android.alpha|312|312|unknown|null|com.yealink.uc.android.alpha/com.yealink.uc.android.MainActivity|88650303587500|Slow main thread|1
09-27 14:26:00.996 I/ActivityManager( 1851): START u0 {cmp=com.yealink.uc.android.alpha/com.yealink.common.dialog.DialogActivity (has extras)} from uid 10231 on display 0
09-27 14:26:03.369 W/MiuiPerfServiceClient( 3565): interceptAndQueuing:32156|com.yealink.uc.android.alpha|194|180|unknown|null|com.yealink.uc.android.alpha/com.yealink.uc.android.MainActivity|88653326839791|Slow handle traversal|2
09-27 14:26:04.268 I/ActivityManager( 1851): START u0 {cmp=com.yealink.uc.android.alpha/com.yealink.common.dialog.DialogActivity (has extras)} from uid 10231 on display 0
09-27 14:26:08.433 W/MiuiPerfServiceClient( 3565): interceptAndQueuing:32156|com.yealink.uc.android.alpha|373|162|unknown|null|com.yealink.uc.android.alpha/com.yealink.uc.android.MainActivity|88657252056821|Slow handle traversal|4
09-27 14:26:08.437 I/ActivityManager( 1851): START u0 {cmp=com.yealink.uc.android.alpha/com.yealink.common.dialog.DialogActivity (has extras)} from uid 10231 on display 0
09-27 14:26:08.552 W/MiuiPerfServiceClient( 3565): interceptAndQueuing:32156|com.yealink.uc.android.alpha|199|169|unknown|null|com.yealink.uc.android.alpha/com.yealink.uc.android.MainActivity|88658707990153|Slow handle traversal|2
